Archive member included to satisfy reference by file (symbol)

./library/mbed-os/TARGET_NRF51822/TOOLCHAIN_GCC_ARM\libmbed.a(Serial.o)
                              build/library/main.o (mbed::Serial::Serial(PinName, PinName, char const*, int))
./library/mbed-os/TARGET_NRF51822/TOOLCHAIN_GCC_ARM\libmbed.a(Ticker.o)
                              build/library/nRF51822/TARGET_MCU_NRF51822/sdk/source/ble/common/ble_conn_params.o (mbed::Ticker::setup(unsigned long long))
./library/mbed-os/TARGET_NRF51822/TOOLCHAIN_GCC_ARM\libmbed.a(SerialBase.o)
                              ./library/mbed-os/TARGET_NRF51822/TOOLCHAIN_GCC_ARM\libmbed.a(Serial.o) (mbed::SerialBase::_base_getc())
./library/mbed-os/TARGET_NRF51822/TOOLCHAIN_GCC_ARM\libmbed.a(TimerEvent.o)
                              build/library/nRF51822/TARGET_MCU_NRF51822/sdk/source/ble/common/ble_conn_params.o (mbed::TimerEvent::TimerEvent())
./library/mbed-os/TARGET_NRF51822/TOOLCHAIN_GCC_ARM\libmbed.a(Timeout.o)
                              build/library/nRF51822/TARGET_MCU_NRF51822/source/nRF5xn.o (vtable for mbed::Timeout)
./library/mbed-os/TARGET_NRF51822/TOOLCHAIN_GCC_ARM\libmbed.a(mbed_gpio.o)
                              build/TL_BUTTON/MBED_BUTTON/Mbed_Button_Button_Mbed.o (gpio_init_in)
./library/mbed-os/TARGET_NRF51822/TOOLCHAIN_GCC_ARM\libmbed.a(mbed_pinmap_common.o)
                              ./library/mbed-os/TARGET_NRF51822/TOOLCHAIN_GCC_ARM/analogin_api.o (pinmap_peripheral)
./library/mbed-os/TARGET_NRF51822/TOOLCHAIN_GCC_ARM\libmbed.a(mbed_us_ticker_api.o)
                              ./library/mbed-os/TARGET_NRF51822/TOOLCHAIN_GCC_ARM\libmbed.a(TimerEvent.o) (get_us_ticker_data)
./library/mbed-os/TARGET_NRF51822/TOOLCHAIN_GCC_ARM\libmbed.a(mbed_ticker_api.o)
                              ./library/mbed-os/TARGET_NRF51822/TOOLCHAIN_GCC_ARM\libmbed.a(TimerEvent.o) (ticker_set_handler)
./library/mbed-os/TARGET_NRF51822/TOOLCHAIN_GCC_ARM\libmbed.a(FilePath.o)
                              ./library/mbed-os/TARGET_NRF51822/TOOLCHAIN_GCC_ARM/mbed_retarget.o (mbed::FilePath::FilePath(char const*))
./library/mbed-os/TARGET_NRF51822/TOOLCHAIN_GCC_ARM\libmbed.a(mbed_assert.o)
                              ./library/mbed-os/TARGET_NRF51822/TOOLCHAIN_GCC_ARM/analogin_api.o (mbed_assert_internal)
./library/mbed-os/TARGET_NRF51822/TOOLCHAIN_GCC_ARM\libmbed.a(Stream.o)
                              ./library/mbed-os/TARGET_NRF51822/TOOLCHAIN_GCC_ARM\libmbed.a(Serial.o) (mbed::Stream::write(void const*, unsigned int))
./library/mbed-os/TARGET_NRF51822/TOOLCHAIN_GCC_ARM\libmbed.a(mbed_critical.o)
                              ./library/mbed-os/TARGET_NRF51822/TOOLCHAIN_GCC_ARM/mbed_board.o (core_util_critical_section_enter)
./library/mbed-os/TARGET_NRF51822/TOOLCHAIN_GCC_ARM\libmbed.a(mbed_error.o)
                              ./library/mbed-os/TARGET_NRF51822/TOOLCHAIN_GCC_ARM/i2c_api.o (error)
./library/mbed-os/TARGET_NRF51822/TOOLCHAIN_GCC_ARM\libmbed.a(mbed_wait_api_no_rtos.o)
                              ./library/mbed-os/TARGET_NRF51822/TOOLCHAIN_GCC_ARM\libmbed.a(SerialBase.o) (wait_us)
./library/mbed-os/TARGET_NRF51822/TOOLCHAIN_GCC_ARM\libmbed.a(FileHandle.o)
                              ./library/mbed-os/TARGET_NRF51822/TOOLCHAIN_GCC_ARM\libmbed.a(Stream.o) (mbed::FileHandle::size())
./library/mbed-os/TARGET_NRF51822/TOOLCHAIN_GCC_ARM\libmbed.a(FileBase.o)
                              ./library/mbed-os/TARGET_NRF51822/TOOLCHAIN_GCC_ARM\libmbed.a(FilePath.o) (mbed::FileBase::getPathType())
d:/program files (x86)/gnu tools arm embedded/6 2017-q2-update/bin/../lib/gcc/arm-none-eabi/6.3.1/../../../../arm-none-eabi/lib/thumb/v6-m\libc_nano.a(lib_a-abs.o)
                              build/library/eMPL_MPU6050/inv_mpu.o (abs)
d:/program files (x86)/gnu tools arm embedded/6 2017-q2-update/bin/../lib/gcc/arm-none-eabi/6.3.1/../../../../arm-none-eabi/lib/thumb/v6-m\libc_nano.a(lib_a-errno.o)
                              ./library/mbed-os/TARGET_NRF51822/TOOLCHAIN_GCC_ARM/mbed_retarget.o (__errno)
d:/program files (x86)/gnu tools arm embedded/6 2017-q2-update/bin/../lib/gcc/arm-none-eabi/6.3.1/../../../../arm-none-eabi/lib/thumb/v6-m\libc_nano.a(lib_a-fclose.o)
                              ./library/mbed-os/TARGET_NRF51822/TOOLCHAIN_GCC_ARM\libmbed.a(Stream.o) (fclose)
d:/program files (x86)/gnu tools arm embedded/6 2017-q2-update/bin/../lib/gcc/arm-none-eabi/6.3.1/../../../../arm-none-eabi/lib/thumb/v6-m\libc_nano.a(lib_a-fflush.o)
                              d:/program files (x86)/gnu tools arm embedded/6 2017-q2-update/bin/../lib/gcc/arm-none-eabi/6.3.1/../../../../arm-none-eabi/lib/thumb/v6-m\libc_nano.a(lib_a-fclose.o) (__sflush_r)
d:/program files (x86)/gnu tools arm embedded/6 2017-q2-update/bin/../lib/gcc/arm-none-eabi/6.3.1/../../../../arm-none-eabi/lib/thumb/v6-m\libc_nano.a(lib_a-fgetc.o)
                              ./library/mbed-os/TARGET_NRF51822/TOOLCHAIN_GCC_ARM/mbed_retarget.o (fgetc)
[...]
Memory Configuration

Name             Origin             Length             Attributes
FLASH            0x0001c000         0x00024000         xr
RAM              0x20002800         0x00001800         xrw
*default*        0x00000000         0xffffffff

Linker script and memory map

LOAD d:/program files (x86)/gnu tools arm embedded/6 2017-q2-update/bin/../lib/gcc/arm-none-eabi/6.3.1/thumb/v6-m/crti.o
LOAD d:/program files (x86)/gnu tools arm embedded/6 2017-q2-update/bin/../lib/gcc/arm-none-eabi/6.3.1/thumb/v6-m/crtbegin.o
LOAD d:/program files (x86)/gnu tools arm embedded/6 2017-q2-update/bin/../lib/gcc/arm-none-eabi/6.3.1/../../../../arm-none-eabi/lib/thumb/v6-m/crt0.o
LOAD ./library/mbed-os/TARGET_NRF51822/TOOLCHAIN_GCC_ARM/analogin_api.o
LOAD ./library/mbed-os/TARGET_NRF51822/TOOLCHAIN_GCC_ARM/cmsis_nvic.o
LOAD ./library/mbed-os/TARGET_NRF51822/TOOLCHAIN_GCC_ARM/gpio_api.o
LOAD ./library/mbed-os/TARGET_NRF51822/TOOLCHAIN_GCC_ARM/gpio_irq_api.o
LOAD ./library/mbed-os/TARGET_NRF51822/TOOLCHAIN_GCC_ARM/i2c_api.o
LOAD ./library/mbed-os/TARGET_NRF51822/TOOLCHAIN_GCC_ARM/mbed_board.o
LOAD ./library/mbed-os/TARGET_NRF51822/TOOLCHAIN_GCC_ARM/mbed_retarget.o
LOAD ./library/mbed-os/TARGET_NRF51822/TOOLCHAIN_GCC_ARM/mbed_sdk_boot.o
LOAD ./library/mbed-os/TARGET_NRF51822/TOOLCHAIN_GCC_ARM/pinmap.o
LOAD ./library/mbed-os/TARGET_NRF51822/TOOLCHAIN_GCC_ARM/port_api.o
LOAD ./library/mbed-os/TARGET_NRF51822/TOOLCHAIN_GCC_ARM/pwmout_api.o
LOAD ./library/mbed-os/TARGET_NRF51822/TOOLCHAIN_GCC_ARM/serial_api.o
LOAD ./library/mbed-os/TARGET_NRF51822/TOOLCHAIN_GCC_ARM/sleep.o
LOAD ./library/mbed-os/TARGET_NRF51822/TOOLCHAIN_GCC_ARM/spi_api.o
LOAD ./library/mbed-os/TARGET_NRF51822/TOOLCHAIN_GCC_ARM/startup_NRF51822.o
LOAD ./library/mbed-os/TARGET_NRF51822/TOOLCHAIN_GCC_ARM/system_nrf51.o
LOAD ./library/mbed-os/TARGET_NRF51822/TOOLCHAIN_GCC_ARM/twi_master.o
LOAD ./library/mbed-os/TARGET_NRF51822/TOOLCHAIN_GCC_ARM/us_ticker.o
LOAD build/./sketch.o
LOAD build/TL_Accelerometer/MBED_MPU6050_Accelerometer/Mbed_MPU6050_Accelerometer_Mbed.o
LOAD build/TL_BLUETOOTH/MBED_BLUETOOTH/Mbed_Bluetooth_Bluetooth_Mbed.o
LOAD build/TL_BUTTON/MBED_BUTTON/Mbed_Button_Button_Mbed.o
LOAD build/TL_LED/MBED_LED/Mbed_Led_Led_Mbed.o
LOAD build/TL_TIME/MBED_TIME/Mbed_Time_Time_Mbed.o
LOAD build/library/BLE_API/source/BLE.o
LOAD build/library/BLE_API/source/BLEInstanceBase.o
LOAD build/library/BLE_API/source/DiscoveredCharacteristic.o
LOAD build/library/BLE_API/source/GapScanningParams.o
LOAD build/library/BLE_API/source/services/DFUService.o
LOAD build/library/BLE_API/source/services/UARTService.o
LOAD build/library/BLE_API/source/services/URIBeaconConfigService.o
LOAD build/library/eMPL_MPU6050/inv_mpu.o
LOAD build/library/eMPL_MPU6050/inv_mpu_dmp_motion_driver.o
LOAD build/library/eMPL_MPU6050/mbed_i2c.o
LOAD build/library/main.o
LOAD build/library/nRF51822/TARGET_MCU_NRF51822/sdk/source/ble/ble_radio_notification/ble_radio_notification.o
LOAD build/library/nRF51822/TARGET_MCU_NRF51822/sdk/source/ble/ble_services/ble_dfu/ble_dfu.o
LOAD build/library/nRF51822/TARGET_MCU_NRF51822/sdk/source/ble/common/ble_advdata.o
LOAD build/library/nRF51822/TARGET_MCU_NRF51822/sdk/source/ble/common/ble_conn_params.o
LOAD build/library/nRF51822/TARGET_MCU_NRF51822/sdk/source/ble/common/ble_conn_state.o
LOAD build/library/nRF51822/TARGET_MCU_NRF51822/sdk/source/ble/common/ble_srv_common.o
LOAD build/library/nRF51822/TARGET_MCU_NRF51822/sdk/source/ble/device_manager/device_manager_peripheral.o
LOAD build/library/nRF51822/TARGET_MCU_NRF51822/sdk/source/ble/peer_manager/id_manager.o
LOAD build/library/nRF51822/TARGET_MCU_NRF51822/sdk/source/ble/peer_manager/peer_data.o
LOAD build/library/nRF51822/TARGET_MCU_NRF51822/sdk/source/ble/peer_manager/peer_data_storage.o
LOAD build/library/nRF51822/TARGET_MCU_NRF51822/sdk/source/ble/peer_manager/peer_database.o
LOAD build/library/nRF51822/TARGET_MCU_NRF51822/sdk/source/ble/peer_manager/peer_id.o
LOAD build/library/nRF51822/TARGET_MCU_NRF51822/sdk/source/ble/peer_manager/pm_buffer.o
LOAD build/library/nRF51822/TARGET_MCU_NRF51822/sdk/source/ble/peer_manager/pm_mutex.o
LOAD build/library/nRF51822/TARGET_MCU_NRF51822/sdk/source/drivers_nrf/ble_flash/ble_flash.o
LOAD build/library/nRF51822/TARGET_MCU_NRF51822/sdk/source/drivers_nrf/delay/nrf_delay.o
LOAD build/library/nRF51822/TARGET_MCU_NRF51822/sdk/source/drivers_nrf/hal/nrf_ecb.o
LOAD build/library/nRF51822/TARGET_MCU_NRF51822/sdk/source/drivers_nrf/hal/nrf_nvmc.o
LOAD build/library/nRF51822/TARGET_MCU_NRF51822/sdk/source/drivers_nrf/pstorage/pstorage.o
LOAD build/library/nRF51822/TARGET_MCU_NRF51822/sdk/source/libraries/bootloader_dfu/bootloader_util.o
LOAD build/library/nRF51822/TARGET_MCU_NRF51822/sdk/source/libraries/bootloader_dfu/dfu_app_handler.o
LOAD build/library/nRF51822/TARGET_MCU_NRF51822/sdk/source/libraries/bootloader_dfu/dfu_init_template.o
LOAD build/library/nRF51822/TARGET_MCU_NRF51822/sdk/source/libraries/crc16/crc16.o
LOAD build/library/nRF51822/TARGET_MCU_NRF51822/sdk/source/libraries/fds/fds.o
LOAD build/library/nRF51822/TARGET_MCU_NRF51822/sdk/source/libraries/fstorage/fstorage.o
LOAD build/library/nRF51822/TARGET_MCU_NRF51822/sdk/source/libraries/fstorage/fstorage_nosd.o
LOAD build/library/nRF51822/TARGET_MCU_NRF51822/sdk/source/libraries/hci/hci_mem_pool.o
LOAD build/library/nRF51822/TARGET_MCU_NRF51822/sdk/source/libraries/scheduler/app_scheduler.o
LOAD build/library/nRF51822/TARGET_MCU_NRF51822/sdk/source/libraries/util/app_error.o
LOAD build/library/nRF51822/TARGET_MCU_NRF51822/sdk/source/libraries/util/app_util_platform.o
LOAD build/library/nRF51822/TARGET_MCU_NRF51822/sdk/source/libraries/util/nrf_assert.o
LOAD build/library/nRF51822/TARGET_MCU_NRF51822/sdk/source/libraries/util/sdk_mapped_flags.o
LOAD build/library/nRF51822/TARGET_MCU_NRF51822/sdk/source/softdevice/common/softdevice_handler/softdevice_handler.o
LOAD build/library/nRF51822/TARGET_MCU_NRF51822/sdk/source/softdevice/common/softdevice_handler/softdevice_handler_appsh.o
LOAD build/library/nRF51822/TARGET_MCU_NRF51822/source/btle/btle.o
LOAD build/library/nRF51822/TARGET_MCU_NRF51822/source/btle/btle_advertising.o
LOAD build/library/nRF51822/TARGET_MCU_NRF51822/source/btle/btle_discovery.o
LOAD build/library/nRF51822/TARGET_MCU_NRF51822/source/btle/btle_gap.o
LOAD build/library/nRF51822/TARGET_MCU_NRF51822/source/btle/btle_security.o
LOAD build/library/nRF51822/TARGET_MCU_NRF51822/source/btle/custom/custom_helper.o
LOAD build/library/nRF51822/TARGET_MCU_NRF51822/source/nRF5xCharacteristicDescriptorDiscoverer.o
LOAD build/library/nRF51822/TARGET_MCU_NRF51822/source/nRF5xDiscoveredCharacteristic.o
LOAD build/library/nRF51822/TARGET_MCU_NRF51822/source/nRF5xGap.o
LOAD build/library/nRF51822/TARGET_MCU_NRF51822/source/nRF5xGattClient.o
LOAD build/library/nRF51822/TARGET_MCU_NRF51822/source/nRF5xGattServer.o
LOAD build/library/nRF51822/TARGET_MCU_NRF51822/source/nRF5xServiceDiscovery.o
LOAD build/library/nRF51822/TARGET_MCU_NRF51822/source/nRF5xn.o
START GROUP
LOAD ./library/mbed-os/TARGET_NRF51822/TOOLCHAIN_GCC_ARM\libmbed.a
LOAD d:/program files (x86)/gnu tools arm embedded/6 2017-q2-update/bin/../lib/gcc/arm-none-eabi/6.3.1/../../../../arm-none-eabi/lib/thumb/v6-m\libstdc++_nano.a
LOAD d:/program files (x86)/gnu tools arm embedded/6 2017-q2-update/bin/../lib/gcc/arm-none-eabi/6.3.1/../../../../arm-none-eabi/lib/thumb/v6-m\libsupc++_nano.a
LOAD d:/program files (x86)/gnu tools arm embedded/6 2017-q2-update/bin/../lib/gcc/arm-none-eabi/6.3.1/../../../../arm-none-eabi/lib/thumb/v6-m\libm.a
LOAD d:/program files (x86)/gnu tools arm embedded/6 2017-q2-update/bin/../lib/gcc/arm-none-eabi/6.3.1/../../../../arm-none-eabi/lib/thumb/v6-m\libc_nano.a
LOAD d:/program files (x86)/gnu tools arm embedded/6 2017-q2-update/bin/../lib/gcc/arm-none-eabi/6.3.1/thumb/v6-m\libgcc.a
LOAD d:/program files (x86)/gnu tools arm embedded/6 2017-q2-update/bin/../lib/gcc/arm-none-eabi/6.3.1/../../../../arm-none-eabi/lib/thumb/v6-m\libnosys.a
END GROUP
LOAD ./library/mbed-os/TARGET_NRF51822/TOOLCHAIN_GCC_ARM\libmbed.a
LOAD d:/program files (x86)/gnu tools arm embedded/6 2017-q2-update/bin/../lib/gcc/arm-none-eabi/6.3.1/../../../../arm-none-eabi/lib/thumb/v6-m\libstdc++_nano.a
LOAD d:/program files (x86)/gnu tools arm embedded/6 2017-q2-update/bin/../lib/gcc/arm-none-eabi/6.3.1/../../../../arm-none-eabi/lib/thumb/v6-m\libsupc++_nano.a
LOAD d:/program files (x86)/gnu tools arm embedded/6 2017-q2-update/bin/../lib/gcc/arm-none-eabi/6.3.1/../../../../arm-none-eabi/lib/thumb/v6-m\libm.a
LOAD d:/program files (x86)/gnu tools arm embedded/6 2017-q2-update/bin/../lib/gcc/arm-none-eabi/6.3.1/../../../../arm-none-eabi/lib/thumb/v6-m\libc_nano.a
LOAD d:/program files (x86)/gnu tools arm embedded/6 2017-q2-update/bin/../lib/gcc/arm-none-eabi/6.3.1/thumb/v6-m\libgcc.a
LOAD d:/program files (x86)/gnu tools arm embedded/6 2017-q2-update/bin/../lib/gcc/arm-none-eabi/6.3.1/../../../../arm-none-eabi/lib/thumb/v6-m\libnosys.a
START GROUP
LOAD d:/program files (x86)/gnu tools arm embedded/6 2017-q2-update/bin/../lib/gcc/arm-none-eabi/6.3.1/thumb/v6-m\libgcc.a
LOAD d:/program files (x86)/gnu tools arm embedded/6 2017-q2-update/bin/../lib/gcc/arm-none-eabi/6.3.1/../../../../arm-none-eabi/lib/thumb/v6-m\libc_nano.a
END GROUP
START GROUP
LOAD d:/program files (x86)/gnu tools arm embedded/6 2017-q2-update/bin/../lib/gcc/arm-none-eabi/6.3.1/thumb/v6-m\libgcc.a
LOAD d:/program files (x86)/gnu tools arm embedded/6 2017-q2-update/bin/../lib/gcc/arm-none-eabi/6.3.1/../../../../arm-none-eabi/lib/thumb/v6-m\libc_nano.a
END GROUP
LOAD d:/program files (x86)/gnu tools arm embedded/6 2017-q2-update/bin/../lib/gcc/arm-none-eabi/6.3.1/thumb/v6-m/crtend.o
LOAD d:/program files (x86)/gnu tools arm embedded/6 2017-q2-update/bin/../lib/gcc/arm-none-eabi/6.3.1/thumb/v6-m/crtn.o

.text           0x0001c000     0x96a4
 *(.Vectors)
 .Vectors       0x0001c000       0xc0 ./library/mbed-os/TARGET_NRF51822/TOOLCHAIN_GCC_ARM/startup_NRF51822.o
                0x0001c000                __Vectors
 *(.text*)
 .text          0x0001c0c0       0x60 d:/program files (x86)/gnu tools arm embedded/6 2017-q2-update/bin/../lib/gcc/arm-none-eabi/6.3.1/thumb/v6-m/crtbegin.o
 .text          0x0001c120       0x78 d:/program files (x86)/gnu tools arm embedded/6 2017-q2-update/bin/../lib/gcc/arm-none-eabi/6.3.1/../../../../arm-none-eabi/lib/thumb/v6-m/crt0.o
                0x0001c120                _start
                0x0001c120                _mainCRTStartup
 .text.gpio_init
                0x0001c198       0x30 ./library/mbed-os/TARGET_NRF51822/TOOLCHAIN_GCC_ARM/gpio_api.o
                0x0001c198                gpio_init
 .text.gpio_mode
                0x0001c1c8        0xc ./library/mbed-os/TARGET_NRF51822/TOOLCHAIN_GCC_ARM/gpio_api.o
                0x0001c1c8                gpio_mode
 .text.gpio_dir
                0x0001c1d4       0x3c ./library/mbed-os/TARGET_NRF51822/TOOLCHAIN_GCC_ARM/gpio_api.o
                0x0001c1d4                gpio_dir
 .text.GPIOTE_IRQHandler
                0x0001c210       0xf4 ./library/mbed-os/TARGET_NRF51822/TOOLCHAIN_GCC_ARM/gpio_irq_api.o
                0x0001c210                GPIOTE_IRQHandler
 .text.gpio_write
                0x0001c304       0x30 ./library/mbed-os/TARGET_NRF51822/TOOLCHAIN_GCC_ARM/mbed_board.o
 .text.mbed_die
                0x0001c334       0x74 ./library/mbed-os/TARGET_NRF51822/TOOLCHAIN_GCC_ARM/mbed_board.o
                0x0001c334                mbed_die
 .text.mbed_error_vfprintf
                0x0001c3a8       0x54 ./library/mbed-os/TARGET_NRF51822/TOOLCHAIN_GCC_ARM/mbed_board.o
                0x0001c3a8                mbed_error_vfprintf
 .text.mbed_error_printf
                0x0001c3fc       0x16 ./library/mbed-os/TARGET_NRF51822/TOOLCHAIN_GCC_ARM/mbed_board.o
                0x0001c3fc                mbed_error_printf
 *fill*         0x0001c412        0x2 
 .text._ZL11init_serialv
                0x0001c414       0x2c ./library/mbed-os/TARGET_NRF51822/TOOLCHAIN_GCC_ARM/mbed_retarget.o
 .text._close   0x0001c440       0x40 ./library/mbed-os/TARGET_NRF51822/TOOLCHAIN_GCC_ARM/mbed_retarget.o
                0x0001c440                _close
 .text._write   0x0001c480       0x64 ./library/mbed-os/TARGET_NRF51822/TOOLCHAIN_GCC_ARM/mbed_retarget.o
                0x0001c480                _write
 .text._read    0x0001c4e4       0x5c ./library/mbed-os/TARGET_NRF51822/TOOLCHAIN_GCC_ARM/mbed_retarget.o
                0x0001c4e4                _read
 .text._isatty  0x0001c540       0x3c ./library/mbed-os/TARGET_NRF51822/TOOLCHAIN_GCC_ARM/mbed_retarget.o
                0x0001c540                _isatty
 .text._lseek   0x0001c57c       0x44 ./library/mbed-os/TARGET_NRF51822/TOOLCHAIN_GCC_ARM/mbed_retarget.o
                0x0001c57c                _lseek
 .text._fstat   0x0001c5c0       0x1e ./library/mbed-os/TARGET_NRF51822/TOOLCHAIN_GCC_ARM/mbed_retarget.o
                0x0001c5c0                _fstat
 .text.__cxa_pure_virtual
                0x0001c5de        0x8 ./library/mbed-os/TARGET_NRF51822/TOOLCHAIN_GCC_ARM/mbed_retarget.o
                0x0001c5de                __cxa_pure_virtual
 *fill*         0x0001c5e6        0x2 
 .text._sbrk    0x0001c5e8       0x44 ./library/mbed-os/TARGET_NRF51822/TOOLCHAIN_GCC_ARM/mbed_retarget.o
                0x0001c5e8                _sbrk
 .text._exit    0x0001c62c        0xc ./library/mbed-os/TARGET_NRF51822/TOOLCHAIN_GCC_ARM/mbed_retarget.o
                0x0001c62c                _exit
 .text.__aeabi_atexit
                0x0001c638        0x4 ./library/mbed-os/TARGET_NRF51822/TOOLCHAIN_GCC_ARM/mbed_retarget.o
                0x0001c638                __aeabi_atexit
 .text.__wrap_exit
                0x0001c63c        0x6 ./library/mbed-os/TARGET_NRF51822/TOOLCHAIN_GCC_ARM/mbed_retarget.o
                0x0001c63c                __wrap_exit
 .text.__wrap_atexit
                0x0001c642        0x4 ./library/mbed-os/TARGET_NRF51822/TOOLCHAIN_GCC_ARM/mbed_retarget.o
                0x0001c642                __wrap_atexit
 .text._ZN4mbed26mbed_set_unbuffered_streamEP7__sFILE
                0x0001c646        0xa ./library/mbed-os/TARGET_NRF51822/TOOLCHAIN_GCC_ARM/mbed_retarget.o
                0x0001c646                mbed::mbed_set_unbuffered_stream(__sFILE*)
 .text._ZN4mbed11mbed_fdopenEPNS_10FileHandleEPKc
                0x0001c650       0x3e ./library/mbed-os/TARGET_NRF51822/TOOLCHAIN_GCC_ARM/mbed_retarget.o
                0x0001c650                mbed::mbed_fdopen(mbed::FileHandle*, char const*)
 .text.__rtos_malloc_lock
                0x0001c68e        0x2 ./library/mbed-os/TARGET_NRF51822/TOOLCHAIN_GCC_ARM/mbed_retarget.o
                0x0001c68e                __rtos_malloc_lock
 .text.__rtos_malloc_unlock
                0x0001c690        0x2 ./library/mbed-os/TARGET_NRF51822/TOOLCHAIN_GCC_ARM/mbed_retarget.o
                0x0001c690                __rtos_malloc_unlock
 .text.__malloc_lock
                0x0001c692        0x8 ./library/mbed-os/TARGET_NRF51822/TOOLCHAIN_GCC_ARM/mbed_retarget.o
                0x0001c692                __malloc_lock
 .text.__malloc_unlock
                0x0001c69a        0x8 ./library/mbed-os/TARGET_NRF51822/TOOLCHAIN_GCC_ARM/mbed_retarget.o
                0x0001c69a                __malloc_unlock
 *fill*         0x0001c6a2        0x2 
 .text.__cxa_guard_acquire
                0x0001c6a4       0x34 ./library/mbed-os/TARGET_NRF51822/TOOLCHAIN_GCC_ARM/mbed_retarget.o
                0x0001c6a4                __cxa_guard_acquire
 .text.__cxa_guard_release
                0x0001c6d8       0x34 ./library/mbed-os/TARGET_NRF51822/TOOLCHAIN_GCC_ARM/mbed_retarget.o
                0x0001c6d8                __cxa_guard_release
 .text._Znwj    0x0001c70c       0x18 ./library/mbed-os/TARGET_NRF51822/TOOLCHAIN_GCC_ARM/mbed_retarget.o
                0x0001c70c                operator new(unsigned int)
 .text._ZdaPv   0x0001c724        0xc ./library/mbed-os/TARGET_NRF51822/TOOLCHAIN_GCC_ARM/mbed_retarget.o
                0x0001c724                operator delete[](void*)
 .text._ZdlPv   0x0001c730        0x8 ./library/mbed-os/TARGET_NRF51822/TOOLCHAIN_GCC_ARM/mbed_retarget.o
                0x0001c730                operator delete(void*)
 .text._ZN12SingletonPtrI13PlatformMutexE3getEv
                0x0001c738       0x2c ./library/mbed-os/TARGET_NRF51822/TOOLCHAIN_GCC_ARM/mbed_retarget.o
                0x0001c738                SingletonPtr<PlatformMutex>::get()
 .text._ZN4mbed17remove_filehandleEPNS_10FileHandleE
                0x0001c764       0x34 ./library/mbed-os/TARGET_NRF51822/TOOLCHAIN_GCC_ARM/mbed_retarget.o
                0x0001c764                mbed::remove_filehandle(mbed::FileHandle*)
 .text._open    0x0001c798      0x12c ./library/mbed-os/TARGET_NRF51822/TOOLCHAIN_GCC_ARM/mbed_retarget.o
                0x0001c798                _open
 .text.mbed_main
                0x0001c8c4        0x2 ./library/mbed-os/TARGET_NRF51822/TOOLCHAIN_GCC_ARM/mbed_sdk_boot.o
                0x0001c8c4                mbed_main
 .text.mbed_sdk_init
                0x0001c8c6        0x2 ./library/mbed-os/TARGET_NRF51822/TOOLCHAIN_GCC_ARM/mbed_sdk_boot.o
                0x0001c8c6                mbed_sdk_init
 .text.software_init_hook_rtos
                0x0001c8c8        0x2 ./library/mbed-os/TARGET_NRF51822/TOOLCHAIN_GCC_ARM/mbed_sdk_boot.o
                0x0001c8c8                software_init_hook_rtos
 .text.software_init_hook
                0x0001c8ca        0xc ./library/mbed-os/TARGET_NRF51822/TOOLCHAIN_GCC_ARM/mbed_sdk_boot.o
                0x0001c8ca                software_init_hook
 .text.__wrap_main
                0x0001c8d6        0xc ./library/mbed-os/TARGET_NRF51822/TOOLCHAIN_GCC_ARM/mbed_sdk_boot.o
                0x0001c8d6                __wrap_main
 *fill*         0x0001c8e2        0x2 
 .text.pin_mode
                0x0001c8e4       0x3c ./library/mbed-os/TARGET_NRF51822/TOOLCHAIN_GCC_ARM/pinmap.o
                0x0001c8e4                pin_mode
 .text.TIMER2_IRQHandler
                0x0001c920       0x64 ./library/mbed-os/TARGET_NRF51822/TOOLCHAIN_GCC_ARM/pwmout_api.o
                0x0001c920                TIMER2_IRQHandler
 .text.serial_baud.part.0
                0x0001c984       0x38 ./library/mbed-os/TARGET_NRF51822/TOOLCHAIN_GCC_ARM/serial_api.o
 .text.serial_init
                0x0001c9bc       0xe8 ./library/mbed-os/TARGET_NRF51822/TOOLCHAIN_GCC_ARM/serial_api.o
                0x0001c9bc                serial_init
 .text.serial_baud
                0x0001caa4       0x20 ./library/mbed-os/TARGET_NRF51822/TOOLCHAIN_GCC_ARM/serial_api.o
                0x0001caa4                serial_baud
 .text.UART0_IRQHandler
                0x0001cac4       0x4c ./library/mbed-os/TARGET_NRF51822/TOOLCHAIN_GCC_ARM/serial_api.o
                0x0001cac4                UART0_IRQHandler
 .text.serial_irq_handler
                0x0001cb10       0x18 ./library/mbed-os/TARGET_NRF51822/TOOLCHAIN_GCC_ARM/serial_api.o
                0x0001cb10                serial_irq_handler
 .text.serial_getc
                0x0001cb28       0x1a ./library/mbed-os/TARGET_NRF51822/TOOLCHAIN_GCC_ARM/serial_api.o
                0x0001cb28                serial_getc
 *fill*         0x0001cb42        0x2 
 .text.serial_putc
                0x0001cb44       0x1c ./library/mbed-os/TARGET_NRF51822/TOOLCHAIN_GCC_ARM/serial_api.o
                0x0001cb44                serial_putc
 .text          0x0001cb60       0x48 ./library/mbed-os/TARGET_NRF51822/TOOLCHAIN_GCC_ARM/startup_NRF51822.o
                0x0001cb60                Reset_Handler
                0x0001cb9c                NMI_Handler
                0x0001cb9e                HardFault_Handler
                0x0001cba0                SVC_Handler
                0x0001cba2                PendSV_Handler
                0x0001cba4                SysTick_Handler
                0x0001cba6                POWER_CLOCK_IRQHandler
                0x0001cba6                RTC0_IRQHandler
                0x0001cba6                LPCOMP_IRQHandler
                0x0001cba6                SWI4_IRQHandler
                0x0001cba6                TEMP_IRQHandler
                0x0001cba6                QDEC_IRQHandler
                0x0001cba6                SWI5_IRQHandler
                0x0001cba6                TIMER0_IRQHandler
                0x0001cba6                RADIO_IRQHandler
                0x0001cba6                SWI0_IRQHandler
                0x0001cba6                TIMER1_IRQHandler
                0x0001cba6                ECB_IRQHandler
                0x0001cba6                Default_Handler
                0x0001cba6                ADC_IRQHandler
                0x0001cba6                SWI3_IRQHandler
                0x0001cba6                CCM_AAR_IRQHandler
                0x0001cba6                WDT_IRQHandler
                0x0001cba6                SPI0_TWI0_IRQHandler
                0x0001cba6                RNG_IRQHandler
                0x0001cba6                SPI1_TWI1_IRQHandler
 .text.SystemInit
                0x0001cba8       0xf0 ./library/mbed-os/TARGET_NRF51822/TOOLCHAIN_GCC_ARM/system_nrf51.o
                0x0001cba8                SystemInit
 .text.rtc1_getCounter64
                0x0001cc98       0x3c ./library/mbed-os/TARGET_NRF51822/TOOLCHAIN_GCC_ARM/us_ticker.o
 .text.nrf_delay_us.constprop.1
                0x0001ccd4       0x26 ./library/mbed-os/TARGET_NRF51822/TOOLCHAIN_GCC_ARM/us_ticker.o
 .text.OS_Tick_Handler
                0x0001ccfa        0x2 ./library/mbed-os/TARGET_NRF51822/TOOLCHAIN_GCC_ARM/us_ticker.o
                0x0001ccfa                OS_Tick_Handler
 .text.us_ticker_handler
                0x0001ccfc       0x74 ./library/mbed-os/TARGET_NRF51822/TOOLCHAIN_GCC_ARM/us_ticker.o
                0x0001ccfc                us_ticker_handler
 .text.us_ticker_init
                0x0001cd70       0x5c ./library/mbed-os/TARGET_NRF51822/TOOLCHAIN_GCC_ARM/us_ticker.o
                0x0001cd70                us_ticker_init
 .text.us_ticker_read
                0x0001cdcc       0x2c ./library/mbed-os/TARGET_NRF51822/TOOLCHAIN_GCC_ARM/us_ticker.o
                0x0001cdcc                us_ticker_read
 .text.us_ticker_set_interrupt
                0x0001cdf8       0xbc ./library/mbed-os/TARGET_NRF51822/TOOLCHAIN_GCC_ARM/us_ticker.o
                0x0001cdf8                us_ticker_set_interrupt
 .text.us_ticker_disable_interrupt
                0x0001ceb4       0x28 ./library/mbed-os/TARGET_NRF51822/TOOLCHAIN_GCC_ARM/us_ticker.o
                0x0001ceb4                us_ticker_disable_interrupt
 .text.us_ticker_clear_interrupt
                0x0001cedc       0x10 ./library/mbed-os/TARGET_NRF51822/TOOLCHAIN_GCC_ARM/us_ticker.o
                0x0001cedc                us_ticker_clear_interrupt
 .text.RTC1_IRQHandler
                0x0001ceec       0x1c ./library/mbed-os/TARGET_NRF51822/TOOLCHAIN_GCC_ARM/us_ticker.o
                0x0001ceec                RTC1_IRQHandler
 .text._ZN26FunctionPointerWithContextIPN3BLE37InitializationCompleteCallbackContextEE14functioncallerEPKS3_S2_
                0x0001cf08        0xe build/./sketch.o
                0x0001cf08                FunctionPointerWithContext<BLE::InitializationCompleteCallbackContext*>::functioncaller(FunctionPointerWithContext<BLE::InitializationCompleteCallbackContext*> const*, BLE::InitializationCompleteCallbackContext*)
 *fill*         0x0001cf16        0x2 
 .text.gpio_read.constprop.2
                0x0001cf18       0x30 build/./sketch.o
 .text._ZN14Mbed_Led_Led_T6turnOnEv
                0x0001cf48       0x28 build/./sketch.o
                0x0001cf48                Mbed_Led_Led_T::turnOn()
 .text._Z5setupv
                0x0001cf70       0x40 build/./sketch.o
                0x0001cf70                setup()
 .text._Z4loopv
                0x0001cfb0       0x78 build/./sketch.o
                0x0001cfb0                loop()
 .text._Z21onDataWrittenCallbackPK23GattWriteCallbackParams
                0x0001d028       0x24 build/TL_BLUETOOTH/MBED_BLUETOOTH/Mbed_Bluetooth_Bluetooth_Mbed.o
                0x0001d028                onDataWrittenCallback(GattWriteCallbackParams const*)
 .text._ZN26FunctionPointerWithContextIP27GattWriteAuthCallbackParamsE14functioncallerEPKS2_S1_
                0x0001d04c        0xe build/TL_BLUETOOTH/MBED_BLUETOOTH/Mbed_Bluetooth_Bluetooth_Mbed.o
                0x0001d04c                FunctionPointerWithContext<GattWriteAuthCallbackParams*>::functioncaller(FunctionPointerWithContext<GattWriteAuthCallbackParams*> const*, GattWriteAuthCallbackParams*)
 .text._ZN26FunctionPointerWithContextIP26GattReadAuthCallbackParamsE14functioncallerEPKS2_S1_
                0x0001d05a        0xe build/TL_BLUETOOTH/MBED_BLUETOOTH/Mbed_Bluetooth_Bluetooth_Mbed.o
                0x0001d05a                FunctionPointerWithContext<GattReadAuthCallbackParams*>::functioncaller(FunctionPointerWithContext<GattReadAuthCallbackParams*> const*, GattReadAuthCallbackParams*)
 .text._ZN26FunctionPointerWithContextIPK23GattWriteCallbackParamsE14functioncallerEPKS3_S2_
                0x0001d068        0xe build/TL_BLUETOOTH/MBED_BLUETOOTH/Mbed_Bluetooth_Bluetooth_Mbed.o
                0x0001d068                FunctionPointerWithContext<GattWriteCallbackParams const*>::functioncaller(FunctionPointerWithContext<GattWriteCallbackParams const*> const*, GattWriteCallbackParams const*)
 .text._ZN26FunctionPointerWithContextIPKN3Gap29DisconnectionCallbackParams_tEE14functioncallerEPKS4_S3_
                0x0001d076        0xe build/TL_BLUETOOTH/MBED_BLUETOOTH/Mbed_Bluetooth_Bluetooth_Mbed.o
                0x0001d076                FunctionPointerWithContext<Gap::DisconnectionCallbackParams_t const*>::functioncaller(FunctionPointerWithContext<Gap::DisconnectionCallbackParams_t const*> const*, Gap::DisconnectionCallbackParams_t const*)
 .text._ZN18GapAdvertisingData11appendFieldENS_10DataType_tEPKhh
                0x0001d084       0x4e build/TL_BLUETOOTH/MBED_BLUETOOTH/Mbed_Bluetooth_Bluetooth_Mbed.o
                0x0001d084                GapAdvertisingData::appendField(GapAdvertisingData::DataType_t, unsigned char const*, unsigned char)
 *fill*         0x0001d0d2        0x2 
 .text._ZN18GapAdvertisingData7addDataENS_10DataType_tEPKhh
                0x0001d0d4       0xc8 build/TL_BLUETOOTH/MBED_BLUETOOTH/Mbed_Bluetooth_Bluetooth_Mbed.o
                0x0001d0d4                GapAdvertisingData::addData(GapAdvertisingData::DataType_t, unsigned char const*, unsigned char)
 .text._ZN3Gap16startAdvertisingEv
                0x0001d19c       0x1c build/TL_BLUETOOTH/MBED_BLUETOOTH/Mbed_Bluetooth_Bluetooth_Mbed.o
                0x0001d19c                Gap::startAdvertising()
 .text._Z21disconnectionCallbackPKN3Gap29DisconnectionCallbackParams_tE
                0x0001d1b8       0x12 build/TL_BLUETOOTH/MBED_BLUETOOTH/Mbed_Bluetooth_Bluetooth_Mbed.o
                0x0001d1b8                disconnectionCallback(Gap::DisconnectionCallbackParams_t const*)
 .text._ZN3Gap28accumulateAdvertisingPayloadEh
                0x0001d1ca       0x4c build/TL_BLUETOOTH/MBED_BLUETOOTH/Mbed_Bluetooth_Bluetooth_Mbed.o
                0x0001d1ca                Gap::accumulateAdvertisingPayload(unsigned char)
 .text._ZN3Gap28accumulateAdvertisingPayloadEN18GapAdvertisingData10DataType_tEPKhh
                0x0001d216       0x4c build/TL_BLUETOOTH/MBED_BLUETOOTH/Mbed_Bluetooth_Bluetooth_Mbed.o
                0x0001d216                Gap::accumulateAdvertisingPayload(GapAdvertisingData::DataType_t, unsigned char const*, unsigned char)
 *fill*         0x0001d262        0x2 
 .text._ZN10LEDServiceC2ER3BLEb
                0x0001d264       0xe0 build/TL_BLUETOOTH/MBED_BLUETOOTH/Mbed_Bluetooth_Bluetooth_Mbed.o
                0x0001d264                LEDService::LEDService(BLE&, bool)
                0x0001d264                LEDService::LEDService(BLE&, bool)
 .text._Z15bleInitCompletePN3BLE37InitializationCompleteCallbackContextE
                0x0001d344      0x12c build/TL_BLUETOOTH/MBED_BLUETOOTH/Mbed_Bluetooth_Bluetooth_Mbed.o
                0x0001d344                bleInitComplete(BLE::InitializationCompleteCallbackContext*)
 .text.startup._GLOBAL__sub_I_TL_BUTTON
                0x0001d470       0x1c build/TL_BUTTON/MBED_BUTTON/Mbed_Button_Button_Mbed.o
 .text.startup._GLOBAL__sub_I_TL_LED
                0x0001d48c       0x34 build/TL_LED/MBED_LED/Mbed_Led_Led_Mbed.o
 .text._ZNK9SafeBool_4base7trueTagEv
                0x0001d4c0        0x2 build/library/BLE_API/source/BLE.o
                0x0001d4c0                SafeBool_::base::trueTag() const
 .text._ZN26FunctionPointerWithContextIPN3BLE32OnEventsToProcessCallbackContextEE14functioncallerEPKS3_S2_
                0x0001d4c2        0xe build/library/BLE_API/source/BLE.o
                0x0001d4c2                FunctionPointerWithContext<BLE::OnEventsToProcessCallbackContext*>::functioncaller(FunctionPointerWithContext<BLE::OnEventsToProcessCallbackContext*> const*, BLE::OnEventsToProcessCallbackContext*)
 .text._ZN3BLE18initImplementationE26FunctionPointerWithContextIPNS_37InitializationCompleteCallbackContextEE
                0x0001d4d0       0x2e build/library/BLE_API/source/BLE.o
                0x0001d4d0                BLE::initImplementation(FunctionPointerWithContext<BLE::InitializationCompleteCallbackContext*>)
 *fill*         0x0001d4fe        0x2 
 .text._ZN3BLEC2Ej
                0x0001d500       0x44 build/library/BLE_API/source/BLE.o
                0x0001d500                BLE::BLE(unsigned int)
                0x0001d500                BLE::BLE(unsigned int)
 .text._ZN3BLE8InstanceEj
                0x0001d544       0x58 build/library/BLE_API/source/BLE.o
                0x0001d544                BLE::Instance(unsigned int)
 .text._ZN3BLE3gapEv
                0x0001d59c       0x20 build/library/BLE_API/source/BLE.o
                0x0001d59c                BLE::gap()
 .text._ZN3BLE10gattServerEv
                0x0001d5bc       0x20 build/library/BLE_API/source/BLE.o
                0x0001d5bc                BLE::gattServer()
 .text._ZN3BLE21signalEventsToProcessEv
                0x0001d5dc       0x20 build/library/BLE_API/source/BLE.o
                0x0001d5dc                BLE::signalEventsToProcess()
 .text._ZN15BLEInstanceBaseD2Ev
                0x0001d5fc        0x2 build/library/BLE_API/source/BLEInstanceBase.o
                0x0001d5fc                BLEInstanceBase::~BLEInstanceBase()
                0x0001d5fc                BLEInstanceBase::~BLEInstanceBase()
 .text._ZN15BLEInstanceBase21signalEventsToProcessEj
                0x0001d5fe        0xe build/library/BLE_API/source/BLEInstanceBase.o
                0x0001d5fe                BLEInstanceBase::signalEventsToProcess(unsigned int)
 .text._ZN17GapScanningParamsC2Etttb
                0x0001d60c       0x6c build/library/BLE_API/source/GapScanningParams.o
                0x0001d60c                GapScanningParams::GapScanningParams(unsigned short, unsigned short, unsigned short, bool)
                0x0001d60c                GapScanningParams::GapScanningParams(unsigned short, unsigned short, unsigned short, bool)
 .text._ZN4mbed10SerialBaseD2Ev
                0x0001d678       0x30 build/library/main.o
                0x0001d678                mbed::SerialBase::~SerialBase()
                0x0001d678                mbed::SerialBase::~SerialBase()
 .text._ZN4mbed6SerialD2Ev
                0x0001d6a8       0x4c build/library/main.o
                0x0001d6a8                mbed::Serial::~Serial()
                0x0001d6a8                mbed::Serial::~Serial()
                0x0001d6d4                non-virtual thunk to mbed::Serial::~Serial()
                0x0001d6e4                non-virtual thunk to mbed::Serial::~Serial()
 .text._ZN4mbed10SerialBaseD0Ev
                0x0001d6f4       0x12 build/library/main.o
                0x0001d6f4                mbed::SerialBase::~SerialBase()
 .text.startup.main
                0x0001d706        0xc build/library/main.o
                0x0001d706                main
 *fill*         0x0001d712        0x2 
 .text._ZN4mbed6SerialD0Ev
                0x0001d714       0x34 build/library/main.o
                0x0001d714                mbed::Serial::~Serial()
                0x0001d726                non-virtual thunk to mbed::Serial::~Serial()
                0x0001d738                non-virtual thunk to mbed::Serial::~Serial()
 .text.startup._GLOBAL__sub_I_pc
                0x0001d748       0x30 build/library/main.o
 .text.sd_nvic_EnableIRQ
                0x0001d778        0x4 build/library/nRF51822/TARGET_MCU_NRF51822/sdk/source/ble/ble_radio_notification/ble_radio_notification.o
 .text.sd_nvic_ClearPendingIRQ
                0x0001d77c        0x4 build/library/nRF51822/TARGET_MCU_NRF51822/sdk/source/ble/ble_radio_notification/ble_radio_notification.o
 .text.sd_nvic_SetPriority
                0x0001d780        0x4 build/library/nRF51822/TARGET_MCU_NRF51822/sdk/source/ble/ble_radio_notification/ble_radio_notification.o
 .text.sd_radio_notification_cfg_set
                0x0001d784        0x4 build/library/nRF51822/TARGET_MCU_NRF51822/sdk/source/ble/ble_radio_notification/ble_radio_notification.o
 .text.SWI1_IRQHandler
                0x0001d788       0x20 build/library/nRF51822/TARGET_MCU_NRF51822/sdk/source/ble/ble_radio_notification/ble_radio_notification.o
                0x0001d788                SWI1_IRQHandler
 .text.ble_radio_notification_init
                0x0001d7a8       0x38 build/library/nRF51822/TARGET_MCU_NRF51822/sdk/source/ble/ble_radio_notification/ble_radio_notification.o
                0x0001d7a8                ble_radio_notification_init
 .text._ZN4mbed8CallbackIFvvEE13function_callIPS1_EEvPKv
                0x0001d7e0        0x8 build/library/nRF51822/TARGET_MCU_NRF51822/sdk/source/ble/common/ble_conn_params.o
                0x0001d7e0                void mbed::Callback<void ()>::function_call<void (*)()>(void const*)
 .text._ZN4mbed8CallbackIFvvEE13function_moveIPS1_EEvPvPKv
                0x0001d7e8        0xa build/library/nRF51822/TARGET_MCU_NRF51822/sdk/source/ble/common/ble_conn_params.o
                0x0001d7e8                void mbed::Callback<void ()>::function_move<void (*)()>(void*, void const*)
 .text._ZN4mbed8CallbackIFvvEE13function_dtorIPS1_EEvPv
                0x0001d7f2        0x2 build/library/nRF51822/TARGET_MCU_NRF51822/sdk/source/ble/common/ble_conn_params.o
                0x0001d7f2                void mbed::Callback<void ()>::function_dtor<void (*)()>(void*)
 .text._ZN4mbed8CallbackIFvvEED2Ev
                0x0001d7f4       0x12 build/library/nRF51822/TARGET_MCU_NRF51822/sdk/source/ble/common/ble_conn_params.o
                0x0001d7f4                mbed::Callback<void ()>::~Callback()
                0x0001d7f4                mbed::Callback<void ()>::~Callback()
 *fill*         0x0001d806        0x2 
 .text._ZN4mbed6TickerD2Ev
                0x0001d808       0x24 build/library/nRF51822/TARGET_MCU_NRF51822/sdk/source/ble/common/ble_conn_params.o
                0x0001d808                mbed::Ticker::~Ticker()
                0x0001d808                mbed::Ticker::~Ticker()
 .text._ZN4mbed6TickerD0Ev
                0x0001d82c       0x12 build/library/nRF51822/TARGET_MCU_NRF51822/sdk/source/ble/common/ble_conn_params.o
                0x0001d82c                mbed::Ticker::~Ticker()
 *fill*         0x0001d83e        0x2 
 .text.startup._GLOBAL__sub_I__Z20ble_conn_params_initPK22ble_conn_params_init_t
                0x0001d840       0x30 build/library/nRF51822/TARGET_MCU_NRF51822/sdk/source/ble/common/ble_conn_params.o
 .text.sd_ble_gap_sec_params_reply
                0x0001d870        0x4 build/library/nRF51822/TARGET_MCU_NRF51822/sdk/source/ble/device_manager/device_manager_peripheral.o
 .text.sd_ble_gap_sec_info_reply
                0x0001d874        0x4 build/library/nRF51822/TARGET_MCU_NRF51822/sdk/source/ble/device_manager/device_manager_peripheral.o
 .text.sd_ble_gatts_service_changed
                0x0001d878        0x4 build/library/nRF51822/TARGET_MCU_NRF51822/sdk/source/ble/device_manager/device_manager_peripheral.o
 .text.sd_ble_gatts_sys_attr_set
                0x0001d87c        0x4 build/library/nRF51822/TARGET_MCU_NRF51822/sdk/source/ble/device_manager/device_manager_peripheral.o
 .text.sd_ble_gatts_sys_attr_get
                0x0001d880        0x4 build/library/nRF51822/TARGET_MCU_NRF51822/sdk/source/ble/device_manager/device_manager_peripheral.o
 .text.storage_operation_dummy_handler
                0x0001d884        0x4 build/library/nRF51822/TARGET_MCU_NRF51822/sdk/source/ble/device_manager/device_manager_peripheral.o
 .text.gattc_context_load
                0x0001d888        0x4 build/library/nRF51822/TARGET_MCU_NRF51822/sdk/source/ble/device_manager/device_manager_peripheral.o
 .text.gattc_context_apply
                0x0001d88c        0x4 build/library/nRF51822/TARGET_MCU_NRF51822/sdk/source/ble/device_manager/device_manager_peripheral.o
 .text.device_context_store
                0x0001d890       0xb8 build/library/nRF51822/TARGET_MCU_NRF51822/sdk/source/ble/device_manager/device_manager_peripheral.o
 .text.gatts_context_apply
                0x0001d948       0xb8 build/library/nRF51822/TARGET_MCU_NRF51822/sdk/source/ble/device_manager/device_manager_peripheral.o
 .text.gattsc_context_apply
                0x0001da00        0x8 build/library/nRF51822/TARGET_MCU_NRF51822/sdk/source/ble/device_manager/device_manager_peripheral.o
 .text.gatts_context_store
                0x0001da08       0xb4 build/library/nRF51822/TARGET_MCU_NRF51822/sdk/source/ble/device_manager/device_manager_peripheral.o
 .text.gattsc_context_store
                0x0001dabc        0x8 build/library/nRF51822/TARGET_MCU_NRF51822/sdk/source/ble/device_manager/device_manager_peripheral.o
 .text.gatts_context_load
                0x0001dac4       0x34 build/library/nRF51822/TARGET_MCU_NRF51822/sdk/source/ble/device_manager/device_manager_peripheral.o
 .text.gattsc_context_load
                0x0001daf8        0x8 build/library/nRF51822/TARGET_MCU_NRF51822/sdk/source/ble/device_manager/device_manager_peripheral.o
 .text.no_service_context_load
                0x0001db00        0x4 build/library/nRF51822/TARGET_MCU_NRF51822/sdk/source/ble/device_manager/device_manager_peripheral.o
 .text.no_service_context_store
                0x0001db04        0x4 build/library/nRF51822/TARGET_MCU_NRF51822/sdk/source/ble/device_manager/device_manager_peripheral.o
 .text.gattc_context_store
                0x0001db08        0x4 build/library/nRF51822/TARGET_MCU_NRF51822/sdk/source/ble/device_manager/device_manager_peripheral.o
 .text.no_service_context_apply
                0x0001db0c        0x4 build/library/nRF51822/TARGET_MCU_NRF51822/sdk/source/ble/device_manager/device_manager_peripheral.o
 .text.peer_instance_init
                0x0001db10       0x44 build/library/nRF51822/TARGET_MCU_NRF51822/sdk/source/ble/device_manager/device_manager_peripheral.o
 .text.device_instance_free
                0x0001db54       0x2c build/library/nRF51822/TARGET_MCU_NRF51822/sdk/source/ble/device_manager/device_manager_peripheral.o
 .text.dm_pstorage_cb_handler
                0x0001db80      0x130 build/library/nRF51822/TARGET_MCU_NRF51822/sdk/source/ble/device_manager/device_manager_peripheral.o
 .text.dm_init  0x0001dcb0       0xe8 build/library/nRF51822/TARGET_MCU_NRF51822/sdk/source/ble/device_manager/device_manager_peripheral.o
                0x0001dcb0                dm_init
 .text.dm_register
                0x0001dd98       0x74 build/library/nRF51822/TARGET_MCU_NRF51822/sdk/source/ble/device_manager/device_manager_peripheral.o
                0x0001dd98                dm_register
 .text.dm_security_status_req
                0x0001de0c       0x70 build/library/nRF51822/TARGET_MCU_NRF51822/sdk/source/ble/device_manager/device_manager_peripheral.o
                0x0001de0c                dm_security_status_req
 .text.dm_whitelist_create
                0x0001de7c       0xb4 build/library/nRF51822/TARGET_MCU_NRF51822/sdk/source/ble/device_manager/device_manager_peripheral.o
                0x0001de7c                dm_whitelist_create
 .text.dm_device_delete_all
                0x0001df30       0x58 build/library/nRF51822/TARGET_MCU_NRF51822/sdk/source/ble/device_manager/device_manager_peripheral.o
                0x0001df30                dm_device_delete_all
 .text.bond_data_load
                0x0001df88       0x48 build/library/nRF51822/TARGET_MCU_NRF51822/sdk/source/ble/device_manager/device_manager_peripheral.o
                0x0001df88                bond_data_load
 .text.dm_ble_evt_handler
                0x0001dfd0      0x380 build/library/nRF51822/TARGET_MCU_NRF51822/sdk/source/ble/device_manager/device_manager_peripheral.o
                0x0001dfd0                dm_ble_evt_handler
 .text.dm_handle_get
                0x0001e350       0x48 build/library/nRF51822/TARGET_MCU_NRF51822/sdk/source/ble/device_manager/device_manager_peripheral.o
                0x0001e350                dm_handle_get
 .text.sd_ecb_block_encrypt
                0x0001e398        0x4 build/library/nRF51822/TARGET_MCU_NRF51822/sdk/source/ble/peer_manager/id_manager.o
 .text.ah       0x0001e39c       0x52 build/library/nRF51822/TARGET_MCU_NRF51822/sdk/source/ble/peer_manager/id_manager.o
                0x0001e39c                ah
 .text.im_address_resolve
                0x0001e3ee       0x42 build/library/nRF51822/TARGET_MCU_NRF51822/sdk/source/ble/peer_manager/id_manager.o
                0x0001e3ee                im_address_resolve
 .text.pstorage_flash_page_end
                0x0001e430       0x20 build/library/nRF51822/TARGET_MCU_NRF51822/sdk/source/drivers_nrf/pstorage/pstorage.o
 .text.sd_flash_write
                0x0001e450        0x4 build/library/nRF51822/TARGET_MCU_NRF51822/sdk/source/drivers_nrf/pstorage/pstorage.o
 .text.sd_flash_page_erase
                0x0001e454        0x4 build/library/nRF51822/TARGET_MCU_NRF51822/sdk/source/drivers_nrf/pstorage/pstorage.o
 .text.swap_sub_state_entry_action_run
                0x0001e458       0x18 build/library/nRF51822/TARGET_MCU_NRF51822/sdk/source/drivers_nrf/pstorage/pstorage.o
 .text.app_notify
                0x0001e470       0x2c build/library/nRF51822/TARGET_MCU_NRF51822/sdk/source/drivers_nrf/pstorage/pstorage.o
 .text.is_page_erase_required
                0x0001e49c       0x50 build/library/nRF51822/TARGET_MCU_NRF51822/sdk/source/drivers_nrf/pstorage/pstorage.o
 .text.swap_sub_state_err_busy_process
                0x0001e4ec       0x18 build/library/nRF51822/TARGET_MCU_NRF51822/sdk/source/drivers_nrf/pstorage/pstorage.o
 .text.data_to_swap_write_state_run
                0x0001e504       0x30 build/library/nRF51822/TARGET_MCU_NRF51822/sdk/source/drivers_nrf/pstorage/pstorage.o
 .text.swap_erase_state_run
                0x0001e534       0x24 build/library/nRF51822/TARGET_MCU_NRF51822/sdk/source/drivers_nrf/pstorage/pstorage.o
 .text.flash_api_err_code_process
                0x0001e558       0x40 build/library/nRF51822/TARGET_MCU_NRF51822/sdk/source/drivers_nrf/pstorage/pstorage.o
 .text.flash_write
                0x0001e598        0xc build/library/nRF51822/TARGET_MCU_NRF51822/sdk/source/drivers_nrf/pstorage/pstorage.o
 .text.store_cmd_flash_write_execute
                0x0001e5a4       0x58 build/library/nRF51822/TARGET_MCU_NRF51822/sdk/source/drivers_nrf/pstorage/pstorage.o
 .text.state_restore_head_entry_run
                0x0001e5fc       0x34 build/library/nRF51822/TARGET_MCU_NRF51822/sdk/source/drivers_nrf/pstorage/pstorage.o
 .text.state_restore_tail_entry_run
                0x0001e630       0x48 build/library/nRF51822/TARGET_MCU_NRF51822/sdk/source/drivers_nrf/pstorage/pstorage.o
 .text.state_write_data_swap_entry_run
                0x0001e678       0x2c build/library/nRF51822/TARGET_MCU_NRF51822/sdk/source/drivers_nrf/pstorage/pstorage.o
 .text.state_erase_data_page_entry_run
                0x0001e6a4       0x14 build/library/nRF51822/TARGET_MCU_NRF51822/sdk/source/drivers_nrf/pstorage/pstorage.o
 .text.state_entry_action_run
                0x0001e6b8       0xd0 build/library/nRF51822/TARGET_MCU_NRF51822/sdk/source/drivers_nrf/pstorage/pstorage.o
 .text.clear_operation_execute
                0x0001e788      0x144 build/library/nRF51822/TARGET_MCU_NRF51822/sdk/source/drivers_nrf/pstorage/pstorage.o
 .text.cmd_process
                0x0001e8cc       0x3c build/library/nRF51822/TARGET_MCU_NRF51822/sdk/source/drivers_nrf/pstorage/pstorage.o
 .text.unlikely.cmd_queue_enqueue
                0x0001e908       0x54 build/library/nRF51822/TARGET_MCU_NRF51822/sdk/source/drivers_nrf/pstorage/pstorage.o
 .text.command_end_procedure_run
                0x0001e95c       0x54 build/library/nRF51822/TARGET_MCU_NRF51822/sdk/source/drivers_nrf/pstorage/pstorage.o
 .text.clear_post_processing_run
                0x0001e9b0       0x2c build/library/nRF51822/TARGET_MCU_NRF51822/sdk/source/drivers_nrf/pstorage/pstorage.o
 .text.head_restore_state_run
                0x0001e9dc       0x94 build/library/nRF51822/TARGET_MCU_NRF51822/sdk/source/drivers_nrf/pstorage/pstorage.o
 .text.tail_restore_state_run
                0x0001ea70       0x1c build/library/nRF51822/TARGET_MCU_NRF51822/sdk/source/drivers_nrf/pstorage/pstorage.o
 .text.data_page_erase_state_run
                0x0001ea8c       0x70 build/library/nRF51822/TARGET_MCU_NRF51822/sdk/source/drivers_nrf/pstorage/pstorage.o
 .text.flash_operation_success_run
                0x0001eafc       0x98 build/library/nRF51822/TARGET_MCU_NRF51822/sdk/source/drivers_nrf/pstorage/pstorage.o
 .text.state_swap_erase_entry_run
                0x0001eb94       0x24 build/library/nRF51822/TARGET_MCU_NRF51822/sdk/source/drivers_nrf/pstorage/pstorage.o
 .text.pstorage_sys_event_handler
                0x0001ebb8       0x68 build/library/nRF51822/TARGET_MCU_NRF51822/sdk/source/drivers_nrf/pstorage/pstorage.o
                0x0001ebb8                pstorage_sys_event_handler
 .text.pstorage_init
                0x0001ec20       0x84 build/library/nRF51822/TARGET_MCU_NRF51822/sdk/source/drivers_nrf/pstorage/pstorage.o
                0x0001ec20                pstorage_init
 .text.pstorage_register
                0x0001eca4       0xbc build/library/nRF51822/TARGET_MCU_NRF51822/sdk/source/drivers_nrf/pstorage/pstorage.o
                0x0001eca4                pstorage_register
 .text.pstorage_block_identifier_get
                0x0001ed60       0x4c build/library/nRF51822/TARGET_MCU_NRF51822/sdk/source/drivers_nrf/pstorage/pstorage.o
                0x0001ed60                pstorage_block_identifier_get
 .text.pstorage_store
                0x0001edac       0x78 build/library/nRF51822/TARGET_MCU_NRF51822/sdk/source/drivers_nrf/pstorage/pstorage.o
                0x0001edac                pstorage_store
 .text.pstorage_update
                0x0001ee24       0x78 build/library/nRF51822/TARGET_MCU_NRF51822/sdk/source/drivers_nrf/pstorage/pstorage.o
                0x0001ee24                pstorage_update
 .text.pstorage_load
                0x0001ee9c       0x98 build/library/nRF51822/TARGET_MCU_NRF51822/sdk/source/drivers_nrf/pstorage/pstorage.o
                0x0001ee9c                pstorage_load
 .text.pstorage_clear
                0x0001ef34       0x88 build/library/nRF51822/TARGET_MCU_NRF51822/sdk/source/drivers_nrf/pstorage/pstorage.o
                0x0001ef34                pstorage_clear
 .text.sd_nvic_EnableIRQ
                0x0001efbc        0x4 build/library/nRF51822/TARGET_MCU_NRF51822/sdk/source/softdevice/common/softdevice_handler/softdevice_handler.o
 .text.sd_evt_get
                0x0001efc0        0x4 build/library/nRF51822/TARGET_MCU_NRF51822/sdk/source/softdevice/common/softdevice_handler/softdevice_handler.o
 .text.sd_softdevice_enable
                0x0001efc4        0x4 build/library/nRF51822/TARGET_MCU_NRF51822/sdk/source/softdevice/common/softdevice_handler/softdevice_handler.o
 .text.sd_softdevice_disable
                0x0001efc8        0x4 build/library/nRF51822/TARGET_MCU_NRF51822/sdk/source/softdevice/common/softdevice_handler/softdevice_handler.o
 .text.sd_ble_evt_get
                0x0001efcc        0x4 build/library/nRF51822/TARGET_MCU_NRF51822/sdk/source/softdevice/common/softdevice_handler/softdevice_handler.o
 .text.softdevice_assertion_handler
                0x0001efd0        0xc build/library/nRF51822/TARGET_MCU_NRF51822/sdk/source/softdevice/common/softdevice_handler/softdevice_handler.o
                0x0001efd0                softdevice_assertion_handler
 .text.intern_softdevice_events_execute
                0x0001efdc       0xb4 build/library/nRF51822/TARGET_MCU_NRF51822/sdk/source/softdevice/common/softdevice_handler/softdevice_handler.o
                0x0001efdc                intern_softdevice_events_execute
 .text.softdevice_handler_init
                0x0001f090       0x48 build/library/nRF51822/TARGET_MCU_NRF51822/sdk/source/softdevice/common/softdevice_handler/softdevice_handler.o
                0x0001f090                softdevice_handler_init
 .text.softdevice_handler_sd_disable
                0x0001f0d8       0x18 build/library/nRF51822/TARGET_MCU_NRF51822/sdk/source/softdevice/common/softdevice_handler/softdevice_handler.o
                0x0001f0d8                softdevice_handler_sd_disable
 .text.softdevice_ble_evt_handler_set
                0x0001f0f0       0x14 build/library/nRF51822/TARGET_MCU_NRF51822/sdk/source/softdevice/common/softdevice_handler/softdevice_handler.o
                0x0001f0f0                softdevice_ble_evt_handler_set
 .text.softdevice_sys_evt_handler_set
                0x0001f104       0x14 build/library/nRF51822/TARGET_MCU_NRF51822/sdk/source/softdevice/common/softdevice_handler/softdevice_handler.o
                0x0001f104                softdevice_sys_evt_handler_set
 .text.SWI2_IRQHandler
                0x0001f118       0x24 build/library/nRF51822/TARGET_MCU_NRF51822/sdk/source/softdevice/common/softdevice_handler/softdevice_handler.o
                0x0001f118                SWI2_IRQHandler
 .text.sd_ble_gap_address_set
                0x0001f13c        0x4 build/library/nRF51822/TARGET_MCU_NRF51822/source/btle/btle.o
 .text.sd_ble_gap_address_get
                0x0001f140        0x4 build/library/nRF51822/TARGET_MCU_NRF51822/source/btle/btle.o
 .text.sd_ble_enable
                0x0001f144        0x4 build/library/nRF51822/TARGET_MCU_NRF51822/source/btle/btle.o
 .text._ZL16sys_evt_dispatchm
                0x0001f148        0x8 build/library/nRF51822/TARGET_MCU_NRF51822/source/btle/btle.o
 .text._ZL11signalEventv
                0x0001f150       0x24 build/library/nRF51822/TARGET_MCU_NRF51822/source/btle/btle.o
 .text._ZL12btle_handlerP9ble_evt_t
                0x0001f174      0x1f4 build/library/nRF51822/TARGET_MCU_NRF51822/source/btle/btle.o
 .text.btle_init
                0x0001f368       0xa4 build/library/nRF51822/TARGET_MCU_NRF51822/source/btle/btle.o
                0x0001f368                btle_init
 .text.assert_nrf_callback
                0x0001f40c        0x2 build/library/nRF51822/TARGET_MCU_NRF51822/source/btle/btle.o
                0x0001f40c                assert_nrf_callback
 *fill*         0x0001f40e        0x2 
 .text.app_error_handler
                0x0001f410       0x24 build/library/nRF51822/TARGET_MCU_NRF51822/source/btle/btle.o
                0x0001f410                app_error_handler
 .text._ZN4UUIDC2Et
                0x0001f434       0x18 build/library/nRF51822/TARGET_MCU_NRF51822/source/btle/btle_discovery.o
                0x0001f434                UUID::UUID(unsigned short)
                0x0001f434                UUID::UUID(unsigned short)
 .text._ZNK4UUIDeqERKS_
                0x0001f44c       0x3c build/library/nRF51822/TARGET_MCU_NRF51822/source/btle/btle_discovery.o
                0x0001f44c                UUID::operator==(UUID const&) const
 .text._ZN21nRF5xServiceDiscovery32terminateCharacteristicDiscoveryE11ble_error_t
                0x0001f488      0x134 build/library/nRF51822/TARGET_MCU_NRF51822/source/btle/btle_discovery.o
                0x0001f488                nRF5xServiceDiscovery::terminateCharacteristicDiscovery(ble_error_t)
 .text._Z20bleGattcEventHandlerPK9ble_evt_t
                0x0001f5bc      0x16c build/library/nRF51822/TARGET_MCU_NRF51822/source/btle/btle_discovery.o
                0x0001f5bc                bleGattcEventHandler(ble_evt_t const*)
 .text._ZL23sd_ble_gap_tx_power_seta
                0x0001f728        0x4 build/library/nRF51822/TARGET_MCU_NRF51822/source/btle/btle_gap.o
 .text._ZL25sd_ble_gap_appearance_sett
                0x0001f72c        0x4 build/library/nRF51822/TARGET_MCU_NRF51822/source/btle/btle_gap.o
 .text._ZL19sd_ble_gap_ppcp_setPK21ble_gap_conn_params_t
                0x0001f730        0x4 build/library/nRF51822/TARGET_MCU_NRF51822/source/btle/btle_gap.o
 .text._ZL26sd_ble_gap_device_name_setPK23ble_gap_conn_sec_mode_tPKht
                0x0001f734        0x4 build/library/nRF51822/TARGET_MCU_NRF51822/source/btle/btle_gap.o
 .text._Z13btle_gap_initv
                0x0001f738       0x64 build/library/nRF51822/TARGET_MCU_NRF51822/source/btle/btle_gap.o
                0x0001f738                btle_gap_init()
 .text.sd_ble_gap_authenticate
                0x0001f79c        0x4 build/library/nRF51822/TARGET_MCU_NRF51822/source/btle/btle_security.o
 .text.sd_ble_opt_set
                0x0001f7a0        0x4 build/library/nRF51822/TARGET_MCU_NRF51822/source/btle/btle_security.o
 .text._ZL10dm_handlerPK13device_handlePK10dm_event_tm
                0x0001f7a4       0xa4 build/library/nRF51822/TARGET_MCU_NRF51822/source/btle/btle_security.o
 .text._Z27btle_hasInitializedSecurityv
                0x0001f848        0xc build/library/nRF51822/TARGET_MCU_NRF51822/source/btle/btle_security.o
                0x0001f848                btle_hasInitializedSecurity()
 .text._Z23btle_initializeSecuritybbN15SecurityManager24SecurityIOCapabilities_tEPKh
                0x0001f854       0xd4 build/library/nRF51822/TARGET_MCU_NRF51822/source/btle/btle_security.o
                0x0001f854                btle_initializeSecurity(bool, bool, SecurityManager::SecurityIOCapabilities_t, unsigned char const*)
 .text._Z25btle_purgeAllBondingStatev
                0x0001f928       0x24 build/library/nRF51822/TARGET_MCU_NRF51822/source/btle/btle_security.o
                0x0001f928                btle_purgeAllBondingState()
 .text._Z20btle_getLinkSecuritytPN15SecurityManager20LinkSecurityStatus_tE
                0x0001f94c       0x48 build/library/nRF51822/TARGET_MCU_NRF51822/source/btle/btle_security.o
                0x0001f94c                btle_getLinkSecurity(unsigned short, SecurityManager::LinkSecurityStatus_t*)
 .text._Z20btle_setLinkSecuritytN15SecurityManager14SecurityMode_tE
                0x0001f994       0x48 build/library/nRF51822/TARGET_MCU_NRF51822/source/btle/btle_security.o
                0x0001f994                btle_setLinkSecurity(unsigned short, SecurityManager::SecurityMode_t)
 .text._Z33btle_createWhitelistFromBondTableP19ble_gap_whitelist_t
                0x0001f9dc       0x30 build/library/nRF51822/TARGET_MCU_NRF51822/source/btle/btle_security.o
                0x0001f9dc                btle_createWhitelistFromBondTable(ble_gap_whitelist_t*)
 .text._Z23btle_matchAddressAndIrkPK14ble_gap_addr_tPK13ble_gap_irk_t
                0x0001fa0c        0x8 build/library/nRF51822/TARGET_MCU_NRF51822/source/btle/btle_security.o
                0x0001fa0c                btle_matchAddressAndIrk(ble_gap_addr_t const*, ble_gap_irk_t const*)
 .text._Z30btle_generateResolvableAddressRK13ble_gap_irk_tR14ble_gap_addr_t
                0x0001fa14       0x1c build/library/nRF51822/TARGET_MCU_NRF51822/source/btle/btle_security.o
                0x0001fa14                btle_generateResolvableAddress(ble_gap_irk_t const&, ble_gap_addr_t&)
 .text._ZL31sd_ble_gatts_characteristic_addtPK19ble_gatts_char_md_tPK16ble_gatts_attr_tP24ble_gatts_char_handles_t
                0x0001fa30        0x4 build/library/nRF51822/TARGET_MCU_NRF51822/source/btle/custom/custom_helper.o
 .text._ZL27sd_ble_gatts_descriptor_addtPK16ble_gatts_attr_tPt
                0x0001fa34        0x4 build/library/nRF51822/TARGET_MCU_NRF51822/source/btle/custom/custom_helper.o
 .text._ZL18sd_ble_uuid_vs_addPK13ble_uuid128_tPh
                0x0001fa38        0x4 build/library/nRF51822/TARGET_MCU_NRF51822/source/btle/custom/custom_helper.o
 .text.custom_add_uuid_base
                0x0001fa3c       0x2e build/library/nRF51822/TARGET_MCU_NRF51822/source/btle/custom/custom_helper.o
                0x0001fa3c                custom_add_uuid_base
 *fill*         0x0001fa6a        0x2 
 .text.custom_convert_to_nordic_uuid
                0x0001fa6c       0xb4 build/library/nRF51822/TARGET_MCU_NRF51822/source/btle/custom/custom_helper.o
                0x0001fa6c                custom_convert_to_nordic_uuid
 .text.custom_add_in_characteristic
                0x0001fb20      0x186 build/library/nRF51822/TARGET_MCU_NRF51822/source/btle/custom/custom_helper.o
                0x0001fb20                custom_add_in_characteristic
 .text.custom_add_in_descriptor
                0x0001fca6       0x6a build/library/nRF51822/TARGET_MCU_NRF51822/source/btle/custom/custom_helper.o
                0x0001fca6                custom_add_in_descriptor
 .text._ZL33sd_ble_gattc_descriptors_discovertPK24ble_gattc_handle_range_t
                0x0001fd10        0x4 build/library/nRF51822/TARGET_MCU_NRF51822/source/nRF5xCharacteristicDescriptorDiscoverer.o
 .text._ZN26FunctionPointerWithContextIPKN33CharacteristicDescriptorDiscovery25DiscoveryCallbackParams_tEE14functioncallerEPKS4_S3_
                0x0001fd14        0xe build/library/nRF51822/TARGET_MCU_NRF51822/source/nRF5xCharacteristicDescriptorDiscoverer.o
                0x0001fd14                FunctionPointerWithContext<CharacteristicDescriptorDiscovery::DiscoveryCallbackParams_t const*>::functioncaller(FunctionPointerWithContext<CharacteristicDescriptorDiscovery::DiscoveryCallbackParams_t const*> const*, CharacteristicDescriptorDiscovery::DiscoveryCallbackParams_t const*)
 .text._ZN26FunctionPointerWithContextIPKN33CharacteristicDescriptorDiscovery27TerminationCallbackParams_tEE14functioncallerEPKS4_S3_
                0x0001fd22        0xe build/library/nRF51822/TARGET_MCU_NRF51822/source/nRF5xCharacteristicDescriptorDiscoverer.o
                0x0001fd22                FunctionPointerWithContext<CharacteristicDescriptorDiscovery::TerminationCallbackParams_t const*>::functioncaller(FunctionPointerWithContext<CharacteristicDescriptorDiscovery::TerminationCallbackParams_t const*> const*, CharacteristicDescriptorDiscovery::TerminationCallbackParams_t const*)
 .text._ZeqRK24DiscoveredCharacteristicS1_
                0x0001fd30       0x68 build/library/nRF51822/TARGET_MCU_NRF51822/source/nRF5xCharacteristicDescriptorDiscoverer.o
                0x0001fd30                operator==(DiscoveredCharacteristic const&, DiscoveredCharacteristic const&)
 .text._ZN39nRF5xCharacteristicDescriptorDiscoverer9DiscoveryaSERKS0_
                0x0001fd98       0x34 build/library/nRF51822/TARGET_MCU_NRF51822/source/nRF5xCharacteristicDescriptorDiscoverer.o
                0x0001fd98                nRF5xCharacteristicDescriptorDiscoverer::Discovery::operator=(nRF5xCharacteristicDescriptorDiscoverer::Discovery const&)
 .text._ZNK39nRF5xCharacteristicDescriptorDiscoverer8isActiveERK24DiscoveredCharacteristic
                0x0001fdcc       0x1e build/library/nRF51822/TARGET_MCU_NRF51822/source/nRF5xCharacteristicDescriptorDiscoverer.o
                0x0001fdcc                nRF5xCharacteristicDescriptorDiscoverer::isActive(DiscoveredCharacteristic const&) const
 .text._ZN24DiscoveredCharacteristicC2ERKS_
                0x0001fdea       0x34 build/library/nRF51822/TARGET_MCU_NRF51822/source/nRF5xCharacteristicDescriptorDiscoverer.o
                0x0001fdea                DiscoveredCharacteristic::DiscoveredCharacteristic(DiscoveredCharacteristic const&)
                0x0001fdea                DiscoveredCharacteristic::DiscoveredCharacteristic(DiscoveredCharacteristic const&)
 *fill*         0x0001fe1e        0x2 
 .text._ZN39nRF5xCharacteristicDescriptorDiscoverer26gattc_descriptors_discoverEttt
                0x0001fe20       0x38 build/library/nRF51822/TARGET_MCU_NRF51822/source/nRF5xCharacteristicDescriptorDiscoverer.o
                0x0001fe20                nRF5xCharacteristicDescriptorDiscoverer::gattc_descriptors_discover(unsigned short, unsigned short, unsigned short)
 .text._ZN39nRF5xCharacteristicDescriptorDiscoverer9DiscoveryC2Ev
                0x0001fe58       0x54 build/library/nRF51822/TARGET_MCU_NRF51822/source/nRF5xCharacteristicDescriptorDiscoverer.o
                0x0001fe58                nRF5xCharacteristicDescriptorDiscoverer::Discovery::Discovery()
                0x0001fe58                nRF5xCharacteristicDescriptorDiscoverer::Discovery::Discovery()
 .text._ZN39nRF5xCharacteristicDescriptorDiscovererC2Ev
                0x0001feac       0x1c build/library/nRF51822/TARGET_MCU_NRF51822/source/nRF5xCharacteristicDescriptorDiscoverer.o
                0x0001feac                nRF5xCharacteristicDescriptorDiscoverer::nRF5xCharacteristicDescriptorDiscoverer()
                0x0001feac                nRF5xCharacteristicDescriptorDiscoverer::nRF5xCharacteristicDescriptorDiscoverer()
 .text._ZN39nRF5xCharacteristicDescriptorDiscoverer9DiscoveryC2ERK24DiscoveredCharacteristicRK26FunctionPointerWithContextIPKN33CharacteristicDescriptorDiscovery25DiscoveryCallbackParams_tEERKS4_IPKNS5_27TerminationCallbackParams_tEE
                0x0001fec8       0x32 build/library/nRF51822/TARGET_MCU_NRF51822/source/nRF5xCharacteristicDescriptorDiscoverer.o
                0x0001fec8                nRF5xCharacteristicDescriptorDiscoverer::Discovery::Discovery(DiscoveredCharacteristic const&, FunctionPointerWithContext<CharacteristicDescriptorDiscovery::DiscoveryCallbackParams_t const*> const&, FunctionPointerWithContext<CharacteristicDescriptorDiscovery::TerminationCallbackParams_t const*> const&)
                0x0001fec8                nRF5xCharacteristicDescriptorDiscoverer::Discovery::Discovery(DiscoveredCharacteristic const&, FunctionPointerWithContext<CharacteristicDescriptorDiscovery::DiscoveryCallbackParams_t const*> const&, FunctionPointerWithContext<CharacteristicDescriptorDiscovery::TerminationCallbackParams_t const*> const&)
 .text._ZN39nRF5xCharacteristicDescriptorDiscoverer9Discovery7processEtRK4UUID
                0x0001fefa       0x3a build/library/nRF51822/TARGET_MCU_NRF51822/source/nRF5xCharacteristicDescriptorDiscoverer.o
                0x0001fefa                nRF5xCharacteristicDescriptorDiscoverer::Discovery::process(unsigned short, UUID const&)
 .text._ZN39nRF5xCharacteristicDescriptorDiscoverer9Discovery9terminateE11ble_error_t
                0x0001ff34       0x14 build/library/nRF51822/TARGET_MCU_NRF51822/source/nRF5xCharacteristicDescriptorDiscoverer.o
                0x0001ff34                nRF5xCharacteristicDescriptorDiscoverer::Discovery::terminate(ble_error_t)
 .text._ZN39nRF5xCharacteristicDescriptorDiscoverer9terminateEPNS_9DiscoveryE11ble_error_t
                0x0001ff48       0x48 build/library/nRF51822/TARGET_MCU_NRF51822/source/nRF5xCharacteristicDescriptorDiscoverer.o
                0x0001ff48                nRF5xCharacteristicDescriptorDiscoverer::terminate(nRF5xCharacteristicDescriptorDiscoverer::Discovery*, ble_error_t)
 .text._ZNK39nRF5xCharacteristicDescriptorDiscoverer9Discovery7isEmptyEv
                0x0001ff90       0x56 build/library/nRF51822/TARGET_MCU_NRF51822/source/nRF5xCharacteristicDescriptorDiscoverer.o
                0x0001ff90                nRF5xCharacteristicDescriptorDiscoverer::Discovery::isEmpty() const
 .text._ZN39nRF5xCharacteristicDescriptorDiscoverer20findRunningDiscoveryERK24DiscoveredCharacteristic
                0x0001ffe6       0x2e build/library/nRF51822/TARGET_MCU_NRF51822/source/nRF5xCharacteristicDescriptorDiscoverer.o
                0x0001ffe6                nRF5xCharacteristicDescriptorDiscoverer::findRunningDiscovery(DiscoveredCharacteristic const&)
 .text._ZN39nRF5xCharacteristicDescriptorDiscoverer16requestTerminateERK24DiscoveredCharacteristic
                0x00020014       0x16 build/library/nRF51822/TARGET_MCU_NRF51822/source/nRF5xCharacteristicDescriptorDiscoverer.o
                0x00020014                nRF5xCharacteristicDescriptorDiscoverer::requestTerminate(DiscoveredCharacteristic const&)
 .text._ZN39nRF5xCharacteristicDescriptorDiscoverer20findRunningDiscoveryEt
                0x0002002a       0x28 build/library/nRF51822/TARGET_MCU_NRF51822/source/nRF5xCharacteristicDescriptorDiscoverer.o
                0x0002002a                nRF5xCharacteristicDescriptorDiscoverer::findRunningDiscovery(unsigned short)
 .text._ZN39nRF5xCharacteristicDescriptorDiscoverer9terminateEt11ble_error_t
                0x00020052       0x18 build/library/nRF51822/TARGET_MCU_NRF51822/source/nRF5xCharacteristicDescriptorDiscoverer.o
                0x00020052                nRF5xCharacteristicDescriptorDiscoverer::terminate(unsigned short, ble_error_t)
 .text._ZN39nRF5xCharacteristicDescriptorDiscoverer17isConnectionInUseEt
                0x0002006a        0xe build/library/nRF51822/TARGET_MCU_NRF51822/source/nRF5xCharacteristicDescriptorDiscoverer.o
                0x0002006a                nRF5xCharacteristicDescriptorDiscoverer::isConnectionInUse(unsigned short)
 .text._ZN39nRF5xCharacteristicDescriptorDiscoverer7processEtRK29ble_gattc_evt_desc_disc_rsp_t
                0x00020078       0x7e build/library/nRF51822/TARGET_MCU_NRF51822/source/nRF5xCharacteristicDescriptorDiscoverer.o
                0x00020078                nRF5xCharacteristicDescriptorDiscoverer::process(unsigned short, ble_gattc_evt_desc_disc_rsp_t const&)
 .text._ZN39nRF5xCharacteristicDescriptorDiscoverer25getAvailableDiscoverySlotEv
                0x000200f6       0x1e build/library/nRF51822/TARGET_MCU_NRF51822/source/nRF5xCharacteristicDescriptorDiscoverer.o
                0x000200f6                nRF5xCharacteristicDescriptorDiscoverer::getAvailableDiscoverySlot()
 .text._ZN39nRF5xCharacteristicDescriptorDiscoverer6launchERK24DiscoveredCharacteristicRK26FunctionPointerWithContextIPKN33CharacteristicDescriptorDiscovery25DiscoveryCallbackParams_tEERKS3_IPKNS4_27TerminationCallbackParams_tEE
                0x00020114       0x76 build/library/nRF51822/TARGET_MCU_NRF51822/source/nRF5xCharacteristicDescriptorDiscoverer.o
                0x00020114                nRF5xCharacteristicDescriptorDiscoverer::launch(DiscoveredCharacteristic const&, FunctionPointerWithContext<CharacteristicDescriptorDiscovery::DiscoveryCallbackParams_t const*> const&, FunctionPointerWithContext<CharacteristicDescriptorDiscovery::TerminationCallbackParams_t const*> const&)
 .text._ZN29nRF5xDiscoveredCharacteristic5setupEP15nRF5xGattClientt21ble_gatt_char_props_ttt
                0x0002018a       0x6c build/library/nRF51822/TARGET_MCU_NRF51822/source/nRF5xDiscoveredCharacteristic.o
                0x0002018a                nRF5xDiscoveredCharacteristic::setup(nRF5xGattClient*, unsigned short, ble_gatt_char_props_t, unsigned short, unsigned short)
 .text._ZN29nRF5xDiscoveredCharacteristic5setupEP15nRF5xGattClienttt21ble_gatt_char_props_ttt
                0x000201f6       0x9e build/library/nRF51822/TARGET_MCU_NRF51822/source/nRF5xDiscoveredCharacteristic.o
                0x000201f6                nRF5xDiscoveredCharacteristic::setup(nRF5xGattClient*, unsigned short, unsigned short, ble_gatt_char_props_t, unsigned short, unsigned short)
 .text._ZL22sd_ble_gap_address_sethPK14ble_gap_addr_t
                0x00020294        0x4 build/library/nRF51822/TARGET_MCU_NRF51822/source/nRF5xGap.o
 .text._ZL22sd_ble_gap_address_getP14ble_gap_addr_t
                0x00020298        0x4 build/library/nRF51822/TARGET_MCU_NRF51822/source/nRF5xGap.o
 .text._ZL23sd_ble_gap_adv_data_setPKhhS0_h
                0x0002029c        0x4 build/library/nRF51822/TARGET_MCU_NRF51822/source/nRF5xGap.o
 .text._ZL20sd_ble_gap_adv_startPK20ble_gap_adv_params_t
                0x000202a0        0x4 build/library/nRF51822/TARGET_MCU_NRF51822/source/nRF5xGap.o
 .text._ZL19sd_ble_gap_adv_stopv
                0x000202a4        0x4 build/library/nRF51822/TARGET_MCU_NRF51822/source/nRF5xGap.o
 .text._ZL28sd_ble_gap_conn_param_updatetPK21ble_gap_conn_params_t
                0x000202a8        0x4 build/library/nRF51822/TARGET_MCU_NRF51822/source/nRF5xGap.o
 .text._ZL21sd_ble_gap_disconnectth
                0x000202ac        0x4 build/library/nRF51822/TARGET_MCU_NRF51822/source/nRF5xGap.o
 .text._ZL23sd_ble_gap_tx_power_seta
                0x000202b0        0x4 build/library/nRF51822/TARGET_MCU_NRF51822/source/nRF5xGap.o
 .text._ZL25sd_ble_gap_appearance_sett
                0x000202b4        0x4 build/library/nRF51822/TARGET_MCU_NRF51822/source/nRF5xGap.o
 .text._ZL25sd_ble_gap_appearance_getPt
                0x000202b8        0x4 build/library/nRF51822/TARGET_MCU_NRF51822/source/nRF5xGap.o
 .text._ZL19sd_ble_gap_ppcp_setPK21ble_gap_conn_params_t
                0x000202bc        0x4 build/library/nRF51822/TARGET_MCU_NRF51822/source/nRF5xGap.o
 .text._ZL19sd_ble_gap_ppcp_getP21ble_gap_conn_params_t
                0x000202c0        0x4 build/library/nRF51822/TARGET_MCU_NRF51822/source/nRF5xGap.o
 .text._ZL26sd_ble_gap_device_name_setPK23ble_gap_conn_sec_mode_tPKht
                0x000202c4        0x4 build/library/nRF51822/TARGET_MCU_NRF51822/source/nRF5xGap.o
 .text._ZL26sd_ble_gap_device_name_getPhPt
                0x000202c8        0x4 build/library/nRF51822/TARGET_MCU_NRF51822/source/nRF5xGap.o
 .text._ZL21sd_ble_gap_scan_startPK21ble_gap_scan_params_t
                0x000202cc        0x4 build/library/nRF51822/TARGET_MCU_NRF51822/source/nRF5xGap.o
 .text._ZL20sd_ble_gap_scan_stopv
                0x000202d0        0x4 build/library/nRF51822/TARGET_MCU_NRF51822/source/nRF5xGap.o
 .text._ZL18sd_ble_gap_connectPK14ble_gap_addr_tPK21ble_gap_scan_params_tPK21ble_gap_conn_params_t
                0x000202d4        0x4 build/library/nRF51822/TARGET_MCU_NRF51822/source/nRF5xGap.o
 .text._ZNK8nRF5xGap25getMinAdvertisingIntervalEv
                0x000202d8        0x4 build/library/nRF51822/TARGET_MCU_NRF51822/source/nRF5xGap.o
                0x000202d8                nRF5xGap::getMinAdvertisingInterval() const
 .text._ZNK8nRF5xGap39getMinNonConnectableAdvertisingIntervalEv
                0x000202dc        0x4 build/library/nRF51822/TARGET_MCU_NRF51822/source/nRF5xGap.o
                0x000202dc                nRF5xGap::getMinNonConnectableAdvertisingInterval() const
 .text._ZNK8nRF5xGap25getMaxAdvertisingIntervalEv
                0x000202e0        0x6 build/library/nRF51822/TARGET_MCU_NRF51822/source/nRF5xGap.o
                0x000202e0                nRF5xGap::getMaxAdvertisingInterval() const
 .text._ZN8nRF5xGap8stopScanEv
                0x000202e6       0x10 build/library/nRF51822/TARGET_MCU_NRF51822/source/nRF5xGap.o
                0x000202e6                nRF5xGap::stopScan()
 .text._ZN8nRF5xGap15stopAdvertisingEv
                0x000202f6       0x1e build/library/nRF51822/TARGET_MCU_NRF51822/source/nRF5xGap.o
                0x000202f6                nRF5xGap::stopAdvertising()
 .text._ZN8nRF5xGap10disconnectEtN3Gap21DisconnectionReason_tE
                0x00020314       0x1e build/library/nRF51822/TARGET_MCU_NRF51822/source/nRF5xGap.o
                0x00020314                nRF5xGap::disconnect(unsigned short, Gap::DisconnectionReason_t)
 .text._ZN8nRF5xGap10disconnectEN3Gap21DisconnectionReason_tE
                0x00020332       0x12 build/library/nRF51822/TARGET_MCU_NRF51822/source/nRF5xGap.o
                0x00020332                nRF5xGap::disconnect(Gap::DisconnectionReason_t)
 .text._ZN8nRF5xGap28getPreferredConnectionParamsEPN3Gap18ConnectionParams_tE
                0x00020344       0x16 build/library/nRF51822/TARGET_MCU_NRF51822/source/nRF5xGap.o
                0x00020344                nRF5xGap::getPreferredConnectionParams(Gap::ConnectionParams_t*)
 .text._ZN8nRF5xGap28setPreferredConnectionParamsEPKN3Gap18ConnectionParams_tE
                0x0002035a       0x16 build/library/nRF51822/TARGET_MCU_NRF51822/source/nRF5xGap.o
                0x0002035a                nRF5xGap::setPreferredConnectionParams(Gap::ConnectionParams_t const*)
 .text._ZN8nRF5xGap22updateConnectionParamsEtPKN3Gap18ConnectionParams_tE
                0x00020370       0x14 build/library/nRF51822/TARGET_MCU_NRF51822/source/nRF5xGap.o
                0x00020370                nRF5xGap::updateConnectionParams(unsigned short, Gap::ConnectionParams_t const*)
 .text._ZN8nRF5xGap13getDeviceNameEPhPj
                0x00020384       0x14 build/library/nRF51822/TARGET_MCU_NRF51822/source/nRF5xGap.o
                0x00020384                nRF5xGap::getDeviceName(unsigned char*, unsigned int*)
 .text._ZN8nRF5xGap13setAppearanceEN18GapAdvertisingData12Appearance_tE
                0x00020398       0x12 build/library/nRF51822/TARGET_MCU_NRF51822/source/nRF5xGap.o
                0x00020398                nRF5xGap::setAppearance(GapAdvertisingData::Appearance_t)
 .text._ZN8nRF5xGap13getAppearanceEPN18GapAdvertisingData12Appearance_tE
                0x000203aa       0x12 build/library/nRF51822/TARGET_MCU_NRF51822/source/nRF5xGap.o
                0x000203aa                nRF5xGap::getAppearance(GapAdvertisingData::Appearance_t*)
 .text._ZN8nRF5xGap10setTxPowerEa
                0x000203bc       0x1a build/library/nRF51822/TARGET_MCU_NRF51822/source/nRF5xGap.o
                0x000203bc                nRF5xGap::setTxPower(signed char)
 *fill*         0x000203d6        0x2 
 .text._ZN8nRF5xGap25getPermittedTxPowerValuesEPPKaPj
                0x000203d8       0x10 build/library/nRF51822/TARGET_MCU_NRF51822/source/nRF5xGap.o
                0x000203d8                nRF5xGap::getPermittedTxPowerValues(signed char const**, unsigned int*)
 .text._ZNK8nRF5xGap19getMaxWhitelistSizeEv
                0x000203e8        0x4 build/library/nRF51822/TARGET_MCU_NRF51822/source/nRF5xGap.o
                0x000203e8                nRF5xGap::getMaxWhitelistSize() const
 .text._ZN8nRF5xGap24setAdvertisingPolicyModeEN3Gap23AdvertisingPolicyMode_tE
                0x000203ec        0x8 build/library/nRF51822/TARGET_MCU_NRF51822/source/nRF5xGap.o
                0x000203ec                nRF5xGap::setAdvertisingPolicyMode(Gap::AdvertisingPolicyMode_t)
 .text._ZN8nRF5xGap21setScanningPolicyModeEN3Gap20ScanningPolicyMode_tE
                0x000203f4        0x8 build/library/nRF51822/TARGET_MCU_NRF51822/source/nRF5xGap.o
                0x000203f4                nRF5xGap::setScanningPolicyMode(Gap::ScanningPolicyMode_t)
 .text._ZN8nRF5xGap22setInitiatorPolicyModeEN3Gap21InitiatorPolicyMode_tE
                0x000203fc        0x4 build/library/nRF51822/TARGET_MCU_NRF51822/source/nRF5xGap.o
                0x000203fc                nRF5xGap::setInitiatorPolicyMode(Gap::InitiatorPolicyMode_t)
 .text._ZNK8nRF5xGap24getAdvertisingPolicyModeEv
                0x00020400        0x6 build/library/nRF51822/TARGET_MCU_NRF51822/source/nRF5xGap.o
                0x00020400                nRF5xGap::getAdvertisingPolicyMode() const
 .text._ZNK8nRF5xGap21getScanningPolicyModeEv
                0x00020406        0x6 build/library/nRF51822/TARGET_MCU_NRF51822/source/nRF5xGap.o
                0x00020406                nRF5xGap::getScanningPolicyMode() const
 .text._ZNK8nRF5xGap22getInitiatorPolicyModeEv
                0x0002040c        0x4 build/library/nRF51822/TARGET_MCU_NRF51822/source/nRF5xGap.o
                0x0002040c                nRF5xGap::getInitiatorPolicyMode() const
 .text._ZN26FunctionPointerWithContextIPKN3Gap29AdvertisementCallbackParams_tEE14functioncallerEPKS4_S3_
                0x00020410        0xe build/library/nRF51822/TARGET_MCU_NRF51822/source/nRF5xGap.o
                0x00020410                FunctionPointerWithContext<Gap::AdvertisementCallbackParams_t const*>::functioncaller(FunctionPointerWithContext<Gap::AdvertisementCallbackParams_t const*> const*, Gap::AdvertisementCallbackParams_t const*)
 .text._ZN26FunctionPointerWithContextIbE14functioncallerEPKS0_b
                0x0002041e        0xe build/library/nRF51822/TARGET_MCU_NRF51822/source/nRF5xGap.o
                0x0002041e                FunctionPointerWithContext<bool>::functioncaller(FunctionPointerWithContext<bool> const*, bool)
 .text._ZN8nRF5xGap29postRadioNotificationCallbackEv
                0x0002042c       0x12 build/library/nRF51822/TARGET_MCU_NRF51822/source/nRF5xGap.o
                0x0002042c                nRF5xGap::postRadioNotificationCallback()
 .text._ZN4mbed8CallbackIFvvEE13function_moveINS2_14method_contextI8nRF5xGapMS5_FvvEEEEEvPvPKv
                0x0002043e        0xc build/library/nRF51822/TARGET_MCU_NRF51822/source/nRF5xGap.o
                0x0002043e                void mbed::Callback<void ()>::function_move<mbed::Callback<void ()>::method_context<nRF5xGap, void (nRF5xGap::*)()> >(void*, void const*)
 .text._ZN4mbed8CallbackIFvvEE13function_dtorINS2_14method_contextI8nRF5xGapMS5_FvvEEEEEvPv
                0x0002044a        0x2 build/library/nRF51822/TARGET_MCU_NRF51822/source/nRF5xGap.o
                0x0002044a                void mbed::Callback<void ()>::function_dtor<mbed::Callback<void ()>::method_context<nRF5xGap, void (nRF5xGap::*)()> >(void*)
 .text._ZN4mbed8CallbackIFvvEE13function_callINS2_14method_contextI8nRF5xGapMS5_FvvEEEEEvPKv
                0x0002044c       0x18 build/library/nRF51822/TARGET_MCU_NRF51822/source/nRF5xGap.o
                0x0002044c                void mbed::Callback<void ()>::function_call<mbed::Callback<void ()>::method_context<nRF5xGap, void (nRF5xGap::*)()> >(void const*)
 .text._ZN8nRF5xGap10setAddressEN11BLEProtocol11AddressType4TypeEPKh
                0x00020464       0x34 build/library/nRF51822/TARGET_MCU_NRF51822/source/nRF5xGap.o
                0x00020464                nRF5xGap::setAddress(BLEProtocol::AddressType::Type, unsigned char const*)
 .text._ZN8nRF5xGap10getAddressEPN11BLEProtocol11AddressType4TypeEPh
                0x00020498       0x32 build/library/nRF51822/TARGET_MCU_NRF51822/source/nRF5xGap.o
                0x00020498                nRF5xGap::getAddress(BLEProtocol::AddressType::Type*, unsigned char*)
 .text._ZNK8nRF5xGap12getWhitelistERN3Gap11Whitelist_tE
                0x000204ca       0x3a build/library/nRF51822/TARGET_MCU_NRF51822/source/nRF5xGap.o
                0x000204ca                nRF5xGap::getWhitelist(Gap::Whitelist_t&) const
 .text._ZN8nRF5xGap13setDeviceNameEPKh
                0x00020504       0x24 build/library/nRF51822/TARGET_MCU_NRF51822/source/nRF5xGap.o
                0x00020504                nRF5xGap::setDeviceName(unsigned char const*)
 .text._ZN8nRF5xGap21initRadioNotificationEv
                0x00020528       0x1c build/library/nRF51822/TARGET_MCU_NRF51822/source/nRF5xGap.o
                0x00020528                nRF5xGap::initRadioNotification()
 .text._ZN8nRF5xGap12setWhitelistERKN3Gap11Whitelist_tE
                0x00020544       0x6c build/library/nRF51822/TARGET_MCU_NRF51822/source/nRF5xGap.o
                0x00020544                nRF5xGap::setWhitelist(Gap::Whitelist_t const&)
 .text._ZN8nRF5xGap18setAdvertisingDataERK18GapAdvertisingDataS2_
                0x000205b0       0x2c build/library/nRF51822/TARGET_MCU_NRF51822/source/nRF5xGap.o
                0x000205b0                nRF5xGap::setAdvertisingData(GapAdvertisingData const&, GapAdvertisingData const&)
 .text._ZN3Gap5resetEv
                0x000205dc       0xf4 build/library/nRF51822/TARGET_MCU_NRF51822/source/nRF5xGap.o
                0x000205dc                Gap::reset()
 .text._ZN8nRF5xGap5resetEv
                0x000206d0       0x28 build/library/nRF51822/TARGET_MCU_NRF51822/source/nRF5xGap.o
                0x000206d0                nRF5xGap::reset()
 .text._ZN8nRF5xGap19setConnectionHandleEt
                0x000206f8        0x6 build/library/nRF51822/TARGET_MCU_NRF51822/source/nRF5xGap.o
                0x000206f8                nRF5xGap::setConnectionHandle(unsigned short)
 .text._ZN8nRF5xGap19getConnectionHandleEv
                0x000206fe        0x6 build/library/nRF51822/TARGET_MCU_NRF51822/source/nRF5xGap.o
                0x000206fe                nRF5xGap::getConnectionHandle()
 .text._ZN8nRF5xGap22generateStackWhitelistER19ble_gap_whitelist_t
                0x00020704       0xe0 build/library/nRF51822/TARGET_MCU_NRF51822/source/nRF5xGap.o
                0x00020704                nRF5xGap::generateStackWhitelist(ble_gap_whitelist_t&)
 .text._ZN8nRF5xGap16startAdvertisingERK20GapAdvertisingParams
                0x000207e4       0xa0 build/library/nRF51822/TARGET_MCU_NRF51822/source/nRF5xGap.o
                0x000207e4                nRF5xGap::startAdvertising(GapAdvertisingParams const&)
 .text._ZN8nRF5xGap14startRadioScanERK17GapScanningParams
                0x00020884       0x6c build/library/nRF51822/TARGET_MCU_NRF51822/source/nRF5xGap.o
                0x00020884                nRF5xGap::startRadioScan(GapScanningParams const&)
 .text._ZN8nRF5xGap7connectEPKhN11BLEProtocol11AddressType4TypeEPKN3Gap18ConnectionParams_tEPK17GapScanningParams
                0x000208f0       0xec build/library/nRF51822/TARGET_MCU_NRF51822/source/nRF5xGap.o
                0x000208f0                nRF5xGap::connect(unsigned char const*, BLEProtocol::AddressType::Type, Gap::ConnectionParams_t const*, GapScanningParams const*)
 .text._Z31radioNotificationStaticCallbackb
                0x000209dc       0x68 build/library/nRF51822/TARGET_MCU_NRF51822/source/nRF5xGap.o
                0x000209dc                radioNotificationStaticCallback(bool)
 .text._ZN10GattClient16discoverServicesEt26FunctionPointerWithContextIPK17DiscoveredServiceEtt
                0x00020a44        0x4 build/library/nRF51822/TARGET_MCU_NRF51822/source/nRF5xGattClient.o
                0x00020a44                GattClient::discoverServices(unsigned short, FunctionPointerWithContext<DiscoveredService const*>, unsigned short, unsigned short)
 .text._ZNK10GattClient41isCharacteristicDescriptorDiscoveryActiveERK24DiscoveredCharacteristic
                0x00020a48        0x4 build/library/nRF51822/TARGET_MCU_NRF51822/source/nRF5xGattClient.o
                0x00020a48                GattClient::isCharacteristicDescriptorDiscoveryActive(DiscoveredCharacteristic const&) const
 .text._ZN10GattClient42terminateCharacteristicDescriptorDiscoveryERK24DiscoveredCharacteristic
                0x00020a4c        0x2 build/library/nRF51822/TARGET_MCU_NRF51822/source/nRF5xGattClient.o
                0x00020a4c                GattClient::terminateCharacteristicDescriptorDiscovery(DiscoveredCharacteristic const&)
 .text._ZL38sd_ble_gattc_primary_services_discoverttPK10ble_uuid_t
                0x00020a4e        0x4 build/library/nRF51822/TARGET_MCU_NRF51822/source/nRF5xGattClient.o
 .text._ZL17sd_ble_gattc_readttt
                0x00020a52        0x4 build/library/nRF51822/TARGET_MCU_NRF51822/source/nRF5xGattClient.o
 .text._ZL18sd_ble_gattc_writetPK24ble_gattc_write_params_t
                0x00020a56        0x4 build/library/nRF51822/TARGET_MCU_NRF51822/source/nRF5xGattClient.o
 .text._ZNK15nRF5xGattClient24isServiceDiscoveryActiveEv
                0x00020a5a        0xc build/library/nRF51822/TARGET_MCU_NRF51822/source/nRF5xGattClient.o
                0x00020a5a                nRF5xGattClient::isServiceDiscoveryActive() const
 .text._ZNK15nRF5xGattClient4readEttt
                0x00020a66       0x1e build/library/nRF51822/TARGET_MCU_NRF51822/source/nRF5xGattClient.o
                0x00020a66                nRF5xGattClient::read(unsigned short, unsigned short, unsigned short) const
 .text._ZNK15nRF5xGattClient5writeEN10GattClient9WriteOp_tEttjPKh
                0x00020a84       0x40 build/library/nRF51822/TARGET_MCU_NRF51822/source/nRF5xGattClient.o
                0x00020a84                nRF5xGattClient::write(GattClient::WriteOp_t, unsigned short, unsigned short, unsigned int, unsigned char const*) const
 .text._ZN26FunctionPointerWithContextIPK17DiscoveredServiceE14functioncallerEPKS3_S2_
                0x00020ac4        0xe build/library/nRF51822/TARGET_MCU_NRF51822/source/nRF5xGattClient.o
                0x00020ac4                FunctionPointerWithContext<DiscoveredService const*>::functioncaller(FunctionPointerWithContext<DiscoveredService const*> const*, DiscoveredService const*)
 .text._ZN26FunctionPointerWithContextIPK24DiscoveredCharacteristicE14functioncallerEPKS3_S2_
                0x00020ad2        0xe build/library/nRF51822/TARGET_MCU_NRF51822/source/nRF5xGattClient.o
                0x00020ad2                FunctionPointerWithContext<DiscoveredCharacteristic const*>::functioncaller(FunctionPointerWithContext<DiscoveredCharacteristic const*> const*, DiscoveredCharacteristic const*)
 .text._ZN26FunctionPointerWithContextItE14functioncallerEPKS0_t
                0x00020ae0        0xe build/library/nRF51822/TARGET_MCU_NRF51822/source/nRF5xGattClient.o
                0x00020ae0                FunctionPointerWithContext<unsigned short>::functioncaller(FunctionPointerWithContext<unsigned short> const*, unsigned short)
 .text._ZN15nRF5xGattClient33discoverCharacteristicDescriptorsERK24DiscoveredCharacteristicRK26FunctionPointerWithContextIPKN33CharacteristicDescriptorDiscovery25DiscoveryCallbackParams_tEERKS3_IPKNS4_27TerminationCallbackParams_tEE
                0x00020aee        0xc build/library/nRF51822/TARGET_MCU_NRF51822/source/nRF5xGattClient.o
                0x00020aee                nRF5xGattClient::discoverCharacteristicDescriptors(DiscoveredCharacteristic const&, FunctionPointerWithContext<CharacteristicDescriptorDiscovery::DiscoveryCallbackParams_t const*> const&, FunctionPointerWithContext<CharacteristicDescriptorDiscovery::TerminationCallbackParams_t const*> const&)
 .text._ZNK15nRF5xGattClient42isCharacteristicDescriptorsDiscoveryActiveERK24DiscoveredCharacteristic
                0x00020afa        0xc build/library/nRF51822/TARGET_MCU_NRF51822/source/nRF5xGattClient.o
                0x00020afa                nRF5xGattClient::isCharacteristicDescriptorsDiscoveryActive(DiscoveredCharacteristic const&) const
 .text._ZN15nRF5xGattClient43terminateCharacteristicDescriptorsDiscoveryERK24DiscoveredCharacteristic
                0x00020b06        0xc build/library/nRF51822/TARGET_MCU_NRF51822/source/nRF5xGattClient.o
                0x00020b06                nRF5xGattClient::terminateCharacteristicDescriptorsDiscovery(DiscoveredCharacteristic const&)
 .text._ZN15nRF5xGattClient29onServiceDiscoveryTerminationE26FunctionPointerWithContextItE
                0x00020b12       0x28 build/library/nRF51822/TARGET_MCU_NRF51822/source/nRF5xGattClient.o
                0x00020b12                nRF5xGattClient::onServiceDiscoveryTermination(FunctionPointerWithContext<unsigned short>)
 *fill*         0x00020b3a        0x2 
 .text._ZN10GattClient16discoverServicesEt26FunctionPointerWithContextIPK17DiscoveredServiceERK4UUID
                0x00020b3c       0x58 build/library/nRF51822/TARGET_MCU_NRF51822/source/nRF5xGattClient.o
                0x00020b3c                GattClient::discoverServices(unsigned short, FunctionPointerWithContext<DiscoveredService const*>, UUID const&)
 .text._ZN16ServiceDiscovery5resetEv
                0x00020b94       0x78 build/library/nRF51822/TARGET_MCU_NRF51822/source/nRF5xGattClient.o
                0x00020b94                ServiceDiscovery::reset()
 .text._ZN10GattClient5resetEv
                0x00020c0c       0x68 build/library/nRF51822/TARGET_MCU_NRF51822/source/nRF5xGattClient.o
                0x00020c0c                GattClient::reset()
 .text._ZN15nRF5xGattClient5resetEv
                0x00020c74       0x7c build/library/nRF51822/TARGET_MCU_NRF51822/source/nRF5xGattClient.o
                0x00020c74                nRF5xGattClient::reset()
 .text._ZN21nRF5xServiceDiscovery25terminateServiceDiscoveryEv
                0x00020cf0       0x6c build/library/nRF51822/TARGET_MCU_NRF51822/source/nRF5xGattClient.o
                0x00020cf0                nRF5xServiceDiscovery::terminateServiceDiscovery()
 .text._ZN15nRF5xGattClient25terminateServiceDiscoveryEv
                0x00020d5c        0xa build/library/nRF51822/TARGET_MCU_NRF51822/source/nRF5xGattClient.o
                0x00020d5c                nRF5xGattClient::terminateServiceDiscovery()
 *fill*         0x00020d66        0x2 
 .text._ZN15nRF5xGattClient22launchServiceDiscoveryEt26FunctionPointerWithContextIPK17DiscoveredServiceES0_IPK24DiscoveredCharacteristicERK4UUIDSB_
                0x00020d68       0xc0 build/library/nRF51822/TARGET_MCU_NRF51822/source/nRF5xGattClient.o
                0x00020d68                nRF5xGattClient::launchServiceDiscovery(unsigned short, FunctionPointerWithContext<DiscoveredService const*>, FunctionPointerWithContext<DiscoveredCharacteristic const*>, UUID const&, UUID const&)
 .text._ZL24sd_ble_gatts_service_addhPK10ble_uuid_tPt
                0x00020e28        0x4 build/library/nRF51822/TARGET_MCU_NRF51822/source/nRF5xGattServer.o
 .text._ZL22sd_ble_gatts_value_setttP17ble_gatts_value_t
                0x00020e2c        0x4 build/library/nRF51822/TARGET_MCU_NRF51822/source/nRF5xGattServer.o
 .text._ZL22sd_ble_gatts_value_getttP17ble_gatts_value_t
                0x00020e30        0x4 build/library/nRF51822/TARGET_MCU_NRF51822/source/nRF5xGattServer.o
 .text._ZL16sd_ble_gatts_hvxtPK22ble_gatts_hvx_params_t
                0x00020e34        0x4 build/library/nRF51822/TARGET_MCU_NRF51822/source/nRF5xGattServer.o
 .text._ZL31sd_ble_gatts_rw_authorize_replytPK37ble_gatts_rw_authorize_reply_params_t
                0x00020e38        0x4 build/library/nRF51822/TARGET_MCU_NRF51822/source/nRF5xGattServer.o
 .text._ZL25sd_ble_gatts_sys_attr_settPKhtm
                0x00020e3c        0x4 build/library/nRF51822/TARGET_MCU_NRF51822/source/nRF5xGattServer.o
 .text._ZNK10GattServer21isOnDataReadAvailableEv
                0x00020e40        0x4 build/library/nRF51822/TARGET_MCU_NRF51822/source/nRF5xGattServer.o
                0x00020e40                GattServer::isOnDataReadAvailable() const
 .text._ZN15nRF5xGattServer4readEtPhPt
                0x00020e44       0x18 build/library/nRF51822/TARGET_MCU_NRF51822/source/nRF5xGattServer.o
                0x00020e44                nRF5xGattServer::read(unsigned short, unsigned char*, unsigned short*)
 .text._ZN15nRF5xGattServer4readEttPhPt
                0x00020e5c       0x36 build/library/nRF51822/TARGET_MCU_NRF51822/source/nRF5xGattServer.o
                0x00020e5c                nRF5xGattServer::read(unsigned short, unsigned short, unsigned char*, unsigned short*)
 *fill*         0x00020e92        0x2 
 .text._ZN15nRF5xGattServer5writeEtPKhtb
                0x00020e94       0x1c build/library/nRF51822/TARGET_MCU_NRF51822/source/nRF5xGattServer.o
                0x00020e94                nRF5xGattServer::write(unsigned short, unsigned char const*, unsigned short, bool)
 .text._ZN15nRF5xGattServer17areUpdatesEnabledERK18GattCharacteristicPb
                0x00020eb0       0x28 build/library/nRF51822/TARGET_MCU_NRF51822/source/nRF5xGattServer.o
                0x00020eb0                nRF5xGattServer::areUpdatesEnabled(GattCharacteristic const&, bool*)
 .text._ZN15nRF5xGattServer17areUpdatesEnabledEtRK18GattCharacteristicPb
                0x00020ed8       0x62 build/library/nRF51822/TARGET_MCU_NRF51822/source/nRF5xGattServer.o
                0x00020ed8                nRF5xGattServer::areUpdatesEnabled(unsigned short, GattCharacteristic const&, bool*)
 *fill*         0x00020f3a        0x2 
 .text._ZN15nRF5xGattServer5writeEttPKhtb
                0x00020f3c      0x13c build/library/nRF51822/TARGET_MCU_NRF51822/source/nRF5xGattServer.o
                0x00020f3c                nRF5xGattServer::write(unsigned short, unsigned short, unsigned char const*, unsigned short, bool)
 .text._ZN15nRF5xGattServer10addServiceER11GattService
                0x00021078      0x1d4 build/library/nRF51822/TARGET_MCU_NRF51822/source/nRF5xGattServer.o
                0x00021078                nRF5xGattServer::addService(GattService&)
 .text._ZN26FunctionPointerWithContextItEC2EPFvtE
                0x0002124c       0x20 build/library/nRF51822/TARGET_MCU_NRF51822/source/nRF5xGattServer.o
                0x0002124c                FunctionPointerWithContext<unsigned short>::FunctionPointerWithContext(void (*)(unsigned short))
                0x0002124c                FunctionPointerWithContext<unsigned short>::FunctionPointerWithContext(void (*)(unsigned short))
 .text._ZN10GattServer5resetEv
                0x0002126c       0xbe build/library/nRF51822/TARGET_MCU_NRF51822/source/nRF5xGattServer.o
                0x0002126c                GattServer::reset()
 .text._ZN15nRF5xGattServer5resetEv
                0x0002132a       0x4e build/library/nRF51822/TARGET_MCU_NRF51822/source/nRF5xGattServer.o
                0x0002132a                nRF5xGattServer::reset()
 .text._ZNK38CallChainOfFunctionPointersWithContextIPK23GattWriteCallbackParamsE4callES2_
                0x00021378       0x22 build/library/nRF51822/TARGET_MCU_NRF51822/source/nRF5xGattServer.o
                0x00021378                CallChainOfFunctionPointersWithContext<GattWriteCallbackParams const*>::call(GattWriteCallbackParams const*) const
 .text._ZNK26FunctionPointerWithContextItE4callEt
                0x0002139a        0x8 build/library/nRF51822/TARGET_MCU_NRF51822/source/nRF5xGattServer.o
                0x0002139a                FunctionPointerWithContext<unsigned short>::call(unsigned short) const
 *fill*         0x000213a2        0x2 
 .text._ZN10GattServer11handleEventEN16GattServerEvents11gattEvent_eEt
                0x000213a4       0x40 build/library/nRF51822/TARGET_MCU_NRF51822/source/nRF5xGattServer.o
                0x000213a4                GattServer::handleEvent(GattServerEvents::gattEvent_e, unsigned short)
 .text._ZN15nRF5xGattServer10hwCallbackEP9ble_evt_t
                0x000213e4      0x21c build/library/nRF51822/TARGET_MCU_NRF51822/source/nRF5xGattServer.o
                0x000213e4                nRF5xGattServer::hwCallback(ble_evt_t*)
 .text._ZL38sd_ble_gattc_primary_services_discoverttPK10ble_uuid_t
                0x00021600        0x4 build/library/nRF51822/TARGET_MCU_NRF51822/source/nRF5xServiceDiscovery.o
 .text._ZL37sd_ble_gattc_characteristics_discovertPK24ble_gattc_handle_range_t