Archive member included to satisfy reference by file (symbol)

./library/mbed-os/TARGET_NRF51822/TOOLCHAIN_GCC_ARM\libmbed.a(Serial.o)
                              build/library/main.o (mbed::Serial::Serial(PinName, PinName, char const*, int))
./library/mbed-os/TARGET_NRF51822/TOOLCHAIN_GCC_ARM\libmbed.a(Ticker.o)
                              build/library/nRF51822/TARGET_MCU_NRF51822/sdk/source/ble/common/ble_conn_params.o (mbed::Ticker::setup(unsigned long long))
./library/mbed-os/TARGET_NRF51822/TOOLCHAIN_GCC_ARM\libmbed.a(SerialBase.o)
                              ./library/mbed-os/TARGET_NRF51822/TOOLCHAIN_GCC_ARM\libmbed.a(Serial.o) (mbed::SerialBase::_base_getc())
./library/mbed-os/TARGET_NRF51822/TOOLCHAIN_GCC_ARM\libmbed.a(TimerEvent.o)
                              build/library/nRF51822/TARGET_MCU_NRF51822/sdk/source/ble/common/ble_conn_params.o (mbed::TimerEvent::TimerEvent())
./library/mbed-os/TARGET_NRF51822/TOOLCHAIN_GCC_ARM\libmbed.a(Timeout.o)
                              build/library/nRF51822/TARGET_MCU_NRF51822/source/nRF5xn.o (vtable for mbed::Timeout)
./library/mbed-os/TARGET_NRF51822/TOOLCHAIN_GCC_ARM\libmbed.a(mbed_gpio.o)
                              build/TL_BUTTON/MBED_BUTTON/Mbed_Button_Button_Mbed.o (gpio_init_in)
./library/mbed-os/TARGET_NRF51822/TOOLCHAIN_GCC_ARM\libmbed.a(mbed_pinmap_common.o)
                              ./library/mbed-os/TARGET_NRF51822/TOOLCHAIN_GCC_ARM/analogin_api.o (pinmap_peripheral)
./library/mbed-os/TARGET_NRF51822/TOOLCHAIN_GCC_ARM\libmbed.a(mbed_us_ticker_api.o)
                              ./library/mbed-os/TARGET_NRF51822/TOOLCHAIN_GCC_ARM\libmbed.a(TimerEvent.o) (get_us_ticker_data)
./library/mbed-os/TARGET_NRF51822/TOOLCHAIN_GCC_ARM\libmbed.a(mbed_ticker_api.o)
                              ./library/mbed-os/TARGET_NRF51822/TOOLCHAIN_GCC_ARM\libmbed.a(TimerEvent.o) (ticker_set_handler)
./library/mbed-os/TARGET_NRF51822/TOOLCHAIN_GCC_ARM\libmbed.a(FilePath.o)
                              ./library/mbed-os/TARGET_NRF51822/TOOLCHAIN_GCC_ARM/mbed_retarget.o (mbed::FilePath::FilePath(char const*))
./library/mbed-os/TARGET_NRF51822/TOOLCHAIN_GCC_ARM\libmbed.a(mbed_assert.o)
                              ./library/mbed-os/TARGET_NRF51822/TOOLCHAIN_GCC_ARM/analogin_api.o (mbed_assert_internal)
./library/mbed-os/TARGET_NRF51822/TOOLCHAIN_GCC_ARM\libmbed.a(Stream.o)
                              ./library/mbed-os/TARGET_NRF51822/TOOLCHAIN_GCC_ARM\libmbed.a(Serial.o) (mbed::Stream::write(void const*, unsigned int))
./library/mbed-os/TARGET_NRF51822/TOOLCHAIN_GCC_ARM\libmbed.a(mbed_critical.o)
                              ./library/mbed-os/TARGET_NRF51822/TOOLCHAIN_GCC_ARM/mbed_board.o (core_util_critical_section_enter)
./library/mbed-os/TARGET_NRF51822/TOOLCHAIN_GCC_ARM\libmbed.a(mbed_error.o)
                              ./library/mbed-os/TARGET_NRF51822/TOOLCHAIN_GCC_ARM/i2c_api.o (error)
./library/mbed-os/TARGET_NRF51822/TOOLCHAIN_GCC_ARM\libmbed.a(mbed_wait_api_no_rtos.o)
                              ./library/mbed-os/TARGET_NRF51822/TOOLCHAIN_GCC_ARM\libmbed.a(SerialBase.o) (wait_us)
./library/mbed-os/TARGET_NRF51822/TOOLCHAIN_GCC_ARM\libmbed.a(FileHandle.o)
                              ./library/mbed-os/TARGET_NRF51822/TOOLCHAIN_GCC_ARM\libmbed.a(Stream.o) (mbed::FileHandle::size())
./library/mbed-os/TARGET_NRF51822/TOOLCHAIN_GCC_ARM\libmbed.a(FileBase.o)
                              ./library/mbed-os/TARGET_NRF51822/TOOLCHAIN_GCC_ARM\libmbed.a(FilePath.o) (mbed::FileBase::getPathType())
d:/program files (x86)/gnu tools arm embedded/6 2017-q2-update/bin/../lib/gcc/arm-none-eabi/6.3.1/../../../../arm-none-eabi/lib/thumb/v6-m\libc_nano.a(lib_a-abs.o)
                              build/library/eMPL_MPU6050/inv_mpu.o (abs)
d:/program files (x86)/gnu tools arm embedded/6 2017-q2-update/bin/../lib/gcc/arm-none-eabi/6.3.1/../../../../arm-none-eabi/lib/thumb/v6-m\libc_nano.a(lib_a-errno.o)
                              ./library/mbed-os/TARGET_NRF51822/TOOLCHAIN_GCC_ARM/mbed_retarget.o (__errno)
d:/program files (x86)/gnu tools arm embedded/6 2017-q2-update/bin/../lib/gcc/arm-none-eabi/6.3.1/../../../../arm-none-eabi/lib/thumb/v6-m\libc_nano.a(lib_a-fclose.o)
                              ./library/mbed-os/TARGET_NRF51822/TOOLCHAIN_GCC_ARM\libmbed.a(Stream.o) (fclose)
d:/program files (x86)/gnu tools arm embedded/6 2017-q2-update/bin/../lib/gcc/arm-none-eabi/6.3.1/../../../../arm-none-eabi/lib/thumb/v6-m\libc_nano.a(lib_a-fflush.o)
                              d:/program files (x86)/gnu tools arm embedded/6 2017-q2-update/bin/../lib/gcc/arm-none-eabi/6.3.1/../../../../arm-none-eabi/lib/thumb/v6-m\libc_nano.a(lib_a-fclose.o) (__sflush_r)
d:/program files (x86)/gnu tools arm embedded/6 2017-q2-update/bin/../lib/gcc/arm-none-eabi/6.3.1/../../../../arm-none-eabi/lib/thumb/v6-m\libc_nano.a(lib_a-fgetc.o)
                              ./library/mbed-os/TARGET_NRF51822/TOOLCHAIN_GCC_ARM/mbed_retarget.o (fgetc)
[...]
Memory Configuration

Name             Origin             Length             Attributes
FLASH            0x0001c000         0x00024000         xr
RAM              0x20002800         0x00001800         xrw
*default*        0x00000000         0xffffffff

Linker script and memory map

LOAD d:/program files (x86)/gnu tools arm embedded/6 2017-q2-update/bin/../lib/gcc/arm-none-eabi/6.3.1/thumb/v6-m/crti.o
LOAD d:/program files (x86)/gnu tools arm embedded/6 2017-q2-update/bin/../lib/gcc/arm-none-eabi/6.3.1/thumb/v6-m/crtbegin.o
LOAD d:/program files (x86)/gnu tools arm embedded/6 2017-q2-update/bin/../lib/gcc/arm-none-eabi/6.3.1/../../../../arm-none-eabi/lib/thumb/v6-m/crt0.o
LOAD ./library/mbed-os/TARGET_NRF51822/TOOLCHAIN_GCC_ARM/analogin_api.o
LOAD ./library/mbed-os/TARGET_NRF51822/TOOLCHAIN_GCC_ARM/cmsis_nvic.o
LOAD ./library/mbed-os/TARGET_NRF51822/TOOLCHAIN_GCC_ARM/gpio_api.o
LOAD ./library/mbed-os/TARGET_NRF51822/TOOLCHAIN_GCC_ARM/gpio_irq_api.o
LOAD ./library/mbed-os/TARGET_NRF51822/TOOLCHAIN_GCC_ARM/i2c_api.o
LOAD ./library/mbed-os/TARGET_NRF51822/TOOLCHAIN_GCC_ARM/mbed_board.o
LOAD ./library/mbed-os/TARGET_NRF51822/TOOLCHAIN_GCC_ARM/mbed_retarget.o
LOAD ./library/mbed-os/TARGET_NRF51822/TOOLCHAIN_GCC_ARM/mbed_sdk_boot.o
LOAD ./library/mbed-os/TARGET_NRF51822/TOOLCHAIN_GCC_ARM/pinmap.o
LOAD ./library/mbed-os/TARGET_NRF51822/TOOLCHAIN_GCC_ARM/port_api.o
LOAD ./library/mbed-os/TARGET_NRF51822/TOOLCHAIN_GCC_ARM/pwmout_api.o
LOAD ./library/mbed-os/TARGET_NRF51822/TOOLCHAIN_GCC_ARM/serial_api.o
LOAD ./library/mbed-os/TARGET_NRF51822/TOOLCHAIN_GCC_ARM/sleep.o
LOAD ./library/mbed-os/TARGET_NRF51822/TOOLCHAIN_GCC_ARM/spi_api.o
LOAD ./library/mbed-os/TARGET_NRF51822/TOOLCHAIN_GCC_ARM/startup_NRF51822.o
LOAD ./library/mbed-os/TARGET_NRF51822/TOOLCHAIN_GCC_ARM/system_nrf51.o
LOAD ./library/mbed-os/TARGET_NRF51822/TOOLCHAIN_GCC_ARM/twi_master.o
LOAD ./library/mbed-os/TARGET_NRF51822/TOOLCHAIN_GCC_ARM/us_ticker.o
LOAD build/./sketch.o
LOAD build/TL_Accelerometer/MBED_MPU6050_Accelerometer/Mbed_MPU6050_Accelerometer_Mbed.o
LOAD build/TL_BLUETOOTH/MBED_BLUETOOTH/Mbed_Bluetooth_Bluetooth_Mbed.o
LOAD build/TL_BUTTON/MBED_BUTTON/Mbed_Button_Button_Mbed.o
LOAD build/TL_LED/MBED_LED/Mbed_Led_Led_Mbed.o
LOAD build/TL_TIME/MBED_TIME/Mbed_Time_Time_Mbed.o
LOAD build/library/BLE_API/source/BLE.o
LOAD build/library/BLE_API/source/BLEInstanceBase.o
LOAD build/library/BLE_API/source/DiscoveredCharacteristic.o
LOAD build/library/BLE_API/source/GapScanningParams.o
LOAD build/library/BLE_API/source/services/DFUService.o
LOAD build/library/BLE_API/source/services/UARTService.o
LOAD build/library/BLE_API/source/services/URIBeaconConfigService.o
LOAD build/library/eMPL_MPU6050/inv_mpu.o
LOAD build/library/eMPL_MPU6050/inv_mpu_dmp_motion_driver.o
LOAD build/library/eMPL_MPU6050/mbed_i2c.o
LOAD build/library/main.o
LOAD build/library/nRF51822/TARGET_MCU_NRF51822/sdk/source/ble/ble_radio_notification/ble_radio_notification.o
LOAD build/library/nRF51822/TARGET_MCU_NRF51822/sdk/source/ble/ble_services/ble_dfu/ble_dfu.o
LOAD build/library/nRF51822/TARGET_MCU_NRF51822/sdk/source/ble/common/ble_advdata.o
LOAD build/library/nRF51822/TARGET_MCU_NRF51822/sdk/source/ble/common/ble_conn_params.o
LOAD build/library/nRF51822/TARGET_MCU_NRF51822/sdk/source/ble/common/ble_conn_state.o
LOAD build/library/nRF51822/TARGET_MCU_NRF51822/sdk/source/ble/common/ble_srv_common.o
LOAD build/library/nRF51822/TARGET_MCU_NRF51822/sdk/source/ble/device_manager/device_manager_peripheral.o
LOAD build/library/nRF51822/TARGET_MCU_NRF51822/sdk/source/ble/peer_manager/id_manager.o
LOAD build/library/nRF51822/TARGET_MCU_NRF51822/sdk/source/ble/peer_manager/peer_data.o
LOAD build/library/nRF51822/TARGET_MCU_NRF51822/sdk/source/ble/peer_manager/peer_data_storage.o
LOAD build/library/nRF51822/TARGET_MCU_NRF51822/sdk/source/ble/peer_manager/peer_database.o
LOAD build/library/nRF51822/TARGET_MCU_NRF51822/sdk/source/ble/peer_manager/peer_id.o
LOAD build/library/nRF51822/TARGET_MCU_NRF51822/sdk/source/ble/peer_manager/pm_buffer.o
LOAD build/library/nRF51822/TARGET_MCU_NRF51822/sdk/source/ble/peer_manager/pm_mutex.o
LOAD build/library/nRF51822/TARGET_MCU_NRF51822/sdk/source/drivers_nrf/ble_flash/ble_flash.o
LOAD build/library/nRF51822/TARGET_MCU_NRF51822/sdk/source/drivers_nrf/delay/nrf_delay.o
LOAD build/library/nRF51822/TARGET_MCU_NRF51822/sdk/source/drivers_nrf/hal/nrf_ecb.o
LOAD build/library/nRF51822/TARGET_MCU_NRF51822/sdk/source/drivers_nrf/hal/nrf_nvmc.o
LOAD build/library/nRF51822/TARGET_MCU_NRF51822/sdk/source/drivers_nrf/pstorage/pstorage.o
LOAD build/library/nRF51822/TARGET_MCU_NRF51822/sdk/source/libraries/bootloader_dfu/bootloader_util.o
LOAD build/library/nRF51822/TARGET_MCU_NRF51822/sdk/source/libraries/bootloader_dfu/dfu_app_handler.o
LOAD build/library/nRF51822/TARGET_MCU_NRF51822/sdk/source/libraries/bootloader_dfu/dfu_init_template.o
LOAD build/library/nRF51822/TARGET_MCU_NRF51822/sdk/source/libraries/crc16/crc16.o
LOAD build/library/nRF51822/TARGET_MCU_NRF51822/sdk/source/libraries/fds/fds.o
LOAD build/library/nRF51822/TARGET_MCU_NRF51822/sdk/source/libraries/fstorage/fstorage.o
LOAD build/library/nRF51822/TARGET_MCU_NRF51822/sdk/source/libraries/fstorage/fstorage_nosd.o
LOAD build/library/nRF51822/TARGET_MCU_NRF51822/sdk/source/libraries/hci/hci_mem_pool.o
LOAD build/library/nRF51822/TARGET_MCU_NRF51822/sdk/source/libraries/scheduler/app_scheduler.o
LOAD build/library/nRF51822/TARGET_MCU_NRF51822/sdk/source/libraries/util/app_error.o
LOAD build/library/nRF51822/TARGET_MCU_NRF51822/sdk/source/libraries/util/app_util_platform.o
LOAD build/library/nRF51822/TARGET_MCU_NRF51822/sdk/source/libraries/util/nrf_assert.o
LOAD build/library/nRF51822/TARGET_MCU_NRF51822/sdk/source/libraries/util/sdk_mapped_flags.o
LOAD build/library/nRF51822/TARGET_MCU_NRF51822/sdk/source/softdevice/common/softdevice_handler/softdevice_handler.o
LOAD build/library/nRF51822/TARGET_MCU_NRF51822/sdk/source/softdevice/common/softdevice_handler/softdevice_handler_appsh.o
LOAD build/library/nRF51822/TARGET_MCU_NRF51822/source/btle/btle.o
LOAD build/library/nRF51822/TARGET_MCU_NRF51822/source/btle/btle_advertising.o
LOAD build/library/nRF51822/TARGET_MCU_NRF51822/source/btle/btle_discovery.o
LOAD build/library/nRF51822/TARGET_MCU_NRF51822/source/btle/btle_gap.o
LOAD build/library/nRF51822/TARGET_MCU_NRF51822/source/btle/btle_security.o
LOAD build/library/nRF51822/TARGET_MCU_NRF51822/source/btle/custom/custom_helper.o
LOAD build/library/nRF51822/TARGET_MCU_NRF51822/source/nRF5xCharacteristicDescriptorDiscoverer.o
LOAD build/library/nRF51822/TARGET_MCU_NRF51822/source/nRF5xDiscoveredCharacteristic.o
LOAD build/library/nRF51822/TARGET_MCU_NRF51822/source/nRF5xGap.o
LOAD build/library/nRF51822/TARGET_MCU_NRF51822/source/nRF5xGattClient.o
LOAD build/library/nRF51822/TARGET_MCU_NRF51822/source/nRF5xGattServer.o
LOAD build/library/nRF51822/TARGET_MCU_NRF51822/source/nRF5xServiceDiscovery.o
LOAD build/library/nRF51822/TARGET_MCU_NRF51822/source/nRF5xn.o
START GROUP
LOAD ./library/mbed-os/TARGET_NRF51822/TOOLCHAIN_GCC_ARM\libmbed.a
LOAD d:/program files (x86)/gnu tools arm embedded/6 2017-q2-update/bin/../lib/gcc/arm-none-eabi/6.3.1/../../../../arm-none-eabi/lib/thumb/v6-m\libstdc++_nano.a
LOAD d:/program files (x86)/gnu tools arm embedded/6 2017-q2-update/bin/../lib/gcc/arm-none-eabi/6.3.1/../../../../arm-none-eabi/lib/thumb/v6-m\libsupc++_nano.a
LOAD d:/program files (x86)/gnu tools arm embedded/6 2017-q2-update/bin/../lib/gcc/arm-none-eabi/6.3.1/../../../../arm-none-eabi/lib/thumb/v6-m\libm.a
LOAD d:/program files (x86)/gnu tools arm embedded/6 2017-q2-update/bin/../lib/gcc/arm-none-eabi/6.3.1/../../../../arm-none-eabi/lib/thumb/v6-m\libc_nano.a
LOAD d:/program files (x86)/gnu tools arm embedded/6 2017-q2-update/bin/../lib/gcc/arm-none-eabi/6.3.1/thumb/v6-m\libgcc.a
LOAD d:/program files (x86)/gnu tools arm embedded/6 2017-q2-update/bin/../lib/gcc/arm-none-eabi/6.3.1/../../../../arm-none-eabi/lib/thumb/v6-m\libnosys.a
END GROUP
LOAD ./library/mbed-os/TARGET_NRF51822/TOOLCHAIN_GCC_ARM\libmbed.a
LOAD d:/program files (x86)/gnu tools arm embedded/6 2017-q2-update/bin/../lib/gcc/arm-none-eabi/6.3.1/../../../../arm-none-eabi/lib/thumb/v6-m\libstdc++_nano.a
LOAD d:/program files (x86)/gnu tools arm embedded/6 2017-q2-update/bin/../lib/gcc/arm-none-eabi/6.3.1/../../../../arm-none-eabi/lib/thumb/v6-m\libsupc++_nano.a
LOAD d:/program files (x86)/gnu tools arm embedded/6 2017-q2-update/bin/../lib/gcc/arm-none-eabi/6.3.1/../../../../arm-none-eabi/lib/thumb/v6-m\libm.a
LOAD d:/program files (x86)/gnu tools arm embedded/6 2017-q2-update/bin/../lib/gcc/arm-none-eabi/6.3.1/../../../../arm-none-eabi/lib/thumb/v6-m\libc_nano.a
LOAD d:/program files (x86)/gnu tools arm embedded/6 2017-q2-update/bin/../lib/gcc/arm-none-eabi/6.3.1/thumb/v6-m\libgcc.a
LOAD d:/program files (x86)/gnu tools arm embedded/6 2017-q2-update/bin/../lib/gcc/arm-none-eabi/6.3.1/../../../../arm-none-eabi/lib/thumb/v6-m\libnosys.a
START GROUP
LOAD d:/program files (x86)/gnu tools arm embedded/6 2017-q2-update/bin/../lib/gcc/arm-none-eabi/6.3.1/thumb/v6-m\libgcc.a
LOAD d:/program files (x86)/gnu tools arm embedded/6 2017-q2-update/bin/../lib/gcc/arm-none-eabi/6.3.1/../../../../arm-none-eabi/lib/thumb/v6-m\libc_nano.a
END GROUP
START GROUP
LOAD d:/program files (x86)/gnu tools arm embedded/6 2017-q2-update/bin/../lib/gcc/arm-none-eabi/6.3.1/thumb/v6-m\libgcc.a
LOAD d:/program files (x86)/gnu tools arm embedded/6 2017-q2-update/bin/../lib/gcc/arm-none-eabi/6.3.1/../../../../arm-none-eabi/lib/thumb/v6-m\libc_nano.a
END GROUP
LOAD d:/program files (x86)/gnu tools arm embedded/6 2017-q2-update/bin/../lib/gcc/arm-none-eabi/6.3.1/thumb/v6-m/crtend.o
LOAD d:/program files (x86)/gnu tools arm embedded/6 2017-q2-update/bin/../lib/gcc/arm-none-eabi/6.3.1/thumb/v6-m/crtn.o

.text           0x0001c000     0x9174
 *(.Vectors)
 .Vectors       0x0001c000       0xc0 ./library/mbed-os/TARGET_NRF51822/TOOLCHAIN_GCC_ARM/startup_NRF51822.o
                0x0001c000                __Vectors
 *(.text*)
 .text          0x0001c0c0       0x60 d:/program files (x86)/gnu tools arm embedded/6 2017-q2-update/bin/../lib/gcc/arm-none-eabi/6.3.1/thumb/v6-m/crtbegin.o
 .text          0x0001c120       0x78 d:/program files (x86)/gnu tools arm embedded/6 2017-q2-update/bin/../lib/gcc/arm-none-eabi/6.3.1/../../../../arm-none-eabi/lib/thumb/v6-m/crt0.o
                0x0001c120                _start
                0x0001c120                _mainCRTStartup
 .text.gpio_init
                0x0001c198       0x30 ./library/mbed-os/TARGET_NRF51822/TOOLCHAIN_GCC_ARM/gpio_api.o
                0x0001c198                gpio_init
 .text.gpio_mode
                0x0001c1c8        0xc ./library/mbed-os/TARGET_NRF51822/TOOLCHAIN_GCC_ARM/gpio_api.o
                0x0001c1c8                gpio_mode
 .text.gpio_dir
                0x0001c1d4       0x3c ./library/mbed-os/TARGET_NRF51822/TOOLCHAIN_GCC_ARM/gpio_api.o
                0x0001c1d4                gpio_dir
 .text.GPIOTE_IRQHandler
                0x0001c210       0xf4 ./library/mbed-os/TARGET_NRF51822/TOOLCHAIN_GCC_ARM/gpio_irq_api.o
                0x0001c210                GPIOTE_IRQHandler
 .text.gpio_write
                0x0001c304       0x30 ./library/mbed-os/TARGET_NRF51822/TOOLCHAIN_GCC_ARM/mbed_board.o
 .text.mbed_die
                0x0001c334       0x74 ./library/mbed-os/TARGET_NRF51822/TOOLCHAIN_GCC_ARM/mbed_board.o
                0x0001c334                mbed_die
 .text.mbed_error_vfprintf
                0x0001c3a8       0x54 ./library/mbed-os/TARGET_NRF51822/TOOLCHAIN_GCC_ARM/mbed_board.o
                0x0001c3a8                mbed_error_vfprintf
 .text.mbed_error_printf
                0x0001c3fc       0x16 ./library/mbed-os/TARGET_NRF51822/TOOLCHAIN_GCC_ARM/mbed_board.o
                0x0001c3fc                mbed_error_printf
 *fill*         0x0001c412        0x2 
 .text._ZL11init_serialv
                0x0001c414       0x2c ./library/mbed-os/TARGET_NRF51822/TOOLCHAIN_GCC_ARM/mbed_retarget.o
 .text._close   0x0001c440       0x40 ./library/mbed-os/TARGET_NRF51822/TOOLCHAIN_GCC_ARM/mbed_retarget.o
                0x0001c440                _close
 .text._write   0x0001c480       0x64 ./library/mbed-os/TARGET_NRF51822/TOOLCHAIN_GCC_ARM/mbed_retarget.o
                0x0001c480                _write
 .text._read    0x0001c4e4       0x5c ./library/mbed-os/TARGET_NRF51822/TOOLCHAIN_GCC_ARM/mbed_retarget.o
                0x0001c4e4                _read
 .text._isatty  0x0001c540       0x3c ./library/mbed-os/TARGET_NRF51822/TOOLCHAIN_GCC_ARM/mbed_retarget.o
                0x0001c540                _isatty
 .text._lseek   0x0001c57c       0x44 ./library/mbed-os/TARGET_NRF51822/TOOLCHAIN_GCC_ARM/mbed_retarget.o
                0x0001c57c                _lseek
 .text._fstat   0x0001c5c0       0x1e ./library/mbed-os/TARGET_NRF51822/TOOLCHAIN_GCC_ARM/mbed_retarget.o
                0x0001c5c0                _fstat
 .text.__cxa_pure_virtual
                0x0001c5de        0x8 ./library/mbed-os/TARGET_NRF51822/TOOLCHAIN_GCC_ARM/mbed_retarget.o
                0x0001c5de                __cxa_pure_virtual
 *fill*         0x0001c5e6        0x2 
 .text._sbrk    0x0001c5e8       0x44 ./library/mbed-os/TARGET_NRF51822/TOOLCHAIN_GCC_ARM/mbed_retarget.o
                0x0001c5e8                _sbrk
 .text._exit    0x0001c62c        0xc ./library/mbed-os/TARGET_NRF51822/TOOLCHAIN_GCC_ARM/mbed_retarget.o
                0x0001c62c                _exit
 .text.__aeabi_atexit
                0x0001c638        0x4 ./library/mbed-os/TARGET_NRF51822/TOOLCHAIN_GCC_ARM/mbed_retarget.o
                0x0001c638                __aeabi_atexit
 .text.__wrap_exit
                0x0001c63c        0x6 ./library/mbed-os/TARGET_NRF51822/TOOLCHAIN_GCC_ARM/mbed_retarget.o
                0x0001c63c                __wrap_exit
 .text.__wrap_atexit
                0x0001c642        0x4 ./library/mbed-os/TARGET_NRF51822/TOOLCHAIN_GCC_ARM/mbed_retarget.o
                0x0001c642                __wrap_atexit
 .text._ZN4mbed26mbed_set_unbuffered_streamEP7__sFILE
                0x0001c646        0xa ./library/mbed-os/TARGET_NRF51822/TOOLCHAIN_GCC_ARM/mbed_retarget.o
                0x0001c646                mbed::mbed_set_unbuffered_stream(__sFILE*)
 .text._ZN4mbed11mbed_fdopenEPNS_10FileHandleEPKc
                0x0001c650       0x3e ./library/mbed-os/TARGET_NRF51822/TOOLCHAIN_GCC_ARM/mbed_retarget.o
                0x0001c650                mbed::mbed_fdopen(mbed::FileHandle*, char const*)
 .text.__rtos_malloc_lock
                0x0001c68e        0x2 ./library/mbed-os/TARGET_NRF51822/TOOLCHAIN_GCC_ARM/mbed_retarget.o
                0x0001c68e                __rtos_malloc_lock
 .text.__rtos_malloc_unlock
                0x0001c690        0x2 ./library/mbed-os/TARGET_NRF51822/TOOLCHAIN_GCC_ARM/mbed_retarget.o
                0x0001c690                __rtos_malloc_unlock
 .text.__malloc_lock
                0x0001c692        0x8 ./library/mbed-os/TARGET_NRF51822/TOOLCHAIN_GCC_ARM/mbed_retarget.o
                0x0001c692                __malloc_lock
 .text.__malloc_unlock
                0x0001c69a        0x8 ./library/mbed-os/TARGET_NRF51822/TOOLCHAIN_GCC_ARM/mbed_retarget.o
                0x0001c69a                __malloc_unlock
 *fill*         0x0001c6a2        0x2 
 .text.__cxa_guard_acquire
                0x0001c6a4       0x34 ./library/mbed-os/TARGET_NRF51822/TOOLCHAIN_GCC_ARM/mbed_retarget.o
                0x0001c6a4                __cxa_guard_acquire
 .text.__cxa_guard_release
                0x0001c6d8       0x34 ./library/mbed-os/TARGET_NRF51822/TOOLCHAIN_GCC_ARM/mbed_retarget.o
                0x0001c6d8                __cxa_guard_release
 .text._Znwj    0x0001c70c       0x18 ./library/mbed-os/TARGET_NRF51822/TOOLCHAIN_GCC_ARM/mbed_retarget.o
                0x0001c70c                operator new(unsigned int)
 .text._ZdaPv   0x0001c724        0xc ./library/mbed-os/TARGET_NRF51822/TOOLCHAIN_GCC_ARM/mbed_retarget.o
                0x0001c724                operator delete[](void*)
 .text._ZdlPv   0x0001c730        0x8 ./library/mbed-os/TARGET_NRF51822/TOOLCHAIN_GCC_ARM/mbed_retarget.o
                0x0001c730                operator delete(void*)
 .text._ZN12SingletonPtrI13PlatformMutexE3getEv
                0x0001c738       0x2c ./library/mbed-os/TARGET_NRF51822/TOOLCHAIN_GCC_ARM/mbed_retarget.o
                0x0001c738                SingletonPtr<PlatformMutex>::get()
 .text._ZN4mbed17remove_filehandleEPNS_10FileHandleE
                0x0001c764       0x34 ./library/mbed-os/TARGET_NRF51822/TOOLCHAIN_GCC_ARM/mbed_retarget.o
                0x0001c764                mbed::remove_filehandle(mbed::FileHandle*)
 .text._open    0x0001c798      0x12c ./library/mbed-os/TARGET_NRF51822/TOOLCHAIN_GCC_ARM/mbed_retarget.o
                0x0001c798                _open
 .text.mbed_main
                0x0001c8c4        0x2 ./library/mbed-os/TARGET_NRF51822/TOOLCHAIN_GCC_ARM/mbed_sdk_boot.o
                0x0001c8c4                mbed_main
 .text.mbed_sdk_init
                0x0001c8c6        0x2 ./library/mbed-os/TARGET_NRF51822/TOOLCHAIN_GCC_ARM/mbed_sdk_boot.o
                0x0001c8c6                mbed_sdk_init
 .text.software_init_hook_rtos
                0x0001c8c8        0x2 ./library/mbed-os/TARGET_NRF51822/TOOLCHAIN_GCC_ARM/mbed_sdk_boot.o
                0x0001c8c8                software_init_hook_rtos
 .text.software_init_hook
                0x0001c8ca        0xc ./library/mbed-os/TARGET_NRF51822/TOOLCHAIN_GCC_ARM/mbed_sdk_boot.o
                0x0001c8ca                software_init_hook
 .text.__wrap_main
                0x0001c8d6        0xc ./library/mbed-os/TARGET_NRF51822/TOOLCHAIN_GCC_ARM/mbed_sdk_boot.o
                0x0001c8d6                __wrap_main
 *fill*         0x0001c8e2        0x2 
 .text.pin_mode
                0x0001c8e4       0x3c ./library/mbed-os/TARGET_NRF51822/TOOLCHAIN_GCC_ARM/pinmap.o
                0x0001c8e4                pin_mode
 .text.TIMER2_IRQHandler
                0x0001c920       0x64 ./library/mbed-os/TARGET_NRF51822/TOOLCHAIN_GCC_ARM/pwmout_api.o
                0x0001c920                TIMER2_IRQHandler
 .text.serial_baud.part.0
                0x0001c984       0x38 ./library/mbed-os/TARGET_NRF51822/TOOLCHAIN_GCC_ARM/serial_api.o
 .text.serial_init
                0x0001c9bc       0xe8 ./library/mbed-os/TARGET_NRF51822/TOOLCHAIN_GCC_ARM/serial_api.o
                0x0001c9bc                serial_init
 .text.serial_baud
                0x0001caa4       0x20 ./library/mbed-os/TARGET_NRF51822/TOOLCHAIN_GCC_ARM/serial_api.o
                0x0001caa4                serial_baud
 .text.UART0_IRQHandler
                0x0001cac4       0x4c ./library/mbed-os/TARGET_NRF51822/TOOLCHAIN_GCC_ARM/serial_api.o
                0x0001cac4                UART0_IRQHandler
 .text.serial_irq_handler
                0x0001cb10       0x18 ./library/mbed-os/TARGET_NRF51822/TOOLCHAIN_GCC_ARM/serial_api.o
                0x0001cb10                serial_irq_handler
 .text.serial_getc
                0x0001cb28       0x1a ./library/mbed-os/TARGET_NRF51822/TOOLCHAIN_GCC_ARM/serial_api.o
                0x0001cb28                serial_getc
 *fill*         0x0001cb42        0x2 
 .text.serial_putc
                0x0001cb44       0x1c ./library/mbed-os/TARGET_NRF51822/TOOLCHAIN_GCC_ARM/serial_api.o
                0x0001cb44                serial_putc
 .text          0x0001cb60       0x48 ./library/mbed-os/TARGET_NRF51822/TOOLCHAIN_GCC_ARM/startup_NRF51822.o
                0x0001cb60                Reset_Handler
                0x0001cb9c                NMI_Handler
                0x0001cb9e                HardFault_Handler
                0x0001cba0                SVC_Handler
                0x0001cba2                PendSV_Handler
                0x0001cba4                SysTick_Handler
                0x0001cba6                POWER_CLOCK_IRQHandler
                0x0001cba6                RTC0_IRQHandler
                0x0001cba6                LPCOMP_IRQHandler
                0x0001cba6                SWI4_IRQHandler
                0x0001cba6                TEMP_IRQHandler
                0x0001cba6                QDEC_IRQHandler
                0x0001cba6                SWI5_IRQHandler
                0x0001cba6                TIMER0_IRQHandler
                0x0001cba6                RADIO_IRQHandler
                0x0001cba6                SWI0_IRQHandler
                0x0001cba6                TIMER1_IRQHandler
                0x0001cba6                ECB_IRQHandler
                0x0001cba6                Default_Handler
                0x0001cba6                ADC_IRQHandler
                0x0001cba6                SWI3_IRQHandler
                0x0001cba6                CCM_AAR_IRQHandler
                0x0001cba6                WDT_IRQHandler
                0x0001cba6                SPI0_TWI0_IRQHandler
                0x0001cba6                RNG_IRQHandler
                0x0001cba6                SPI1_TWI1_IRQHandler
 .text.SystemInit
                0x0001cba8       0xf0 ./library/mbed-os/TARGET_NRF51822/TOOLCHAIN_GCC_ARM/system_nrf51.o
                0x0001cba8                SystemInit
 .text.rtc1_getCounter64
                0x0001cc98       0x3c ./library/mbed-os/TARGET_NRF51822/TOOLCHAIN_GCC_ARM/us_ticker.o
 .text.nrf_delay_us.constprop.1
                0x0001ccd4       0x26 ./library/mbed-os/TARGET_NRF51822/TOOLCHAIN_GCC_ARM/us_ticker.o
 .text.OS_Tick_Handler
                0x0001ccfa        0x2 ./library/mbed-os/TARGET_NRF51822/TOOLCHAIN_GCC_ARM/us_ticker.o
                0x0001ccfa                OS_Tick_Handler
 .text.us_ticker_handler
                0x0001ccfc       0x74 ./library/mbed-os/TARGET_NRF51822/TOOLCHAIN_GCC_ARM/us_ticker.o
                0x0001ccfc                us_ticker_handler
 .text.us_ticker_init
                0x0001cd70       0x5c ./library/mbed-os/TARGET_NRF51822/TOOLCHAIN_GCC_ARM/us_ticker.o
                0x0001cd70                us_ticker_init
 .text.us_ticker_read
                0x0001cdcc       0x2c ./library/mbed-os/TARGET_NRF51822/TOOLCHAIN_GCC_ARM/us_ticker.o
                0x0001cdcc                us_ticker_read
 .text.us_ticker_set_interrupt
                0x0001cdf8       0xbc ./library/mbed-os/TARGET_NRF51822/TOOLCHAIN_GCC_ARM/us_ticker.o
                0x0001cdf8                us_ticker_set_interrupt
 .text.us_ticker_disable_interrupt
                0x0001ceb4       0x28 ./library/mbed-os/TARGET_NRF51822/TOOLCHAIN_GCC_ARM/us_ticker.o
                0x0001ceb4                us_ticker_disable_interrupt
 .text.us_ticker_clear_interrupt
                0x0001cedc       0x10 ./library/mbed-os/TARGET_NRF51822/TOOLCHAIN_GCC_ARM/us_ticker.o
                0x0001cedc                us_ticker_clear_interrupt
 .text.RTC1_IRQHandler
                0x0001ceec       0x1c ./library/mbed-os/TARGET_NRF51822/TOOLCHAIN_GCC_ARM/us_ticker.o
                0x0001ceec                RTC1_IRQHandler
 .text.gpio_read.constprop.0
                0x0001cf08       0x30 build/./sketch.o
 .text._Z5setupv
                0x0001cf38        0x2 build/./sketch.o
                0x0001cf38                setup()
 *fill*         0x0001cf3a        0x2 
 .text._Z4loopv
                0x0001cf3c       0x54 build/./sketch.o
                0x0001cf3c                loop()
 .text.startup._GLOBAL__sub_I_ledServicePtr
                0x0001cf90       0x2c build/TL_BLUETOOTH/MBED_BLUETOOTH/Mbed_Bluetooth_Bluetooth_Mbed.o
 .text.startup._GLOBAL__sub_I_TL_BUTTON
                0x0001cfbc       0x1c build/TL_BUTTON/MBED_BUTTON/Mbed_Button_Button_Mbed.o
 .text.startup._GLOBAL__sub_I_TL_LED
                0x0001cfd8       0x34 build/TL_LED/MBED_LED/Mbed_Led_Led_Mbed.o
 .text._ZNK9SafeBool_4base7trueTagEv
                0x0001d00c        0x2 build/library/BLE_API/source/BLE.o
                0x0001d00c                SafeBool_::base::trueTag() const
 .text._ZN26FunctionPointerWithContextIPN3BLE32OnEventsToProcessCallbackContextEE14functioncallerEPKS3_S2_
                0x0001d00e        0xe build/library/BLE_API/source/BLE.o
                0x0001d00e                FunctionPointerWithContext<BLE::OnEventsToProcessCallbackContext*>::functioncaller(FunctionPointerWithContext<BLE::OnEventsToProcessCallbackContext*> const*, BLE::OnEventsToProcessCallbackContext*)
 .text._ZN3BLEC2Ej
                0x0001d01c       0x44 build/library/BLE_API/source/BLE.o
                0x0001d01c                BLE::BLE(unsigned int)
                0x0001d01c                BLE::BLE(unsigned int)
 .text._ZN3BLE8InstanceEj
                0x0001d060       0x5c build/library/BLE_API/source/BLE.o
                0x0001d060                BLE::Instance(unsigned int)
 .text._ZN3BLE21signalEventsToProcessEv
                0x0001d0bc       0x20 build/library/BLE_API/source/BLE.o
                0x0001d0bc                BLE::signalEventsToProcess()
 .text._ZN15BLEInstanceBaseD2Ev
                0x0001d0dc        0x2 build/library/BLE_API/source/BLEInstanceBase.o
                0x0001d0dc                BLEInstanceBase::~BLEInstanceBase()
                0x0001d0dc                BLEInstanceBase::~BLEInstanceBase()
 .text._ZN15BLEInstanceBase21signalEventsToProcessEj
                0x0001d0de        0xe build/library/BLE_API/source/BLEInstanceBase.o
                0x0001d0de                BLEInstanceBase::signalEventsToProcess(unsigned int)
 .text._ZN17GapScanningParamsC2Etttb
                0x0001d0ec       0x68 build/library/BLE_API/source/GapScanningParams.o
                0x0001d0ec                GapScanningParams::GapScanningParams(unsigned short, unsigned short, unsigned short, bool)
                0x0001d0ec                GapScanningParams::GapScanningParams(unsigned short, unsigned short, unsigned short, bool)
 .text._ZN4mbed10SerialBaseD2Ev
                0x0001d154       0x30 build/library/main.o
                0x0001d154                mbed::SerialBase::~SerialBase()
                0x0001d154                mbed::SerialBase::~SerialBase()
 .text._ZN4mbed6SerialD2Ev
                0x0001d184       0x4c build/library/main.o
                0x0001d184                mbed::Serial::~Serial()
                0x0001d184                mbed::Serial::~Serial()
                0x0001d1b0                non-virtual thunk to mbed::Serial::~Serial()
                0x0001d1c0                non-virtual thunk to mbed::Serial::~Serial()
 .text._ZN4mbed10SerialBaseD0Ev
                0x0001d1d0       0x12 build/library/main.o
                0x0001d1d0                mbed::SerialBase::~SerialBase()
 .text.startup.main
                0x0001d1e2        0xc build/library/main.o
                0x0001d1e2                main
 *fill*         0x0001d1ee        0x2 
 .text._ZN4mbed6SerialD0Ev
                0x0001d1f0       0x34 build/library/main.o
                0x0001d1f0                mbed::Serial::~Serial()
                0x0001d202                non-virtual thunk to mbed::Serial::~Serial()
                0x0001d214                non-virtual thunk to mbed::Serial::~Serial()
 .text.startup._GLOBAL__sub_I_pc
                0x0001d224       0x30 build/library/main.o
 .text.sd_nvic_EnableIRQ
                0x0001d254        0x4 build/library/nRF51822/TARGET_MCU_NRF51822/sdk/source/ble/ble_radio_notification/ble_radio_notification.o
 .text.sd_nvic_ClearPendingIRQ
                0x0001d258        0x4 build/library/nRF51822/TARGET_MCU_NRF51822/sdk/source/ble/ble_radio_notification/ble_radio_notification.o
 .text.sd_nvic_SetPriority
                0x0001d25c        0x4 build/library/nRF51822/TARGET_MCU_NRF51822/sdk/source/ble/ble_radio_notification/ble_radio_notification.o
 .text.sd_radio_notification_cfg_set
                0x0001d260        0x4 build/library/nRF51822/TARGET_MCU_NRF51822/sdk/source/ble/ble_radio_notification/ble_radio_notification.o
 .text.SWI1_IRQHandler
                0x0001d264       0x20 build/library/nRF51822/TARGET_MCU_NRF51822/sdk/source/ble/ble_radio_notification/ble_radio_notification.o
                0x0001d264                SWI1_IRQHandler
 .text.ble_radio_notification_init
                0x0001d284       0x38 build/library/nRF51822/TARGET_MCU_NRF51822/sdk/source/ble/ble_radio_notification/ble_radio_notification.o
                0x0001d284                ble_radio_notification_init
 .text._ZN4mbed8CallbackIFvvEE13function_callIPS1_EEvPKv
                0x0001d2bc        0x8 build/library/nRF51822/TARGET_MCU_NRF51822/sdk/source/ble/common/ble_conn_params.o
                0x0001d2bc                void mbed::Callback<void ()>::function_call<void (*)()>(void const*)
 .text._ZN4mbed8CallbackIFvvEE13function_moveIPS1_EEvPvPKv
                0x0001d2c4        0xa build/library/nRF51822/TARGET_MCU_NRF51822/sdk/source/ble/common/ble_conn_params.o
                0x0001d2c4                void mbed::Callback<void ()>::function_move<void (*)()>(void*, void const*)
 .text._ZN4mbed8CallbackIFvvEE13function_dtorIPS1_EEvPv
                0x0001d2ce        0x2 build/library/nRF51822/TARGET_MCU_NRF51822/sdk/source/ble/common/ble_conn_params.o
                0x0001d2ce                void mbed::Callback<void ()>::function_dtor<void (*)()>(void*)
 .text._ZN4mbed8CallbackIFvvEED2Ev
                0x0001d2d0       0x12 build/library/nRF51822/TARGET_MCU_NRF51822/sdk/source/ble/common/ble_conn_params.o
                0x0001d2d0                mbed::Callback<void ()>::~Callback()
                0x0001d2d0                mbed::Callback<void ()>::~Callback()
 *fill*         0x0001d2e2        0x2 
 .text._ZN4mbed6TickerD2Ev
                0x0001d2e4       0x24 build/library/nRF51822/TARGET_MCU_NRF51822/sdk/source/ble/common/ble_conn_params.o
                0x0001d2e4                mbed::Ticker::~Ticker()
                0x0001d2e4                mbed::Ticker::~Ticker()
 .text._ZN4mbed6TickerD0Ev
                0x0001d308       0x12 build/library/nRF51822/TARGET_MCU_NRF51822/sdk/source/ble/common/ble_conn_params.o
                0x0001d308                mbed::Ticker::~Ticker()
 *fill*         0x0001d31a        0x2 
 .text.startup._GLOBAL__sub_I__Z20ble_conn_params_initPK22ble_conn_params_init_t
                0x0001d31c       0x30 build/library/nRF51822/TARGET_MCU_NRF51822/sdk/source/ble/common/ble_conn_params.o
 .text.sd_ble_gap_sec_params_reply
                0x0001d34c        0x4 build/library/nRF51822/TARGET_MCU_NRF51822/sdk/source/ble/device_manager/device_manager_peripheral.o
 .text.sd_ble_gap_sec_info_reply
                0x0001d350        0x4 build/library/nRF51822/TARGET_MCU_NRF51822/sdk/source/ble/device_manager/device_manager_peripheral.o
 .text.sd_ble_gatts_service_changed
                0x0001d354        0x4 build/library/nRF51822/TARGET_MCU_NRF51822/sdk/source/ble/device_manager/device_manager_peripheral.o
 .text.sd_ble_gatts_sys_attr_set
                0x0001d358        0x4 build/library/nRF51822/TARGET_MCU_NRF51822/sdk/source/ble/device_manager/device_manager_peripheral.o
 .text.sd_ble_gatts_sys_attr_get
                0x0001d35c        0x4 build/library/nRF51822/TARGET_MCU_NRF51822/sdk/source/ble/device_manager/device_manager_peripheral.o
 .text.storage_operation_dummy_handler
                0x0001d360        0x4 build/library/nRF51822/TARGET_MCU_NRF51822/sdk/source/ble/device_manager/device_manager_peripheral.o
 .text.gattc_context_load
                0x0001d364        0x4 build/library/nRF51822/TARGET_MCU_NRF51822/sdk/source/ble/device_manager/device_manager_peripheral.o
 .text.gattc_context_apply
                0x0001d368        0x4 build/library/nRF51822/TARGET_MCU_NRF51822/sdk/source/ble/device_manager/device_manager_peripheral.o
 .text.device_context_store
                0x0001d36c       0xb0 build/library/nRF51822/TARGET_MCU_NRF51822/sdk/source/ble/device_manager/device_manager_peripheral.o
 .text.gatts_context_apply
                0x0001d41c       0xb8 build/library/nRF51822/TARGET_MCU_NRF51822/sdk/source/ble/device_manager/device_manager_peripheral.o
 .text.gattsc_context_apply
                0x0001d4d4        0x8 build/library/nRF51822/TARGET_MCU_NRF51822/sdk/source/ble/device_manager/device_manager_peripheral.o
 .text.gatts_context_store
                0x0001d4dc       0xb0 build/library/nRF51822/TARGET_MCU_NRF51822/sdk/source/ble/device_manager/device_manager_peripheral.o
 .text.gattsc_context_store
                0x0001d58c        0x8 build/library/nRF51822/TARGET_MCU_NRF51822/sdk/source/ble/device_manager/device_manager_peripheral.o
 .text.gatts_context_load
                0x0001d594       0x34 build/library/nRF51822/TARGET_MCU_NRF51822/sdk/source/ble/device_manager/device_manager_peripheral.o
 .text.gattsc_context_load
                0x0001d5c8        0x8 build/library/nRF51822/TARGET_MCU_NRF51822/sdk/source/ble/device_manager/device_manager_peripheral.o
 .text.gattc_context_store
                0x0001d5d0        0x4 build/library/nRF51822/TARGET_MCU_NRF51822/sdk/source/ble/device_manager/device_manager_peripheral.o
 .text.no_service_context_load
                0x0001d5d4        0x4 build/library/nRF51822/TARGET_MCU_NRF51822/sdk/source/ble/device_manager/device_manager_peripheral.o
 .text.no_service_context_store
                0x0001d5d8        0x4 build/library/nRF51822/TARGET_MCU_NRF51822/sdk/source/ble/device_manager/device_manager_peripheral.o
 .text.no_service_context_apply
                0x0001d5dc        0x4 build/library/nRF51822/TARGET_MCU_NRF51822/sdk/source/ble/device_manager/device_manager_peripheral.o
 .text.peer_instance_init
                0x0001d5e0       0x48 build/library/nRF51822/TARGET_MCU_NRF51822/sdk/source/ble/device_manager/device_manager_peripheral.o
 .text.device_instance_free
                0x0001d628       0x2c build/library/nRF51822/TARGET_MCU_NRF51822/sdk/source/ble/device_manager/device_manager_peripheral.o
 .text.dm_pstorage_cb_handler
                0x0001d654      0x12c build/library/nRF51822/TARGET_MCU_NRF51822/sdk/source/ble/device_manager/device_manager_peripheral.o
 .text.dm_init  0x0001d780       0xf0 build/library/nRF51822/TARGET_MCU_NRF51822/sdk/source/ble/device_manager/device_manager_peripheral.o
                0x0001d780                dm_init
 .text.dm_register
                0x0001d870       0x74 build/library/nRF51822/TARGET_MCU_NRF51822/sdk/source/ble/device_manager/device_manager_peripheral.o
                0x0001d870                dm_register
 .text.dm_security_status_req
                0x0001d8e4       0x70 build/library/nRF51822/TARGET_MCU_NRF51822/sdk/source/ble/device_manager/device_manager_peripheral.o
                0x0001d8e4                dm_security_status_req
 .text.dm_whitelist_create
                0x0001d954       0xf0 build/library/nRF51822/TARGET_MCU_NRF51822/sdk/source/ble/device_manager/device_manager_peripheral.o
                0x0001d954                dm_whitelist_create
 .text.dm_device_delete_all
                0x0001da44       0x54 build/library/nRF51822/TARGET_MCU_NRF51822/sdk/source/ble/device_manager/device_manager_peripheral.o
                0x0001da44                dm_device_delete_all
 .text.bond_data_load
                0x0001da98       0x48 build/library/nRF51822/TARGET_MCU_NRF51822/sdk/source/ble/device_manager/device_manager_peripheral.o
                0x0001da98                bond_data_load
 .text.dm_ble_evt_handler
                0x0001dae0      0x3a0 build/library/nRF51822/TARGET_MCU_NRF51822/sdk/source/ble/device_manager/device_manager_peripheral.o
                0x0001dae0                dm_ble_evt_handler
 .text.dm_handle_get
                0x0001de80       0x48 build/library/nRF51822/TARGET_MCU_NRF51822/sdk/source/ble/device_manager/device_manager_peripheral.o
                0x0001de80                dm_handle_get
 .text.sd_ecb_block_encrypt
                0x0001dec8        0x4 build/library/nRF51822/TARGET_MCU_NRF51822/sdk/source/ble/peer_manager/id_manager.o
 .text.ah       0x0001decc       0x52 build/library/nRF51822/TARGET_MCU_NRF51822/sdk/source/ble/peer_manager/id_manager.o
                0x0001decc                ah
 .text.im_address_resolve
                0x0001df1e       0x42 build/library/nRF51822/TARGET_MCU_NRF51822/sdk/source/ble/peer_manager/id_manager.o
                0x0001df1e                im_address_resolve
 .text.pstorage_flash_page_end
                0x0001df60       0x20 build/library/nRF51822/TARGET_MCU_NRF51822/sdk/source/drivers_nrf/pstorage/pstorage.o
 .text.sd_flash_write
                0x0001df80        0x4 build/library/nRF51822/TARGET_MCU_NRF51822/sdk/source/drivers_nrf/pstorage/pstorage.o
 .text.sd_flash_page_erase
                0x0001df84        0x4 build/library/nRF51822/TARGET_MCU_NRF51822/sdk/source/drivers_nrf/pstorage/pstorage.o
 .text.swap_sub_state_entry_action_run
                0x0001df88       0x18 build/library/nRF51822/TARGET_MCU_NRF51822/sdk/source/drivers_nrf/pstorage/pstorage.o
 .text.app_notify
                0x0001dfa0       0x2c build/library/nRF51822/TARGET_MCU_NRF51822/sdk/source/drivers_nrf/pstorage/pstorage.o
 .text.is_page_erase_required
                0x0001dfcc       0x50 build/library/nRF51822/TARGET_MCU_NRF51822/sdk/source/drivers_nrf/pstorage/pstorage.o
 .text.swap_sub_state_err_busy_process
                0x0001e01c       0x18 build/library/nRF51822/TARGET_MCU_NRF51822/sdk/source/drivers_nrf/pstorage/pstorage.o
 .text.data_to_swap_write_state_run
                0x0001e034       0x30 build/library/nRF51822/TARGET_MCU_NRF51822/sdk/source/drivers_nrf/pstorage/pstorage.o
 .text.swap_erase_state_run
                0x0001e064       0x24 build/library/nRF51822/TARGET_MCU_NRF51822/sdk/source/drivers_nrf/pstorage/pstorage.o
 .text.flash_api_err_code_process
                0x0001e088       0x40 build/library/nRF51822/TARGET_MCU_NRF51822/sdk/source/drivers_nrf/pstorage/pstorage.o
 .text.flash_write
                0x0001e0c8        0xc build/library/nRF51822/TARGET_MCU_NRF51822/sdk/source/drivers_nrf/pstorage/pstorage.o
 .text.store_cmd_flash_write_execute
                0x0001e0d4       0x58 build/library/nRF51822/TARGET_MCU_NRF51822/sdk/source/drivers_nrf/pstorage/pstorage.o
 .text.state_restore_head_entry_run
                0x0001e12c       0x34 build/library/nRF51822/TARGET_MCU_NRF51822/sdk/source/drivers_nrf/pstorage/pstorage.o
 .text.state_restore_tail_entry_run
                0x0001e160       0x48 build/library/nRF51822/TARGET_MCU_NRF51822/sdk/source/drivers_nrf/pstorage/pstorage.o
 .text.state_write_data_swap_entry_run
                0x0001e1a8       0x2c build/library/nRF51822/TARGET_MCU_NRF51822/sdk/source/drivers_nrf/pstorage/pstorage.o
 .text.state_erase_data_page_entry_run
                0x0001e1d4       0x14 build/library/nRF51822/TARGET_MCU_NRF51822/sdk/source/drivers_nrf/pstorage/pstorage.o
 .text.state_entry_action_run
                0x0001e1e8       0xd0 build/library/nRF51822/TARGET_MCU_NRF51822/sdk/source/drivers_nrf/pstorage/pstorage.o
 .text.clear_operation_execute
                0x0001e2b8      0x144 build/library/nRF51822/TARGET_MCU_NRF51822/sdk/source/drivers_nrf/pstorage/pstorage.o
 .text.cmd_process
                0x0001e3fc       0x3c build/library/nRF51822/TARGET_MCU_NRF51822/sdk/source/drivers_nrf/pstorage/pstorage.o
 .text.unlikely.cmd_queue_enqueue
                0x0001e438       0x54 build/library/nRF51822/TARGET_MCU_NRF51822/sdk/source/drivers_nrf/pstorage/pstorage.o
 .text.command_end_procedure_run
                0x0001e48c       0x54 build/library/nRF51822/TARGET_MCU_NRF51822/sdk/source/drivers_nrf/pstorage/pstorage.o
 .text.clear_post_processing_run
                0x0001e4e0       0x2c build/library/nRF51822/TARGET_MCU_NRF51822/sdk/source/drivers_nrf/pstorage/pstorage.o
 .text.head_restore_state_run
                0x0001e50c       0x94 build/library/nRF51822/TARGET_MCU_NRF51822/sdk/source/drivers_nrf/pstorage/pstorage.o
 .text.tail_restore_state_run
                0x0001e5a0       0x1c build/library/nRF51822/TARGET_MCU_NRF51822/sdk/source/drivers_nrf/pstorage/pstorage.o
 .text.data_page_erase_state_run
                0x0001e5bc       0x70 build/library/nRF51822/TARGET_MCU_NRF51822/sdk/source/drivers_nrf/pstorage/pstorage.o
 .text.flash_operation_success_run
                0x0001e62c       0x98 build/library/nRF51822/TARGET_MCU_NRF51822/sdk/source/drivers_nrf/pstorage/pstorage.o
 .text.state_swap_erase_entry_run
                0x0001e6c4       0x24 build/library/nRF51822/TARGET_MCU_NRF51822/sdk/source/drivers_nrf/pstorage/pstorage.o
 .text.pstorage_sys_event_handler
                0x0001e6e8       0x68 build/library/nRF51822/TARGET_MCU_NRF51822/sdk/source/drivers_nrf/pstorage/pstorage.o
                0x0001e6e8                pstorage_sys_event_handler
 .text.pstorage_init
                0x0001e750       0x84 build/library/nRF51822/TARGET_MCU_NRF51822/sdk/source/drivers_nrf/pstorage/pstorage.o
                0x0001e750                pstorage_init
 .text.pstorage_register
                0x0001e7d4       0xbc build/library/nRF51822/TARGET_MCU_NRF51822/sdk/source/drivers_nrf/pstorage/pstorage.o
                0x0001e7d4                pstorage_register
 .text.pstorage_block_identifier_get
                0x0001e890       0x4c build/library/nRF51822/TARGET_MCU_NRF51822/sdk/source/drivers_nrf/pstorage/pstorage.o
                0x0001e890                pstorage_block_identifier_get
 .text.pstorage_store
                0x0001e8dc       0x78 build/library/nRF51822/TARGET_MCU_NRF51822/sdk/source/drivers_nrf/pstorage/pstorage.o
                0x0001e8dc                pstorage_store
 .text.pstorage_update
                0x0001e954       0x78 build/library/nRF51822/TARGET_MCU_NRF51822/sdk/source/drivers_nrf/pstorage/pstorage.o
                0x0001e954                pstorage_update
 .text.pstorage_load
                0x0001e9cc       0x98 build/library/nRF51822/TARGET_MCU_NRF51822/sdk/source/drivers_nrf/pstorage/pstorage.o
                0x0001e9cc                pstorage_load
 .text.pstorage_clear
                0x0001ea64       0x88 build/library/nRF51822/TARGET_MCU_NRF51822/sdk/source/drivers_nrf/pstorage/pstorage.o
                0x0001ea64                pstorage_clear
 .text.sd_nvic_EnableIRQ
                0x0001eaec        0x4 build/library/nRF51822/TARGET_MCU_NRF51822/sdk/source/softdevice/common/softdevice_handler/softdevice_handler.o
 .text.sd_evt_get
                0x0001eaf0        0x4 build/library/nRF51822/TARGET_MCU_NRF51822/sdk/source/softdevice/common/softdevice_handler/softdevice_handler.o
 .text.sd_softdevice_enable
                0x0001eaf4        0x4 build/library/nRF51822/TARGET_MCU_NRF51822/sdk/source/softdevice/common/softdevice_handler/softdevice_handler.o
 .text.sd_softdevice_disable
                0x0001eaf8        0x4 build/library/nRF51822/TARGET_MCU_NRF51822/sdk/source/softdevice/common/softdevice_handler/softdevice_handler.o
 .text.sd_ble_evt_get
                0x0001eafc        0x4 build/library/nRF51822/TARGET_MCU_NRF51822/sdk/source/softdevice/common/softdevice_handler/softdevice_handler.o
 .text.softdevice_assertion_handler
                0x0001eb00        0xc build/library/nRF51822/TARGET_MCU_NRF51822/sdk/source/softdevice/common/softdevice_handler/softdevice_handler.o
                0x0001eb00                softdevice_assertion_handler
 .text.intern_softdevice_events_execute
                0x0001eb0c       0xac build/library/nRF51822/TARGET_MCU_NRF51822/sdk/source/softdevice/common/softdevice_handler/softdevice_handler.o
                0x0001eb0c                intern_softdevice_events_execute
 .text.softdevice_handler_init
                0x0001ebb8       0x48 build/library/nRF51822/TARGET_MCU_NRF51822/sdk/source/softdevice/common/softdevice_handler/softdevice_handler.o
                0x0001ebb8                softdevice_handler_init
 .text.softdevice_handler_sd_disable
                0x0001ec00       0x18 build/library/nRF51822/TARGET_MCU_NRF51822/sdk/source/softdevice/common/softdevice_handler/softdevice_handler.o
                0x0001ec00                softdevice_handler_sd_disable
 .text.softdevice_ble_evt_handler_set
                0x0001ec18       0x14 build/library/nRF51822/TARGET_MCU_NRF51822/sdk/source/softdevice/common/softdevice_handler/softdevice_handler.o
                0x0001ec18                softdevice_ble_evt_handler_set
 .text.softdevice_sys_evt_handler_set
                0x0001ec2c       0x14 build/library/nRF51822/TARGET_MCU_NRF51822/sdk/source/softdevice/common/softdevice_handler/softdevice_handler.o
                0x0001ec2c                softdevice_sys_evt_handler_set
 .text.SWI2_IRQHandler
                0x0001ec40       0x24 build/library/nRF51822/TARGET_MCU_NRF51822/sdk/source/softdevice/common/softdevice_handler/softdevice_handler.o
                0x0001ec40                SWI2_IRQHandler
 .text.sd_ble_gap_address_set
                0x0001ec64        0x4 build/library/nRF51822/TARGET_MCU_NRF51822/source/btle/btle.o
 .text.sd_ble_gap_address_get
                0x0001ec68        0x4 build/library/nRF51822/TARGET_MCU_NRF51822/source/btle/btle.o
 .text.sd_ble_enable
                0x0001ec6c        0x4 build/library/nRF51822/TARGET_MCU_NRF51822/source/btle/btle.o
 .text._ZL16sys_evt_dispatchm
                0x0001ec70        0x8 build/library/nRF51822/TARGET_MCU_NRF51822/source/btle/btle.o
 .text._ZL11signalEventv
                0x0001ec78       0x24 build/library/nRF51822/TARGET_MCU_NRF51822/source/btle/btle.o
 .text._ZL12btle_handlerP9ble_evt_t
                0x0001ec9c      0x1f4 build/library/nRF51822/TARGET_MCU_NRF51822/source/btle/btle.o
 .text.btle_init
                0x0001ee90       0xa4 build/library/nRF51822/TARGET_MCU_NRF51822/source/btle/btle.o
                0x0001ee90                btle_init
 .text.assert_nrf_callback
                0x0001ef34        0x2 build/library/nRF51822/TARGET_MCU_NRF51822/source/btle/btle.o
                0x0001ef34                assert_nrf_callback
 *fill*         0x0001ef36        0x2 
 .text.app_error_handler
                0x0001ef38       0x24 build/library/nRF51822/TARGET_MCU_NRF51822/source/btle/btle.o
                0x0001ef38                app_error_handler
 .text._ZN4UUIDC2Et
                0x0001ef5c       0x18 build/library/nRF51822/TARGET_MCU_NRF51822/source/btle/btle_discovery.o
                0x0001ef5c                UUID::UUID(unsigned short)
                0x0001ef5c                UUID::UUID(unsigned short)
 .text._ZNK4UUIDeqERKS_
                0x0001ef74       0x3c build/library/nRF51822/TARGET_MCU_NRF51822/source/btle/btle_discovery.o
                0x0001ef74                UUID::operator==(UUID const&) const
 .text._ZN21nRF5xServiceDiscovery32terminateCharacteristicDiscoveryE11ble_error_t
                0x0001efb0      0x134 build/library/nRF51822/TARGET_MCU_NRF51822/source/btle/btle_discovery.o
                0x0001efb0                nRF5xServiceDiscovery::terminateCharacteristicDiscovery(ble_error_t)
 .text._Z20bleGattcEventHandlerPK9ble_evt_t
                0x0001f0e4      0x16c build/library/nRF51822/TARGET_MCU_NRF51822/source/btle/btle_discovery.o
                0x0001f0e4                bleGattcEventHandler(ble_evt_t const*)
 .text._ZL23sd_ble_gap_tx_power_seta
                0x0001f250        0x4 build/library/nRF51822/TARGET_MCU_NRF51822/source/btle/btle_gap.o
 .text._ZL25sd_ble_gap_appearance_sett
                0x0001f254        0x4 build/library/nRF51822/TARGET_MCU_NRF51822/source/btle/btle_gap.o
 .text._ZL19sd_ble_gap_ppcp_setPK21ble_gap_conn_params_t
                0x0001f258        0x4 build/library/nRF51822/TARGET_MCU_NRF51822/source/btle/btle_gap.o
 .text._ZL26sd_ble_gap_device_name_setPK23ble_gap_conn_sec_mode_tPKht
                0x0001f25c        0x4 build/library/nRF51822/TARGET_MCU_NRF51822/source/btle/btle_gap.o
 .text._Z13btle_gap_initv
                0x0001f260       0x64 build/library/nRF51822/TARGET_MCU_NRF51822/source/btle/btle_gap.o
                0x0001f260                btle_gap_init()
 .text.sd_ble_gap_authenticate
                0x0001f2c4        0x4 build/library/nRF51822/TARGET_MCU_NRF51822/source/btle/btle_security.o
 .text.sd_ble_opt_set
                0x0001f2c8        0x4 build/library/nRF51822/TARGET_MCU_NRF51822/source/btle/btle_security.o
 .text._ZL10dm_handlerPK13device_handlePK10dm_event_tm
                0x0001f2cc       0xa4 build/library/nRF51822/TARGET_MCU_NRF51822/source/btle/btle_security.o
 .text._Z27btle_hasInitializedSecurityv
                0x0001f370        0xc build/library/nRF51822/TARGET_MCU_NRF51822/source/btle/btle_security.o
                0x0001f370                btle_hasInitializedSecurity()
 .text._Z23btle_initializeSecuritybbN15SecurityManager24SecurityIOCapabilities_tEPKh
                0x0001f37c       0xd4 build/library/nRF51822/TARGET_MCU_NRF51822/source/btle/btle_security.o
                0x0001f37c                btle_initializeSecurity(bool, bool, SecurityManager::SecurityIOCapabilities_t, unsigned char const*)
 .text._Z25btle_purgeAllBondingStatev
                0x0001f450       0x24 build/library/nRF51822/TARGET_MCU_NRF51822/source/btle/btle_security.o
                0x0001f450                btle_purgeAllBondingState()
 .text._Z20btle_getLinkSecuritytPN15SecurityManager20LinkSecurityStatus_tE
                0x0001f474       0x48 build/library/nRF51822/TARGET_MCU_NRF51822/source/btle/btle_security.o
                0x0001f474                btle_getLinkSecurity(unsigned short, SecurityManager::LinkSecurityStatus_t*)
 .text._Z20btle_setLinkSecuritytN15SecurityManager14SecurityMode_tE
                0x0001f4bc       0x48 build/library/nRF51822/TARGET_MCU_NRF51822/source/btle/btle_security.o
                0x0001f4bc                btle_setLinkSecurity(unsigned short, SecurityManager::SecurityMode_t)
 .text._Z33btle_createWhitelistFromBondTableP19ble_gap_whitelist_t
                0x0001f504       0x30 build/library/nRF51822/TARGET_MCU_NRF51822/source/btle/btle_security.o
                0x0001f504                btle_createWhitelistFromBondTable(ble_gap_whitelist_t*)
 .text._Z23btle_matchAddressAndIrkPK14ble_gap_addr_tPK13ble_gap_irk_t
                0x0001f534        0x8 build/library/nRF51822/TARGET_MCU_NRF51822/source/btle/btle_security.o
                0x0001f534                btle_matchAddressAndIrk(ble_gap_addr_t const*, ble_gap_irk_t const*)
 .text._Z30btle_generateResolvableAddressRK13ble_gap_irk_tR14ble_gap_addr_t
                0x0001f53c       0x1c build/library/nRF51822/TARGET_MCU_NRF51822/source/btle/btle_security.o
                0x0001f53c                btle_generateResolvableAddress(ble_gap_irk_t const&, ble_gap_addr_t&)
 .text._ZL31sd_ble_gatts_characteristic_addtPK19ble_gatts_char_md_tPK16ble_gatts_attr_tP24ble_gatts_char_handles_t
                0x0001f558        0x4 build/library/nRF51822/TARGET_MCU_NRF51822/source/btle/custom/custom_helper.o
 .text._ZL27sd_ble_gatts_descriptor_addtPK16ble_gatts_attr_tPt
                0x0001f55c        0x4 build/library/nRF51822/TARGET_MCU_NRF51822/source/btle/custom/custom_helper.o
 .text._ZL18sd_ble_uuid_vs_addPK13ble_uuid128_tPh
                0x0001f560        0x4 build/library/nRF51822/TARGET_MCU_NRF51822/source/btle/custom/custom_helper.o
 .text.custom_add_uuid_base
                0x0001f564       0x2e build/library/nRF51822/TARGET_MCU_NRF51822/source/btle/custom/custom_helper.o
                0x0001f564                custom_add_uuid_base
 *fill*         0x0001f592        0x2 
 .text.custom_convert_to_nordic_uuid
                0x0001f594       0xb4 build/library/nRF51822/TARGET_MCU_NRF51822/source/btle/custom/custom_helper.o
                0x0001f594                custom_convert_to_nordic_uuid
 .text.custom_add_in_characteristic
                0x0001f648      0x186 build/library/nRF51822/TARGET_MCU_NRF51822/source/btle/custom/custom_helper.o
                0x0001f648                custom_add_in_characteristic
 .text.custom_add_in_descriptor
                0x0001f7ce       0x6a build/library/nRF51822/TARGET_MCU_NRF51822/source/btle/custom/custom_helper.o
                0x0001f7ce                custom_add_in_descriptor
 .text._ZL33sd_ble_gattc_descriptors_discovertPK24ble_gattc_handle_range_t
                0x0001f838        0x4 build/library/nRF51822/TARGET_MCU_NRF51822/source/nRF5xCharacteristicDescriptorDiscoverer.o
 .text._ZN26FunctionPointerWithContextIPKN33CharacteristicDescriptorDiscovery25DiscoveryCallbackParams_tEE14functioncallerEPKS4_S3_
                0x0001f83c        0xe build/library/nRF51822/TARGET_MCU_NRF51822/source/nRF5xCharacteristicDescriptorDiscoverer.o
                0x0001f83c                FunctionPointerWithContext<CharacteristicDescriptorDiscovery::DiscoveryCallbackParams_t const*>::functioncaller(FunctionPointerWithContext<CharacteristicDescriptorDiscovery::DiscoveryCallbackParams_t const*> const*, CharacteristicDescriptorDiscovery::DiscoveryCallbackParams_t const*)
 .text._ZN26FunctionPointerWithContextIPKN33CharacteristicDescriptorDiscovery27TerminationCallbackParams_tEE14functioncallerEPKS4_S3_
                0x0001f84a        0xe build/library/nRF51822/TARGET_MCU_NRF51822/source/nRF5xCharacteristicDescriptorDiscoverer.o
                0x0001f84a                FunctionPointerWithContext<CharacteristicDescriptorDiscovery::TerminationCallbackParams_t const*>::functioncaller(FunctionPointerWithContext<CharacteristicDescriptorDiscovery::TerminationCallbackParams_t const*> const*, CharacteristicDescriptorDiscovery::TerminationCallbackParams_t const*)
 .text._ZeqRK24DiscoveredCharacteristicS1_
                0x0001f858       0x68 build/library/nRF51822/TARGET_MCU_NRF51822/source/nRF5xCharacteristicDescriptorDiscoverer.o
                0x0001f858                operator==(DiscoveredCharacteristic const&, DiscoveredCharacteristic const&)
 .text._ZN39nRF5xCharacteristicDescriptorDiscoverer9DiscoveryaSERKS0_
                0x0001f8c0       0x34 build/library/nRF51822/TARGET_MCU_NRF51822/source/nRF5xCharacteristicDescriptorDiscoverer.o
                0x0001f8c0                nRF5xCharacteristicDescriptorDiscoverer::Discovery::operator=(nRF5xCharacteristicDescriptorDiscoverer::Discovery const&)
 .text._ZNK39nRF5xCharacteristicDescriptorDiscoverer8isActiveERK24DiscoveredCharacteristic
                0x0001f8f4       0x1e build/library/nRF51822/TARGET_MCU_NRF51822/source/nRF5xCharacteristicDescriptorDiscoverer.o
                0x0001f8f4                nRF5xCharacteristicDescriptorDiscoverer::isActive(DiscoveredCharacteristic const&) const
 .text._ZN24DiscoveredCharacteristicC2ERKS_
                0x0001f912       0x34 build/library/nRF51822/TARGET_MCU_NRF51822/source/nRF5xCharacteristicDescriptorDiscoverer.o
                0x0001f912                DiscoveredCharacteristic::DiscoveredCharacteristic(DiscoveredCharacteristic const&)
                0x0001f912                DiscoveredCharacteristic::DiscoveredCharacteristic(DiscoveredCharacteristic const&)
 *fill*         0x0001f946        0x2 
 .text._ZN39nRF5xCharacteristicDescriptorDiscoverer26gattc_descriptors_discoverEttt
                0x0001f948       0x38 build/library/nRF51822/TARGET_MCU_NRF51822/source/nRF5xCharacteristicDescriptorDiscoverer.o
                0x0001f948                nRF5xCharacteristicDescriptorDiscoverer::gattc_descriptors_discover(unsigned short, unsigned short, unsigned short)
 .text._ZN39nRF5xCharacteristicDescriptorDiscoverer9DiscoveryC2Ev
                0x0001f980       0x54 build/library/nRF51822/TARGET_MCU_NRF51822/source/nRF5xCharacteristicDescriptorDiscoverer.o
                0x0001f980                nRF5xCharacteristicDescriptorDiscoverer::Discovery::Discovery()
                0x0001f980                nRF5xCharacteristicDescriptorDiscoverer::Discovery::Discovery()
 .text._ZN39nRF5xCharacteristicDescriptorDiscovererC2Ev
                0x0001f9d4       0x1c build/library/nRF51822/TARGET_MCU_NRF51822/source/nRF5xCharacteristicDescriptorDiscoverer.o
                0x0001f9d4                nRF5xCharacteristicDescriptorDiscoverer::nRF5xCharacteristicDescriptorDiscoverer()
                0x0001f9d4                nRF5xCharacteristicDescriptorDiscoverer::nRF5xCharacteristicDescriptorDiscoverer()
 .text._ZN39nRF5xCharacteristicDescriptorDiscoverer9DiscoveryC2ERK24DiscoveredCharacteristicRK26FunctionPointerWithContextIPKN33CharacteristicDescriptorDiscovery25DiscoveryCallbackParams_tEERKS4_IPKNS5_27TerminationCallbackParams_tEE
                0x0001f9f0       0x32 build/library/nRF51822/TARGET_MCU_NRF51822/source/nRF5xCharacteristicDescriptorDiscoverer.o
                0x0001f9f0                nRF5xCharacteristicDescriptorDiscoverer::Discovery::Discovery(DiscoveredCharacteristic const&, FunctionPointerWithContext<CharacteristicDescriptorDiscovery::DiscoveryCallbackParams_t const*> const&, FunctionPointerWithContext<CharacteristicDescriptorDiscovery::TerminationCallbackParams_t const*> const&)
                0x0001f9f0                nRF5xCharacteristicDescriptorDiscoverer::Discovery::Discovery(DiscoveredCharacteristic const&, FunctionPointerWithContext<CharacteristicDescriptorDiscovery::DiscoveryCallbackParams_t const*> const&, FunctionPointerWithContext<CharacteristicDescriptorDiscovery::TerminationCallbackParams_t const*> const&)
 .text._ZN39nRF5xCharacteristicDescriptorDiscoverer9Discovery7processEtRK4UUID
                0x0001fa22       0x3a build/library/nRF51822/TARGET_MCU_NRF51822/source/nRF5xCharacteristicDescriptorDiscoverer.o
                0x0001fa22                nRF5xCharacteristicDescriptorDiscoverer::Discovery::process(unsigned short, UUID const&)
 .text._ZN39nRF5xCharacteristicDescriptorDiscoverer9Discovery9terminateE11ble_error_t
                0x0001fa5c       0x14 build/library/nRF51822/TARGET_MCU_NRF51822/source/nRF5xCharacteristicDescriptorDiscoverer.o
                0x0001fa5c                nRF5xCharacteristicDescriptorDiscoverer::Discovery::terminate(ble_error_t)
 .text._ZN39nRF5xCharacteristicDescriptorDiscoverer9terminateEPNS_9DiscoveryE11ble_error_t
                0x0001fa70       0x48 build/library/nRF51822/TARGET_MCU_NRF51822/source/nRF5xCharacteristicDescriptorDiscoverer.o
                0x0001fa70                nRF5xCharacteristicDescriptorDiscoverer::terminate(nRF5xCharacteristicDescriptorDiscoverer::Discovery*, ble_error_t)
 .text._ZNK39nRF5xCharacteristicDescriptorDiscoverer9Discovery7isEmptyEv
                0x0001fab8       0x56 build/library/nRF51822/TARGET_MCU_NRF51822/source/nRF5xCharacteristicDescriptorDiscoverer.o
                0x0001fab8                nRF5xCharacteristicDescriptorDiscoverer::Discovery::isEmpty() const
 .text._ZN39nRF5xCharacteristicDescriptorDiscoverer20findRunningDiscoveryERK24DiscoveredCharacteristic
                0x0001fb0e       0x2e build/library/nRF51822/TARGET_MCU_NRF51822/source/nRF5xCharacteristicDescriptorDiscoverer.o
                0x0001fb0e                nRF5xCharacteristicDescriptorDiscoverer::findRunningDiscovery(DiscoveredCharacteristic const&)
 .text._ZN39nRF5xCharacteristicDescriptorDiscoverer16requestTerminateERK24DiscoveredCharacteristic
                0x0001fb3c       0x16 build/library/nRF51822/TARGET_MCU_NRF51822/source/nRF5xCharacteristicDescriptorDiscoverer.o
                0x0001fb3c                nRF5xCharacteristicDescriptorDiscoverer::requestTerminate(DiscoveredCharacteristic const&)
 .text._ZN39nRF5xCharacteristicDescriptorDiscoverer20findRunningDiscoveryEt
                0x0001fb52       0x28 build/library/nRF51822/TARGET_MCU_NRF51822/source/nRF5xCharacteristicDescriptorDiscoverer.o
                0x0001fb52                nRF5xCharacteristicDescriptorDiscoverer::findRunningDiscovery(unsigned short)
 .text._ZN39nRF5xCharacteristicDescriptorDiscoverer9terminateEt11ble_error_t
                0x0001fb7a       0x18 build/library/nRF51822/TARGET_MCU_NRF51822/source/nRF5xCharacteristicDescriptorDiscoverer.o
                0x0001fb7a                nRF5xCharacteristicDescriptorDiscoverer::terminate(unsigned short, ble_error_t)
 .text._ZN39nRF5xCharacteristicDescriptorDiscoverer17isConnectionInUseEt
                0x0001fb92        0xe build/library/nRF51822/TARGET_MCU_NRF51822/source/nRF5xCharacteristicDescriptorDiscoverer.o
                0x0001fb92                nRF5xCharacteristicDescriptorDiscoverer::isConnectionInUse(unsigned short)
 .text._ZN39nRF5xCharacteristicDescriptorDiscoverer7processEtRK29ble_gattc_evt_desc_disc_rsp_t
                0x0001fba0       0x7e build/library/nRF51822/TARGET_MCU_NRF51822/source/nRF5xCharacteristicDescriptorDiscoverer.o
                0x0001fba0                nRF5xCharacteristicDescriptorDiscoverer::process(unsigned short, ble_gattc_evt_desc_disc_rsp_t const&)
 .text._ZN39nRF5xCharacteristicDescriptorDiscoverer25getAvailableDiscoverySlotEv
                0x0001fc1e       0x1e build/library/nRF51822/TARGET_MCU_NRF51822/source/nRF5xCharacteristicDescriptorDiscoverer.o
                0x0001fc1e                nRF5xCharacteristicDescriptorDiscoverer::getAvailableDiscoverySlot()
 .text._ZN39nRF5xCharacteristicDescriptorDiscoverer6launchERK24DiscoveredCharacteristicRK26FunctionPointerWithContextIPKN33CharacteristicDescriptorDiscovery25DiscoveryCallbackParams_tEERKS3_IPKNS4_27TerminationCallbackParams_tEE
                0x0001fc3c       0x76 build/library/nRF51822/TARGET_MCU_NRF51822/source/nRF5xCharacteristicDescriptorDiscoverer.o
                0x0001fc3c                nRF5xCharacteristicDescriptorDiscoverer::launch(DiscoveredCharacteristic const&, FunctionPointerWithContext<CharacteristicDescriptorDiscovery::DiscoveryCallbackParams_t const*> const&, FunctionPointerWithContext<CharacteristicDescriptorDiscovery::TerminationCallbackParams_t const*> const&)
 .text._ZN29nRF5xDiscoveredCharacteristic5setupEP15nRF5xGattClientt21ble_gatt_char_props_ttt
                0x0001fcb2       0x6c build/library/nRF51822/TARGET_MCU_NRF51822/source/nRF5xDiscoveredCharacteristic.o
                0x0001fcb2                nRF5xDiscoveredCharacteristic::setup(nRF5xGattClient*, unsigned short, ble_gatt_char_props_t, unsigned short, unsigned short)
 .text._ZN29nRF5xDiscoveredCharacteristic5setupEP15nRF5xGattClienttt21ble_gatt_char_props_ttt
                0x0001fd1e       0x9e build/library/nRF51822/TARGET_MCU_NRF51822/source/nRF5xDiscoveredCharacteristic.o
                0x0001fd1e                nRF5xDiscoveredCharacteristic::setup(nRF5xGattClient*, unsigned short, unsigned short, ble_gatt_char_props_t, unsigned short, unsigned short)
 .text._ZL22sd_ble_gap_address_sethPK14ble_gap_addr_t
                0x0001fdbc        0x4 build/library/nRF51822/TARGET_MCU_NRF51822/source/nRF5xGap.o
 .text._ZL22sd_ble_gap_address_getP14ble_gap_addr_t
                0x0001fdc0        0x4 build/library/nRF51822/TARGET_MCU_NRF51822/source/nRF5xGap.o
 .text._ZL23sd_ble_gap_adv_data_setPKhhS0_h
                0x0001fdc4        0x4 build/library/nRF51822/TARGET_MCU_NRF51822/source/nRF5xGap.o
 .text._ZL20sd_ble_gap_adv_startPK20ble_gap_adv_params_t
                0x0001fdc8        0x4 build/library/nRF51822/TARGET_MCU_NRF51822/source/nRF5xGap.o
 .text._ZL19sd_ble_gap_adv_stopv
                0x0001fdcc        0x4 build/library/nRF51822/TARGET_MCU_NRF51822/source/nRF5xGap.o
 .text._ZL28sd_ble_gap_conn_param_updatetPK21ble_gap_conn_params_t
                0x0001fdd0        0x4 build/library/nRF51822/TARGET_MCU_NRF51822/source/nRF5xGap.o
 .text._ZL21sd_ble_gap_disconnectth
                0x0001fdd4        0x4 build/library/nRF51822/TARGET_MCU_NRF51822/source/nRF5xGap.o
 .text._ZL23sd_ble_gap_tx_power_seta
                0x0001fdd8        0x4 build/library/nRF51822/TARGET_MCU_NRF51822/source/nRF5xGap.o
 .text._ZL25sd_ble_gap_appearance_sett
                0x0001fddc        0x4 build/library/nRF51822/TARGET_MCU_NRF51822/source/nRF5xGap.o
 .text._ZL25sd_ble_gap_appearance_getPt
                0x0001fde0        0x4 build/library/nRF51822/TARGET_MCU_NRF51822/source/nRF5xGap.o
 .text._ZL19sd_ble_gap_ppcp_setPK21ble_gap_conn_params_t
                0x0001fde4        0x4 build/library/nRF51822/TARGET_MCU_NRF51822/source/nRF5xGap.o
 .text._ZL19sd_ble_gap_ppcp_getP21ble_gap_conn_params_t
                0x0001fde8        0x4 build/library/nRF51822/TARGET_MCU_NRF51822/source/nRF5xGap.o
 .text._ZL26sd_ble_gap_device_name_setPK23ble_gap_conn_sec_mode_tPKht
                0x0001fdec        0x4 build/library/nRF51822/TARGET_MCU_NRF51822/source/nRF5xGap.o
 .text._ZL26sd_ble_gap_device_name_getPhPt
                0x0001fdf0        0x4 build/library/nRF51822/TARGET_MCU_NRF51822/source/nRF5xGap.o
 .text._ZL21sd_ble_gap_scan_startPK21ble_gap_scan_params_t
                0x0001fdf4        0x4 build/library/nRF51822/TARGET_MCU_NRF51822/source/nRF5xGap.o
 .text._ZL20sd_ble_gap_scan_stopv
                0x0001fdf8        0x4 build/library/nRF51822/TARGET_MCU_NRF51822/source/nRF5xGap.o
 .text._ZL18sd_ble_gap_connectPK14ble_gap_addr_tPK21ble_gap_scan_params_tPK21ble_gap_conn_params_t
                0x0001fdfc        0x4 build/library/nRF51822/TARGET_MCU_NRF51822/source/nRF5xGap.o
 .text._ZNK8nRF5xGap25getMinAdvertisingIntervalEv
                0x0001fe00        0x4 build/library/nRF51822/TARGET_MCU_NRF51822/source/nRF5xGap.o
                0x0001fe00                nRF5xGap::getMinAdvertisingInterval() const
 .text._ZNK8nRF5xGap39getMinNonConnectableAdvertisingIntervalEv
                0x0001fe04        0x4 build/library/nRF51822/TARGET_MCU_NRF51822/source/nRF5xGap.o
                0x0001fe04                nRF5xGap::getMinNonConnectableAdvertisingInterval() const
 .text._ZNK8nRF5xGap25getMaxAdvertisingIntervalEv
                0x0001fe08        0x6 build/library/nRF51822/TARGET_MCU_NRF51822/source/nRF5xGap.o
                0x0001fe08                nRF5xGap::getMaxAdvertisingInterval() const
 .text._ZN8nRF5xGap8stopScanEv
                0x0001fe0e       0x10 build/library/nRF51822/TARGET_MCU_NRF51822/source/nRF5xGap.o
                0x0001fe0e                nRF5xGap::stopScan()
 .text._ZN8nRF5xGap15stopAdvertisingEv
                0x0001fe1e       0x1e build/library/nRF51822/TARGET_MCU_NRF51822/source/nRF5xGap.o
                0x0001fe1e                nRF5xGap::stopAdvertising()
 .text._ZN8nRF5xGap10disconnectEtN3Gap21DisconnectionReason_tE
                0x0001fe3c       0x1e build/library/nRF51822/TARGET_MCU_NRF51822/source/nRF5xGap.o
                0x0001fe3c                nRF5xGap::disconnect(unsigned short, Gap::DisconnectionReason_t)
 .text._ZN8nRF5xGap10disconnectEN3Gap21DisconnectionReason_tE
                0x0001fe5a       0x12 build/library/nRF51822/TARGET_MCU_NRF51822/source/nRF5xGap.o
                0x0001fe5a                nRF5xGap::disconnect(Gap::DisconnectionReason_t)
 .text._ZN8nRF5xGap28getPreferredConnectionParamsEPN3Gap18ConnectionParams_tE
                0x0001fe6c       0x16 build/library/nRF51822/TARGET_MCU_NRF51822/source/nRF5xGap.o
                0x0001fe6c                nRF5xGap::getPreferredConnectionParams(Gap::ConnectionParams_t*)
 .text._ZN8nRF5xGap28setPreferredConnectionParamsEPKN3Gap18ConnectionParams_tE
                0x0001fe82       0x16 build/library/nRF51822/TARGET_MCU_NRF51822/source/nRF5xGap.o
                0x0001fe82                nRF5xGap::setPreferredConnectionParams(Gap::ConnectionParams_t const*)
 .text._ZN8nRF5xGap22updateConnectionParamsEtPKN3Gap18ConnectionParams_tE
                0x0001fe98       0x14 build/library/nRF51822/TARGET_MCU_NRF51822/source/nRF5xGap.o
                0x0001fe98                nRF5xGap::updateConnectionParams(unsigned short, Gap::ConnectionParams_t const*)
 .text._ZN8nRF5xGap13getDeviceNameEPhPj
                0x0001feac       0x14 build/library/nRF51822/TARGET_MCU_NRF51822/source/nRF5xGap.o
                0x0001feac                nRF5xGap::getDeviceName(unsigned char*, unsigned int*)
 .text._ZN8nRF5xGap13setAppearanceEN18GapAdvertisingData12Appearance_tE
                0x0001fec0       0x12 build/library/nRF51822/TARGET_MCU_NRF51822/source/nRF5xGap.o
                0x0001fec0                nRF5xGap::setAppearance(GapAdvertisingData::Appearance_t)
 .text._ZN8nRF5xGap13getAppearanceEPN18GapAdvertisingData12Appearance_tE
                0x0001fed2       0x12 build/library/nRF51822/TARGET_MCU_NRF51822/source/nRF5xGap.o
                0x0001fed2                nRF5xGap::getAppearance(GapAdvertisingData::Appearance_t*)
 .text._ZN8nRF5xGap10setTxPowerEa
                0x0001fee4       0x1a build/library/nRF51822/TARGET_MCU_NRF51822/source/nRF5xGap.o
                0x0001fee4                nRF5xGap::setTxPower(signed char)
 *fill*         0x0001fefe        0x2 
 .text._ZN8nRF5xGap25getPermittedTxPowerValuesEPPKaPj
                0x0001ff00       0x10 build/library/nRF51822/TARGET_MCU_NRF51822/source/nRF5xGap.o
                0x0001ff00                nRF5xGap::getPermittedTxPowerValues(signed char const**, unsigned int*)
 .text._ZNK8nRF5xGap19getMaxWhitelistSizeEv
                0x0001ff10        0x4 build/library/nRF51822/TARGET_MCU_NRF51822/source/nRF5xGap.o
                0x0001ff10                nRF5xGap::getMaxWhitelistSize() const
 .text._ZN8nRF5xGap24setAdvertisingPolicyModeEN3Gap23AdvertisingPolicyMode_tE
                0x0001ff14        0x8 build/library/nRF51822/TARGET_MCU_NRF51822/source/nRF5xGap.o
                0x0001ff14                nRF5xGap::setAdvertisingPolicyMode(Gap::AdvertisingPolicyMode_t)
 .text._ZN8nRF5xGap21setScanningPolicyModeEN3Gap20ScanningPolicyMode_tE
                0x0001ff1c        0x8 build/library/nRF51822/TARGET_MCU_NRF51822/source/nRF5xGap.o
                0x0001ff1c                nRF5xGap::setScanningPolicyMode(Gap::ScanningPolicyMode_t)
 .text._ZN8nRF5xGap22setInitiatorPolicyModeEN3Gap21InitiatorPolicyMode_tE
                0x0001ff24        0x4 build/library/nRF51822/TARGET_MCU_NRF51822/source/nRF5xGap.o
                0x0001ff24                nRF5xGap::setInitiatorPolicyMode(Gap::InitiatorPolicyMode_t)
 .text._ZNK8nRF5xGap24getAdvertisingPolicyModeEv
                0x0001ff28        0x6 build/library/nRF51822/TARGET_MCU_NRF51822/source/nRF5xGap.o
                0x0001ff28                nRF5xGap::getAdvertisingPolicyMode() const
 .text._ZNK8nRF5xGap21getScanningPolicyModeEv
                0x0001ff2e        0x6 build/library/nRF51822/TARGET_MCU_NRF51822/source/nRF5xGap.o
                0x0001ff2e                nRF5xGap::getScanningPolicyMode() const
 .text._ZNK8nRF5xGap22getInitiatorPolicyModeEv
                0x0001ff34        0x4 build/library/nRF51822/TARGET_MCU_NRF51822/source/nRF5xGap.o
                0x0001ff34                nRF5xGap::getInitiatorPolicyMode() const
 .text._ZN26FunctionPointerWithContextIPKN3Gap29AdvertisementCallbackParams_tEE14functioncallerEPKS4_S3_
                0x0001ff38        0xe build/library/nRF51822/TARGET_MCU_NRF51822/source/nRF5xGap.o
                0x0001ff38                FunctionPointerWithContext<Gap::AdvertisementCallbackParams_t const*>::functioncaller(FunctionPointerWithContext<Gap::AdvertisementCallbackParams_t const*> const*, Gap::AdvertisementCallbackParams_t const*)
 .text._ZN26FunctionPointerWithContextIbE14functioncallerEPKS0_b
                0x0001ff46        0xe build/library/nRF51822/TARGET_MCU_NRF51822/source/nRF5xGap.o
                0x0001ff46                FunctionPointerWithContext<bool>::functioncaller(FunctionPointerWithContext<bool> const*, bool)
 .text._ZN8nRF5xGap29postRadioNotificationCallbackEv
                0x0001ff54       0x12 build/library/nRF51822/TARGET_MCU_NRF51822/source/nRF5xGap.o
                0x0001ff54                nRF5xGap::postRadioNotificationCallback()
 .text._ZN4mbed8CallbackIFvvEE13function_moveINS2_14method_contextI8nRF5xGapMS5_FvvEEEEEvPvPKv
                0x0001ff66        0xc build/library/nRF51822/TARGET_MCU_NRF51822/source/nRF5xGap.o
                0x0001ff66                void mbed::Callback<void ()>::function_move<mbed::Callback<void ()>::method_context<nRF5xGap, void (nRF5xGap::*)()> >(void*, void const*)
 .text._ZN4mbed8CallbackIFvvEE13function_dtorINS2_14method_contextI8nRF5xGapMS5_FvvEEEEEvPv
                0x0001ff72        0x2 build/library/nRF51822/TARGET_MCU_NRF51822/source/nRF5xGap.o
                0x0001ff72                void mbed::Callback<void ()>::function_dtor<mbed::Callback<void ()>::method_context<nRF5xGap, void (nRF5xGap::*)()> >(void*)
 .text._ZN4mbed8CallbackIFvvEE13function_callINS2_14method_contextI8nRF5xGapMS5_FvvEEEEEvPKv
                0x0001ff74       0x18 build/library/nRF51822/TARGET_MCU_NRF51822/source/nRF5xGap.o
                0x0001ff74                void mbed::Callback<void ()>::function_call<mbed::Callback<void ()>::method_context<nRF5xGap, void (nRF5xGap::*)()> >(void const*)
 .text._ZN8nRF5xGap10setAddressEN11BLEProtocol11AddressType4TypeEPKh
                0x0001ff8c       0x34 build/library/nRF51822/TARGET_MCU_NRF51822/source/nRF5xGap.o
                0x0001ff8c                nRF5xGap::setAddress(BLEProtocol::AddressType::Type, unsigned char const*)
 .text._ZN8nRF5xGap10getAddressEPN11BLEProtocol11AddressType4TypeEPh
                0x0001ffc0       0x32 build/library/nRF51822/TARGET_MCU_NRF51822/source/nRF5xGap.o
                0x0001ffc0                nRF5xGap::getAddress(BLEProtocol::AddressType::Type*, unsigned char*)
 .text._ZNK8nRF5xGap12getWhitelistERN3Gap11Whitelist_tE
                0x0001fff2       0x3a build/library/nRF51822/TARGET_MCU_NRF51822/source/nRF5xGap.o
                0x0001fff2                nRF5xGap::getWhitelist(Gap::Whitelist_t&) const
 .text._ZN8nRF5xGap13setDeviceNameEPKh
                0x0002002c       0x24 build/library/nRF51822/TARGET_MCU_NRF51822/source/nRF5xGap.o
                0x0002002c                nRF5xGap::setDeviceName(unsigned char const*)
 .text._ZN8nRF5xGap21initRadioNotificationEv
                0x00020050       0x1c build/library/nRF51822/TARGET_MCU_NRF51822/source/nRF5xGap.o
                0x00020050                nRF5xGap::initRadioNotification()
 .text._ZN8nRF5xGap12setWhitelistERKN3Gap11Whitelist_tE
                0x0002006c       0x6c build/library/nRF51822/TARGET_MCU_NRF51822/source/nRF5xGap.o
                0x0002006c                nRF5xGap::setWhitelist(Gap::Whitelist_t const&)
 .text._ZN8nRF5xGap18setAdvertisingDataERK18GapAdvertisingDataS2_
                0x000200d8       0x2c build/library/nRF51822/TARGET_MCU_NRF51822/source/nRF5xGap.o
                0x000200d8                nRF5xGap::setAdvertisingData(GapAdvertisingData const&, GapAdvertisingData const&)
 .text._ZN3Gap5resetEv
                0x00020104       0xf4 build/library/nRF51822/TARGET_MCU_NRF51822/source/nRF5xGap.o
                0x00020104                Gap::reset()
 .text._ZN8nRF5xGap5resetEv
                0x000201f8       0x28 build/library/nRF51822/TARGET_MCU_NRF51822/source/nRF5xGap.o
                0x000201f8                nRF5xGap::reset()
 .text._ZN8nRF5xGap19setConnectionHandleEt
                0x00020220        0x6 build/library/nRF51822/TARGET_MCU_NRF51822/source/nRF5xGap.o
                0x00020220                nRF5xGap::setConnectionHandle(unsigned short)
 .text._ZN8nRF5xGap19getConnectionHandleEv
                0x00020226        0x6 build/library/nRF51822/TARGET_MCU_NRF51822/source/nRF5xGap.o
                0x00020226                nRF5xGap::getConnectionHandle()
 .text._ZN8nRF5xGap22generateStackWhitelistER19ble_gap_whitelist_t
                0x0002022c       0xe0 build/library/nRF51822/TARGET_MCU_NRF51822/source/nRF5xGap.o
                0x0002022c                nRF5xGap::generateStackWhitelist(ble_gap_whitelist_t&)
 .text._ZN8nRF5xGap16startAdvertisingERK20GapAdvertisingParams
                0x0002030c       0xa0 build/library/nRF51822/TARGET_MCU_NRF51822/source/nRF5xGap.o
                0x0002030c                nRF5xGap::startAdvertising(GapAdvertisingParams const&)
 .text._ZN8nRF5xGap14startRadioScanERK17GapScanningParams
                0x000203ac       0x6c build/library/nRF51822/TARGET_MCU_NRF51822/source/nRF5xGap.o
                0x000203ac                nRF5xGap::startRadioScan(GapScanningParams const&)
 .text._ZN8nRF5xGap7connectEPKhN11BLEProtocol11AddressType4TypeEPKN3Gap18ConnectionParams_tEPK17GapScanningParams
                0x00020418       0xec build/library/nRF51822/TARGET_MCU_NRF51822/source/nRF5xGap.o
                0x00020418                nRF5xGap::connect(unsigned char const*, BLEProtocol::AddressType::Type, Gap::ConnectionParams_t const*, GapScanningParams const*)
 .text._Z31radioNotificationStaticCallbackb
                0x00020504       0x68 build/library/nRF51822/TARGET_MCU_NRF51822/source/nRF5xGap.o
                0x00020504                radioNotificationStaticCallback(bool)
 .text._ZN10GattClient16discoverServicesEt26FunctionPointerWithContextIPK17DiscoveredServiceEtt
                0x0002056c        0x4 build/library/nRF51822/TARGET_MCU_NRF51822/source/nRF5xGattClient.o
                0x0002056c                GattClient::discoverServices(unsigned short, FunctionPointerWithContext<DiscoveredService const*>, unsigned short, unsigned short)
 .text._ZNK10GattClient41isCharacteristicDescriptorDiscoveryActiveERK24DiscoveredCharacteristic
                0x00020570        0x4 build/library/nRF51822/TARGET_MCU_NRF51822/source/nRF5xGattClient.o
                0x00020570                GattClient::isCharacteristicDescriptorDiscoveryActive(DiscoveredCharacteristic const&) const
 .text._ZN10GattClient42terminateCharacteristicDescriptorDiscoveryERK24DiscoveredCharacteristic
                0x00020574        0x2 build/library/nRF51822/TARGET_MCU_NRF51822/source/nRF5xGattClient.o
                0x00020574                GattClient::terminateCharacteristicDescriptorDiscovery(DiscoveredCharacteristic const&)
 .text._ZL38sd_ble_gattc_primary_services_discoverttPK10ble_uuid_t
                0x00020576        0x4 build/library/nRF51822/TARGET_MCU_NRF51822/source/nRF5xGattClient.o
 .text._ZL17sd_ble_gattc_readttt
                0x0002057a        0x4 build/library/nRF51822/TARGET_MCU_NRF51822/source/nRF5xGattClient.o
 .text._ZL18sd_ble_gattc_writetPK24ble_gattc_write_params_t
                0x0002057e        0x4 build/library/nRF51822/TARGET_MCU_NRF51822/source/nRF5xGattClient.o
 .text._ZNK15nRF5xGattClient24isServiceDiscoveryActiveEv
                0x00020582        0xc build/library/nRF51822/TARGET_MCU_NRF51822/source/nRF5xGattClient.o
                0x00020582                nRF5xGattClient::isServiceDiscoveryActive() const
 .text._ZNK15nRF5xGattClient4readEttt
                0x0002058e       0x1e build/library/nRF51822/TARGET_MCU_NRF51822/source/nRF5xGattClient.o
                0x0002058e                nRF5xGattClient::read(unsigned short, unsigned short, unsigned short) const
 .text._ZNK15nRF5xGattClient5writeEN10GattClient9WriteOp_tEttjPKh
                0x000205ac       0x40 build/library/nRF51822/TARGET_MCU_NRF51822/source/nRF5xGattClient.o
                0x000205ac                nRF5xGattClient::write(GattClient::WriteOp_t, unsigned short, unsigned short, unsigned int, unsigned char const*) const
 .text._ZN26FunctionPointerWithContextIPK17DiscoveredServiceE14functioncallerEPKS3_S2_
                0x000205ec        0xe build/library/nRF51822/TARGET_MCU_NRF51822/source/nRF5xGattClient.o
                0x000205ec                FunctionPointerWithContext<DiscoveredService const*>::functioncaller(FunctionPointerWithContext<DiscoveredService const*> const*, DiscoveredService const*)
 .text._ZN26FunctionPointerWithContextIPK24DiscoveredCharacteristicE14functioncallerEPKS3_S2_
                0x000205fa        0xe build/library/nRF51822/TARGET_MCU_NRF51822/source/nRF5xGattClient.o
                0x000205fa                FunctionPointerWithContext<DiscoveredCharacteristic const*>::functioncaller(FunctionPointerWithContext<DiscoveredCharacteristic const*> const*, DiscoveredCharacteristic const*)
 .text._ZN26FunctionPointerWithContextItE14functioncallerEPKS0_t
                0x00020608        0xe build/library/nRF51822/TARGET_MCU_NRF51822/source/nRF5xGattClient.o
                0x00020608                FunctionPointerWithContext<unsigned short>::functioncaller(FunctionPointerWithContext<unsigned short> const*, unsigned short)
 .text._ZN15nRF5xGattClient33discoverCharacteristicDescriptorsERK24DiscoveredCharacteristicRK26FunctionPointerWithContextIPKN33CharacteristicDescriptorDiscovery25DiscoveryCallbackParams_tEERKS3_IPKNS4_27TerminationCallbackParams_tEE
                0x00020616        0xc build/library/nRF51822/TARGET_MCU_NRF51822/source/nRF5xGattClient.o
                0x00020616                nRF5xGattClient::discoverCharacteristicDescriptors(DiscoveredCharacteristic const&, FunctionPointerWithContext<CharacteristicDescriptorDiscovery::DiscoveryCallbackParams_t const*> const&, FunctionPointerWithContext<CharacteristicDescriptorDiscovery::TerminationCallbackParams_t const*> const&)
 .text._ZNK15nRF5xGattClient42isCharacteristicDescriptorsDiscoveryActiveERK24DiscoveredCharacteristic
                0x00020622        0xc build/library/nRF51822/TARGET_MCU_NRF51822/source/nRF5xGattClient.o
                0x00020622                nRF5xGattClient::isCharacteristicDescriptorsDiscoveryActive(DiscoveredCharacteristic const&) const
 .text._ZN15nRF5xGattClient43terminateCharacteristicDescriptorsDiscoveryERK24DiscoveredCharacteristic
                0x0002062e        0xc build/library/nRF51822/TARGET_MCU_NRF51822/source/nRF5xGattClient.o
                0x0002062e                nRF5xGattClient::terminateCharacteristicDescriptorsDiscovery(DiscoveredCharacteristic const&)
 .text._ZN15nRF5xGattClient29onServiceDiscoveryTerminationE26FunctionPointerWithContextItE
                0x0002063a       0x28 build/library/nRF51822/TARGET_MCU_NRF51822/source/nRF5xGattClient.o
                0x0002063a                nRF5xGattClient::onServiceDiscoveryTermination(FunctionPointerWithContext<unsigned short>)
 *fill*         0x00020662        0x2 
 .text._ZN10GattClient16discoverServicesEt26FunctionPointerWithContextIPK17DiscoveredServiceERK4UUID
                0x00020664       0x58 build/library/nRF51822/TARGET_MCU_NRF51822/source/nRF5xGattClient.o
                0x00020664                GattClient::discoverServices(unsigned short, FunctionPointerWithContext<DiscoveredService const*>, UUID const&)
 .text._ZN16ServiceDiscovery5resetEv
                0x000206bc       0x78 build/library/nRF51822/TARGET_MCU_NRF51822/source/nRF5xGattClient.o
                0x000206bc                ServiceDiscovery::reset()
 .text._ZN10GattClient5resetEv
                0x00020734       0x68 build/library/nRF51822/TARGET_MCU_NRF51822/source/nRF5xGattClient.o
                0x00020734                GattClient::reset()
 .text._ZN15nRF5xGattClient5resetEv
                0x0002079c       0x7c build/library/nRF51822/TARGET_MCU_NRF51822/source/nRF5xGattClient.o
                0x0002079c                nRF5xGattClient::reset()
 .text._ZN21nRF5xServiceDiscovery25terminateServiceDiscoveryEv
                0x00020818       0x6c build/library/nRF51822/TARGET_MCU_NRF51822/source/nRF5xGattClient.o
                0x00020818                nRF5xServiceDiscovery::terminateServiceDiscovery()
 .text._ZN15nRF5xGattClient25terminateServiceDiscoveryEv
                0x00020884        0xa build/library/nRF51822/TARGET_MCU_NRF51822/source/nRF5xGattClient.o
                0x00020884                nRF5xGattClient::terminateServiceDiscovery()
 *fill*         0x0002088e        0x2 
 .text._ZN15nRF5xGattClient22launchServiceDiscoveryEt26FunctionPointerWithContextIPK17DiscoveredServiceES0_IPK24DiscoveredCharacteristicERK4UUIDSB_
                0x00020890       0xc0 build/library/nRF51822/TARGET_MCU_NRF51822/source/nRF5xGattClient.o
                0x00020890                nRF5xGattClient::launchServiceDiscovery(unsigned short, FunctionPointerWithContext<DiscoveredService const*>, FunctionPointerWithContext<DiscoveredCharacteristic const*>, UUID const&, UUID const&)
 .text._ZL24sd_ble_gatts_service_addhPK10ble_uuid_tPt
                0x00020950        0x4 build/library/nRF51822/TARGET_MCU_NRF51822/source/nRF5xGattServer.o
 .text._ZL22sd_ble_gatts_value_setttP17ble_gatts_value_t
                0x00020954        0x4 build/library/nRF51822/TARGET_MCU_NRF51822/source/nRF5xGattServer.o
 .text._ZL22sd_ble_gatts_value_getttP17ble_gatts_value_t
                0x00020958        0x4 build/library/nRF51822/TARGET_MCU_NRF51822/source/nRF5xGattServer.o
 .text._ZL16sd_ble_gatts_hvxtPK22ble_gatts_hvx_params_t
                0x0002095c        0x4 build/library/nRF51822/TARGET_MCU_NRF51822/source/nRF5xGattServer.o
 .text._ZL31sd_ble_gatts_rw_authorize_replytPK37ble_gatts_rw_authorize_reply_params_t
                0x00020960        0x4 build/library/nRF51822/TARGET_MCU_NRF51822/source/nRF5xGattServer.o
 .text._ZL25sd_ble_gatts_sys_attr_settPKhtm
                0x00020964        0x4 build/library/nRF51822/TARGET_MCU_NRF51822/source/nRF5xGattServer.o
 .text._ZNK10GattServer21isOnDataReadAvailableEv
                0x00020968        0x4 build/library/nRF51822/TARGET_MCU_NRF51822/source/nRF5xGattServer.o
                0x00020968                GattServer::isOnDataReadAvailable() const
 .text._ZN15nRF5xGattServer4readEtPhPt
                0x0002096c       0x18 build/library/nRF51822/TARGET_MCU_NRF51822/source/nRF5xGattServer.o
                0x0002096c                nRF5xGattServer::read(unsigned short, unsigned char*, unsigned short*)
 .text._ZN15nRF5xGattServer4readEttPhPt
                0x00020984       0x36 build/library/nRF51822/TARGET_MCU_NRF51822/source/nRF5xGattServer.o
                0x00020984                nRF5xGattServer::read(unsigned short, unsigned short, unsigned char*, unsigned short*)
 *fill*         0x000209ba        0x2 
 .text._ZN15nRF5xGattServer5writeEtPKhtb
                0x000209bc       0x1c build/library/nRF51822/TARGET_MCU_NRF51822/source/nRF5xGattServer.o
                0x000209bc                nRF5xGattServer::write(unsigned short, unsigned char const*, unsigned short, bool)
 .text._ZN15nRF5xGattServer17areUpdatesEnabledERK18GattCharacteristicPb
                0x000209d8       0x28 build/library/nRF51822/TARGET_MCU_NRF51822/source/nRF5xGattServer.o
                0x000209d8                nRF5xGattServer::areUpdatesEnabled(GattCharacteristic const&, bool*)
 .text._ZN15nRF5xGattServer17areUpdatesEnabledEtRK18GattCharacteristicPb
                0x00020a00       0x62 build/library/nRF51822/TARGET_MCU_NRF51822/source/nRF5xGattServer.o
                0x00020a00                nRF5xGattServer::areUpdatesEnabled(unsigned short, GattCharacteristic const&, bool*)
 *fill*         0x00020a62        0x2 
 .text._ZN15nRF5xGattServer5writeEttPKhtb
                0x00020a64      0x13c build/library/nRF51822/TARGET_MCU_NRF51822/source/nRF5xGattServer.o
                0x00020a64                nRF5xGattServer::write(unsigned short, unsigned short, unsigned char const*, unsigned short, bool)
 .text._ZN15nRF5xGattServer10addServiceER11GattService
                0x00020ba0      0x1d4 build/library/nRF51822/TARGET_MCU_NRF51822/source/nRF5xGattServer.o
                0x00020ba0                nRF5xGattServer::addService(GattService&)
 .text._ZN26FunctionPointerWithContextItEC2EPFvtE
                0x00020d74       0x20 build/library/nRF51822/TARGET_MCU_NRF51822/source/nRF5xGattServer.o
                0x00020d74                FunctionPointerWithContext<unsigned short>::FunctionPointerWithContext(void (*)(unsigned short))
                0x00020d74                FunctionPointerWithContext<unsigned short>::FunctionPointerWithContext(void (*)(unsigned short))
 .text._ZN10GattServer5resetEv
                0x00020d94       0xbe build/library/nRF51822/TARGET_MCU_NRF51822/source/nRF5xGattServer.o
                0x00020d94                GattServer::reset()
 .text._ZN15nRF5xGattServer5resetEv
                0x00020e52       0x4e build/library/nRF51822/TARGET_MCU_NRF51822/source/nRF5xGattServer.o
                0x00020e52                nRF5xGattServer::reset()
 .text._ZNK38CallChainOfFunctionPointersWithContextIPK23GattWriteCallbackParamsE4callES2_
                0x00020ea0       0x22 build/library/nRF51822/TARGET_MCU_NRF51822/source/nRF5xGattServer.o
                0x00020ea0                CallChainOfFunctionPointersWithContext<GattWriteCallbackParams const*>::call(GattWriteCallbackParams const*) const
 .text._ZNK26FunctionPointerWithContextItE4callEt
                0x00020ec2        0x8 build/library/nRF51822/TARGET_MCU_NRF51822/source/nRF5xGattServer.o
                0x00020ec2                FunctionPointerWithContext<unsigned short>::call(unsigned short) const
 *fill*         0x00020eca        0x2 
 .text._ZN10GattServer11handleEventEN16GattServerEvents11gattEvent_eEt
                0x00020ecc       0x40 build/library/nRF51822/TARGET_MCU_NRF51822/source/nRF5xGattServer.o
                0x00020ecc                GattServer::handleEvent(GattServerEvents::gattEvent_e, unsigned short)
 .text._ZN15nRF5xGattServer10hwCallbackEP9ble_evt_t
                0x00020f0c      0x21c build/library/nRF51822/TARGET_MCU_NRF51822/source/nRF5xGattServer.o
                0x00020f0c                nRF5xGattServer::hwCallback(ble_evt_t*)
 .text._ZL38sd_ble_gattc_primary_services_discoverttPK10ble_uuid_t
                0x00021128        0x4 build/library/nRF51822/TARGET_MCU_NRF51822/source/nRF5xServiceDiscovery.o
 .text._ZL37sd_ble_gattc_characteristics_discovertPK24ble_gattc_handle_range_t
                0x0002112c        0x4 build/library/nRF51822/TARGET_MCU_NRF51822/source/nRF5xServiceDiscovery.o
 .text._ZL36sd_ble_gattc_char_value_by_uuid_readtPK10ble_uuid_tPK24ble_gattc_handle_range_t
                0x00021130        0x4 build/library/nRF51822/TARGET_MCU_NRF51822/source/nRF5xServiceDiscovery.o
 .text._ZN24DiscoveredCharacteristicC2Ev
                0x00021134       0x1c build/library/nRF51822/TARGET_MCU_NRF51822/source/nRF5xServiceDiscovery.o
                0x00021134                DiscoveredCharacteristic::DiscoveredCharacteristic()
                0x00021134                DiscoveredCharacteristic::DiscoveredCharacteristic()
 .text._ZN21nRF5xServiceDiscovery25ServiceUUIDDiscoveryQueue7dequeueEv
                0x00021150       0x26 build/library/nRF51822/TARGET_MCU_NRF51822/source/nRF5xServiceDiscovery.o
                0x00021150                nRF5xServiceDiscovery::ServiceUUIDDiscoveryQueue::dequeue()
 .text._ZN21nRF5xServiceDiscovery22CharUUIDDiscoveryQueue7dequeueEv
                0x00021176       0x26 build/library/nRF51822/TARGET_MCU_NRF51822/source/nRF5xServiceDiscovery.o
                0x00021176                nRF5xServiceDiscovery::CharUUIDDiscoveryQueue::dequeue()
 .text._ZN21nRF5xServiceDiscovery25ServiceUUIDDiscoveryQueue12triggerFirstEv
                0x0002119c       0x5c build/library/nRF51822/TARGET_MCU_NRF51822/source/nRF5xServiceDiscovery.o
                0x0002119c                nRF5xServiceDiscovery::ServiceUUIDDiscoveryQueue::triggerFirst()
 .text._ZN21nRF5xServiceDiscovery23setupDiscoveredServicesEPK34ble_gattc_evt_prim_srvc_disc_rsp_t
                0x000211f8       0xba build/library/nRF51822/TARGET_MCU_NRF51822/source/nRF5xServiceDiscovery.o
                0x000211f8                nRF5xServiceDiscovery::setupDiscoveredServices(ble_gattc_evt_prim_srvc_disc_rsp_t const*)
 *fill*         0x000212b2        0x2 
 .text._ZN21nRF5xServiceDiscovery22CharUUIDDiscoveryQueue12triggerFirstEv
                0x000212b4       0x5c build/library/nRF51822/TARGET_MCU_NRF51822/source/nRF5xServiceDiscovery.o
                0x000212b4                nRF5xServiceDiscovery::CharUUIDDiscoveryQueue::triggerFirst()
 .text._ZN21nRF5xServiceDiscovery30setupDiscoveredCharacteristicsEPK29ble_gattc_evt_char_disc_rsp_t
                0x00021310       0xba build/library/nRF51822/TARGET_MCU_NRF51822/source/nRF5xServiceDiscovery.o
                0x00021310                nRF5xServiceDiscovery::setupDiscoveredCharacteristics(ble_gattc_evt_char_disc_rsp_t const*)
 *fill*         0x000213ca        0x2 
 .text._ZN21nRF5xServiceDiscovery27processDiscoverUUIDResponseEPK41ble_gattc_evt_char_val_by_uuid_read_rsp_t
                0x000213cc       0xd4 build/library/nRF51822/TARGET_MCU_NRF51822/source/nRF5xServiceDiscovery.o
                0x000213cc                nRF5xServiceDiscovery::processDiscoverUUIDResponse(ble_gattc_evt_char_val_by_uuid_read_rsp_t const*)
 .text._ZNK8SafeBoolI26FunctionPointerWithContextIPK24DiscoveredCharacteristicEEcvMN9SafeBool_4baseEKFvvEEv
                0x000214a0       0x18 build/library/nRF51822/TARGET_MCU_NRF51822/source/nRF5xServiceDiscovery.o
                0x000214a0                SafeBool<FunctionPointerWithContext<DiscoveredCharacteristic const*> >::operator void (SafeBool_::base::*)() const() const
 .text._ZNK26FunctionPointerWithContextIPK24DiscoveredCharacteristicE4callES2_
                0x000214b8        0x8 build/library/nRF51822/TARGET_MCU_NRF51822/source/nRF5xServiceDiscovery.o
                0x000214b8                FunctionPointerWithContext<DiscoveredCharacteristic const*>::call(DiscoveredCharacteristic const*) const
 .text._ZN21nRF5xServiceDiscovery29launchCharacteristicDiscoveryEttt
                0x000214c0       0x50 build/library/nRF51822/TARGET_MCU_NRF51822/source/nRF5xServiceDiscovery.o
                0x000214c0                nRF5xServiceDiscovery::launchCharacteristicDiscovery(unsigned short, unsigned short, unsigned short)
 .text._ZN21nRF5xServiceDiscovery24progressServiceDiscoveryEv
                0x00021510      0x100 build/library/nRF51822/TARGET_MCU_NRF51822/source/nRF5xServiceDiscovery.o
                0x00021510                nRF5xServiceDiscovery::progressServiceDiscovery()
 .text._ZN21nRF5xServiceDiscovery31progressCharacteristicDiscoveryEv
                0x00021610      0x1bc build/library/nRF51822/TARGET_MCU_NRF51822/source/nRF5xServiceDiscovery.o
                0x00021610                nRF5xServiceDiscovery::progressCharacteristicDiscovery()
 .text._ZN3Gap10setAddressEN11BLEProtocol11AddressType4TypeEPKh
                0x000217cc        0x4 build/library/nRF51822/TARGET_MCU_NRF51822/source/nRF5xn.o
                0x000217cc                Gap::setAddress(BLEProtocol::AddressType::Type, unsigned char const*)
 .text._ZN3Gap10getAddressEPN11BLEProtocol11AddressType4TypeEPh
                0x000217d0        0x4 build/library/nRF51822/TARGET_MCU_NRF51822/source/nRF5xn.o
                0x000217d0                Gap::getAddress(BLEProtocol::AddressType::Type*, unsigned char*)
 .text._ZNK3Gap25getMinAdvertisingIntervalEv
                0x000217d4        0x4 build/library/nRF51822/TARGET_MCU_NRF51822/source/nRF5xn.o
                0x000217d4                Gap::getMinAdvertisingInterval() const
 .text._ZNK3Gap39getMinNonConnectableAdvertisingIntervalEv